app/(pages)/(dashboard)/inventory/page.tsx(28,58): error TS2345: Argument of type '{ inventory: never[]; lowStockItems: never[]; selectedItemId: null; selectedItem: null; isDetailsOpen: false; isEditOpen: false; filters: {}; loading: true; error: null; }' is not assignable to parameter of type 'InventoryPageState | (() => InventoryPageState)'.
  Property 'recentMovements' is missing in type '{ inventory: never[]; lowStockItems: never[]; selectedItemId: null; selectedItem: null; isDetailsOpen: false; isEditOpen: false; filters: {}; loading: true; error: null; }' but required in type 'InventoryPageState'.
app/(pages)/(dashboard)/reports/page.tsx(123,24): error TS2322: Type 'FleetVehicleStats[] | undefined' is not assignable to type 'FleetVehicleStats[]'.
  Type 'undefined' is not assignable to type 'FleetVehicleStats[]'.
app/(pages)/(dashboard)/reports/page.tsx(126,28): error TS2322: Type 'InventoryCategoryStats | undefined' is not assignable to type 'InventoryCategoryStats'.
  Type 'undefined' is not assignable to type 'InventoryCategoryStats'.
app/(pages)/(dashboard)/vehicle/page.tsx(254,11): error TS2322: Type '{ open: true; onClose: () => void; vehicleData: any; onEditSuccess: () => void; onDeleteSuccess: () => void; }' is not assignable to type 'IntrinsicAttributes & VehicleDialogParams'.
  Property 'onEditSuccess' does not exist on type 'IntrinsicAttributes & VehicleDialogParams'.
app/components/dashboard/overview/overViewMapCard.tsx(21,24): error TS2322: Type '{ position: { lat: number; lng: number; }; label: string; }[]' is not assignable to type 'never[]'.
  Type '{ position: { lat: number; lng: number; }; label: string; }' is not assignable to type 'never'.
app/components/dashboard/routes/routesMainMap.tsx(40,24): error TS2322: Type '{ position: { lat: number; lng: number; }; label: string; }[]' is not assignable to type 'never[]'.
  Type '{ position: { lat: number; lng: number; }; label: string; }' is not assignable to type 'never'.
app/components/dialogs/routes/addRouteDialog/secondStep.tsx(84,20): error TS2741: Property 'onChange' is missing in type '{ onAddressSelect: ({ lat, lng, formattedAddress, }: { lat: number; lng: number; formattedAddress: string; }) => void; }' but required in type '{ onAddressSelect: any; value?: string | undefined; onChange: any; placeholder?: string | undefined; name?: string | undefined; disabled?: boolean | undefined; }'.
app/components/dialogs/routes/addRouteDialog/secondStep.tsx(121,20): error TS2741: Property 'onChange' is missing in type '{ onAddressSelect: ({ lat, lng, formattedAddress, }: { lat: number; lng: number; formattedAddress: string; }) => void; }' but required in type '{ onAddressSelect: any; value?: string | undefined; onChange: any; placeholder?: string | undefined; name?: string | undefined; disabled?: boolean | undefined; }'.
app/components/dialogs/shipment/addShipmentDialog/sections/LogisticsSection.tsx(141,42): error TS2339: Property 'address' does not exist on type 'CustomerWithRelations'.
app/components/dialogs/shipment/addShipmentDialog/sections/LogisticsSection.tsx(143,42): error TS2339: Property 'lat' does not exist on type 'CustomerWithRelations'.
app/components/dialogs/shipment/addShipmentDialog/sections/LogisticsSection.tsx(145,42): error TS2339: Property 'lng' does not exist on type 'CustomerWithRelations'.
app/components/dialogs/vehicle/vehicleDetailsDialog/map.tsx(29,26): error TS2322: Type '{ position: { lat: number; lng: number; }; label: string; }[]' is not assignable to type 'never[]'.
  Type '{ position: { lat: number; lng: number; }; label: string; }' is not assignable to type 'never'.
app/lib/controllers/shipments.ts(53,66): error TS7006: Parameter 'l' implicitly has an 'any' type.
