app/components/dialogs/vehicle/addVehicleDialog/documentsStep.tsx(109,6): error TS17008: JSX element 'Box' has no corresponding closing tag.
app/components/dialogs/vehicle/addVehicleDialog/documentsStep.tsx(435,1): error TS1381: Unexpected token. Did you mean `{'}'}` or `&rbrace;`?
app/components/dialogs/vehicle/addVehicleDialog/documentsStep.tsx(438,1): error TS1005: '</' expected.
