
> logitrackv2@0.1.0 test
> dotenv -c -- tsx --experimental-test-module-mocks --test-force-exit --test app/**/*.test.ts app/**/*.test.tsx *.test.tsx

(node:19304) ExperimentalWarning: Module mocking is an experimental feature and might change at any time
(Use `node --trace-warnings ...` to show where the warning was created)
ÔûÂ AnalyticsContent Component
  ÔûÂ AnalyticsContent() Render Testleri
    Ô£ö should_RenderAnalyticsElements_Correctly_WhenDataIsLoaded (162.982ms)
  Ô£ö AnalyticsContent() Render Testleri (164.2851ms)
Ô£ö AnalyticsContent Component (10944.8103ms)
(node:11804) ExperimentalWarning: Module mocking is an experimental feature and might change at any time
(Use `node --trace-warnings ...` to show where the warning was created)
ÔûÂ AnalyticsPage Component
  ÔûÂ AnalyticsPage() Render Testleri
    Ô£û should_RenderAnalyticsContent_WithHydratedState (50.3291ms)
  Ô£û AnalyticsPage() Render Testleri (51.5122ms)
Ô£û AnalyticsPage Component (11598.3944ms)
