app/[lang]/(pages)/(dashboard)/analytics/page.test.tsx(37,35): error TS2349: This expression is not callable.
  Not all constituents of type 'ElementType<any, keyof IntrinsicElements>' are callable.
    Type '"symbol"' has no call signatures.
app/[lang]/(pages)/(dashboard)/company/components/CompanyContent.test.tsx(55,21): error TS2339: Property 'kpis' does not exist on type 'unknown'.
app/[lang]/(pages)/(dashboard)/company/components/CompanyContent.test.tsx(64,21): error TS2339: Property 'open' does not exist on type 'unknown'.
app/[lang]/(pages)/(dashboard)/company/components/CompanyContent.test.tsx(64,27): error TS2339: Property 'onClose' does not exist on type 'unknown'.
app/[lang]/(pages)/(dashboard)/company/components/CompanyContent.test.tsx(75,5): error TS2322: Type 'unknown' is not assignable to type 'PaletteColorOptions | undefined'.
app/[lang]/(pages)/(dashboard)/company/components/CompanyContent.test.tsx(76,5): error TS2322: Type 'unknown' is not assignable to type 'PaletteColorOptions | undefined'.
app/[lang]/(pages)/(dashboard)/company/components/CompanyContent.test.tsx(77,5): error TS2322: Type 'unknown' is not assignable to type 'PaletteColorOptions | undefined'.
app/[lang]/(pages)/(dashboard)/company/components/CompanyContent.test.tsx(78,5): error TS2322: Type 'unknown' is not assignable to type 'PaletteColorOptions | undefined'.
app/[lang]/(pages)/(dashboard)/company/components/CompanyContent.test.tsx(79,5): error TS2322: Type 'unknown' is not assignable to type 'PaletteColorOptions | undefined'.
app/[lang]/(pages)/(dashboard)/company/components/CompanyContent.test.tsx(80,5): error TS2322: Type 'unknown' is not assignable to type 'PaletteColorOptions | undefined'.
app/[lang]/(pages)/(dashboard)/company/components/CompanyContent.test.tsx(81,5): error TS2322: Type 'unknown' is not assignable to type '{ indigo?: string | undefined; indigo_alpha?: Record<string, string> | undefined; sky?: string | undefined; sky_alpha?: Record<string, string> | undefined; emerald?: string | undefined; ... 26 more ...; deepPurple_alpha?: Record<...> | undefined; } | undefined'.
app/[lang]/(pages)/(dashboard)/company/page.test.tsx(37,35): error TS2349: This expression is not callable.
  Not all constituents of type 'ElementType<any, keyof IntrinsicElements>' are callable.
    Type '"symbol"' has no call signatures.
app/[lang]/(pages)/(dashboard)/customers/components/CustomerContent.test.tsx(61,21): error TS2339: Property 'onEdit' does not exist on type 'unknown'.
app/[lang]/(pages)/(dashboard)/customers/components/CustomerContent.test.tsx(61,29): error TS2339: Property 'onDelete' does not exist on type 'unknown'.
app/[lang]/(pages)/(dashboard)/customers/components/CustomerContent.test.tsx(85,21): error TS2339: Property 'open' does not exist on type 'unknown'.
app/[lang]/(pages)/(dashboard)/customers/components/CustomerContent.test.tsx(85,27): error TS2339: Property 'onConfirm' does not exist on type 'unknown'.
app/[lang]/(pages)/(dashboard)/customers/components/CustomerContent.test.tsx(96,5): error TS2322: Type 'unknown' is not assignable to type 'PaletteColorOptions | undefined'.
app/[lang]/(pages)/(dashboard)/customers/page.test.tsx(37,35): error TS2349: This expression is not callable.
  Not all constituents of type 'ElementType<any, keyof IntrinsicElements>' are callable.
    Type '"symbol"' has no call signatures.
app/[lang]/(pages)/(dashboard)/drivers/components/DriverContent.test.tsx(66,21): error TS2339: Property 'onDelete' does not exist on type 'unknown'.
app/[lang]/(pages)/(dashboard)/drivers/components/DriverContent.test.tsx(86,21): error TS2339: Property 'open' does not exist on type 'unknown'.
app/[lang]/(pages)/(dashboard)/drivers/components/DriverContent.test.tsx(86,27): error TS2339: Property 'onConfirm' does not exist on type 'unknown'.
app/[lang]/(pages)/(dashboard)/drivers/components/DriverContent.test.tsx(97,5): error TS2322: Type 'unknown' is not assignable to type 'PaletteColorOptions | undefined'.
app/[lang]/(pages)/(dashboard)/drivers/components/DriverContent.test.tsx(98,5): error TS2322: Type 'unknown' is not assignable to type 'PaletteColorOptions | undefined'.
app/[lang]/(pages)/(dashboard)/drivers/components/DriverContent.test.tsx(99,5): error TS2322: Type 'unknown' is not assignable to type 'PaletteColorOptions | undefined'.
app/[lang]/(pages)/(dashboard)/drivers/components/DriverContent.test.tsx(100,5): error TS2322: Type 'unknown' is not assignable to type 'PaletteColorOptions | undefined'.
app/[lang]/(pages)/(dashboard)/drivers/components/DriverContent.test.tsx(101,5): error TS2322: Type 'unknown' is not assignable to type 'PaletteColorOptions | undefined'.
app/[lang]/(pages)/(dashboard)/drivers/components/DriverContent.test.tsx(102,5): error TS2322: Type 'unknown' is not assignable to type '{ indigo?: string | undefined; indigo_alpha?: Record<string, string> | undefined; sky?: string | undefined; sky_alpha?: Record<string, string> | undefined; emerald?: string | undefined; ... 26 more ...; deepPurple_alpha?: Record<...> | undefined; } | undefined'.
app/[lang]/(pages)/(dashboard)/drivers/page.test.tsx(37,35): error TS2349: This expression is not callable.
  Not all constituents of type 'ElementType<any, keyof IntrinsicElements>' are callable.
    Type '"symbol"' has no call signatures.
app/[lang]/(pages)/(dashboard)/inventory/components/InventoryContent.test.tsx(84,21): error TS2339: Property 'onDelete' does not exist on type 'unknown'.
app/[lang]/(pages)/(dashboard)/inventory/components/InventoryContent.test.tsx(100,21): error TS2339: Property 'open' does not exist on type 'unknown'.
app/[lang]/(pages)/(dashboard)/inventory/components/InventoryContent.test.tsx(100,27): error TS2339: Property 'onConfirm' does not exist on type 'unknown'.
app/[lang]/(pages)/(dashboard)/inventory/components/InventoryContent.test.tsx(111,5): error TS2322: Type 'unknown' is not assignable to type 'PaletteColorOptions | undefined'.
app/[lang]/(pages)/(dashboard)/inventory/components/InventoryContent.test.tsx(112,5): error TS2322: Type 'unknown' is not assignable to type 'PaletteColorOptions | undefined'.
app/[lang]/(pages)/(dashboard)/inventory/components/InventoryContent.test.tsx(113,5): error TS2322: Type 'unknown' is not assignable to type 'PaletteColorOptions | undefined'.
app/[lang]/(pages)/(dashboard)/inventory/components/InventoryContent.test.tsx(114,5): error TS2322: Type 'unknown' is not assignable to type 'PaletteColorOptions | undefined'.
app/[lang]/(pages)/(dashboard)/inventory/page.test.tsx(37,35): error TS2349: This expression is not callable.
  Not all constituents of type 'ElementType<any, keyof IntrinsicElements>' are callable.
    Type '"symbol"' has no call signatures.
app/[lang]/(pages)/(dashboard)/layout.test.tsx(27,37): error TS2349: This expression is not callable.
  Not all constituents of type 'ElementType<any, keyof IntrinsicElements>' are callable.
    Type '"symbol"' has no call signatures.
app/[lang]/(pages)/(dashboard)/overview/components/OverviewContent.test.tsx(65,21): error TS2339: Property 'kpis' does not exist on type 'unknown'.
app/[lang]/(pages)/(dashboard)/overview/components/OverviewContent.test.tsx(99,5): error TS2322: Type 'unknown' is not assignable to type 'PaletteColorOptions | undefined'.
app/[lang]/(pages)/(dashboard)/overview/components/OverviewContent.test.tsx(100,5): error TS2322: Type 'unknown' is not assignable to type 'PaletteColorOptions | undefined'.
app/[lang]/(pages)/(dashboard)/overview/components/OverviewContent.test.tsx(101,5): error TS2322: Type 'unknown' is not assignable to type 'PaletteColorOptions | undefined'.
app/[lang]/(pages)/(dashboard)/overview/components/OverviewContent.test.tsx(102,5): error TS2322: Type 'unknown' is not assignable to type 'PaletteColorOptions | undefined'.
app/[lang]/(pages)/(dashboard)/overview/components/OverviewContent.test.tsx(103,5): error TS2322: Type 'unknown' is not assignable to type 'PaletteColorOptions | undefined'.
app/[lang]/(pages)/(dashboard)/overview/components/OverviewContent.test.tsx(104,5): error TS2322: Type 'unknown' is not assignable to type 'PaletteColorOptions | undefined'.
app/[lang]/(pages)/(dashboard)/overview/components/OverviewContent.test.tsx(105,5): error TS2322: Type 'unknown' is not assignable to type '{ indigo?: string | undefined; indigo_alpha?: Record<string, string> | undefined; sky?: string | undefined; sky_alpha?: Record<string, string> | undefined; emerald?: string | undefined; ... 26 more ...; deepPurple_alpha?: Record<...> | undefined; } | undefined'.
app/[lang]/(pages)/(dashboard)/overview/page.test.tsx(37,35): error TS2349: This expression is not callable.
  Not all constituents of type 'ElementType<any, keyof IntrinsicElements>' are callable.
    Type '"symbol"' has no call signatures.
app/[lang]/(pages)/(dashboard)/reports/page.test.tsx(35,35): error TS2349: This expression is not callable.
  Not all constituents of type 'ElementType<any, keyof IntrinsicElements>' are callable.
    Type '"symbol"' has no call signatures.
app/[lang]/(pages)/(dashboard)/routes/components/routesContent.test.tsx(68,21): error TS2339: Property 'onDelete' does not exist on type 'unknown'.
app/[lang]/(pages)/(dashboard)/routes/components/routesContent.test.tsx(79,21): error TS2339: Property 'open' does not exist on type 'unknown'.
app/[lang]/(pages)/(dashboard)/routes/components/routesContent.test.tsx(79,27): error TS2339: Property 'onConfirm' does not exist on type 'unknown'.
app/[lang]/(pages)/(dashboard)/routes/components/routesContent.test.tsx(93,5): error TS2322: Type 'unknown' is not assignable to type 'PaletteColorOptions | undefined'.
app/[lang]/(pages)/(dashboard)/routes/components/routesContent.test.tsx(94,5): error TS2322: Type 'unknown' is not assignable to type 'PaletteColorOptions | undefined'.
app/[lang]/(pages)/(dashboard)/routes/components/routesContent.test.tsx(95,5): error TS2322: Type 'unknown' is not assignable to type 'PaletteColorOptions | undefined'.
app/[lang]/(pages)/(dashboard)/routes/components/routesContent.test.tsx(96,5): error TS2322: Type 'unknown' is not assignable to type 'PaletteColorOptions | undefined'.
app/[lang]/(pages)/(dashboard)/routes/page.test.tsx(37,35): error TS2349: This expression is not callable.
  Not all constituents of type 'ElementType<any, keyof IntrinsicElements>' are callable.
    Type '"symbol"' has no call signatures.
app/[lang]/(pages)/(dashboard)/shipments/components/shipmentsContent.test.tsx(66,21): error TS2339: Property 'actions' does not exist on type 'unknown'.
app/[lang]/(pages)/(dashboard)/shipments/components/shipmentsContent.test.tsx(85,21): error TS2339: Property 'open' does not exist on type 'unknown'.
app/[lang]/(pages)/(dashboard)/shipments/components/shipmentsContent.test.tsx(85,27): error TS2339: Property 'onConfirm' does not exist on type 'unknown'.
app/[lang]/(pages)/(dashboard)/shipments/components/shipmentsContent.test.tsx(96,5): error TS2322: Type 'unknown' is not assignable to type 'PaletteColorOptions | undefined'.
app/[lang]/(pages)/(dashboard)/shipments/components/shipmentsContent.test.tsx(97,5): error TS2322: Type 'unknown' is not assignable to type 'PaletteColorOptions | undefined'.
app/[lang]/(pages)/(dashboard)/shipments/components/shipmentsContent.test.tsx(98,5): error TS2322: Type 'unknown' is not assignable to type 'PaletteColorOptions | undefined'.
app/[lang]/(pages)/(dashboard)/shipments/components/shipmentsContent.test.tsx(99,5): error TS2322: Type 'unknown' is not assignable to type 'PaletteColorOptions | undefined'.
app/[lang]/(pages)/(dashboard)/shipments/page.test.tsx(37,35): error TS2349: This expression is not callable.
  Not all constituents of type 'ElementType<any, keyof IntrinsicElements>' are callable.
    Type '"symbol"' has no call signatures.
app/[lang]/(pages)/(dashboard)/vehicle/components/VehicleContent.test.tsx(96,21): error TS2339: Property 'actions' does not exist on type 'unknown'.
app/[lang]/(pages)/(dashboard)/vehicle/components/VehicleContent.test.tsx(130,21): error TS2339: Property 'open' does not exist on type 'unknown'.
app/[lang]/(pages)/(dashboard)/vehicle/components/VehicleContent.test.tsx(130,27): error TS2339: Property 'onConfirm' does not exist on type 'unknown'.
app/[lang]/(pages)/(dashboard)/vehicle/components/VehicleContent.test.tsx(141,5): error TS2322: Type 'unknown' is not assignable to type 'PaletteColorOptions | undefined'.
app/[lang]/(pages)/(dashboard)/vehicle/components/VehicleContent.test.tsx(142,5): error TS2322: Type 'unknown' is not assignable to type 'PaletteColorOptions | undefined'.
app/[lang]/(pages)/(dashboard)/vehicle/components/VehicleContent.test.tsx(143,5): error TS2322: Type 'unknown' is not assignable to type 'PaletteColorOptions | undefined'.
app/[lang]/(pages)/(dashboard)/vehicle/components/VehicleContent.test.tsx(144,5): error TS2322: Type 'unknown' is not assignable to type 'PaletteColorOptions | undefined'.
app/[lang]/(pages)/(dashboard)/vehicle/components/VehicleContent.test.tsx(145,5): error TS2322: Type 'unknown' is not assignable to type 'PaletteColorOptions | undefined'.
app/[lang]/(pages)/(dashboard)/vehicle/page.test.tsx(37,35): error TS2349: This expression is not callable.
  Not all constituents of type 'ElementType<any, keyof IntrinsicElements>' are callable.
    Type '"symbol"' has no call signatures.
app/[lang]/(pages)/(dashboard)/warehouses/components/WarehouseContent.test.tsx(58,21): error TS2339: Property 'kpis' does not exist on type 'unknown'.
app/[lang]/(pages)/(dashboard)/warehouses/components/WarehouseContent.test.tsx(61,21): error TS2339: Property 'onDelete' does not exist on type 'unknown'.
app/[lang]/(pages)/(dashboard)/warehouses/components/WarehouseContent.test.tsx(87,21): error TS2339: Property 'open' does not exist on type 'unknown'.
app/[lang]/(pages)/(dashboard)/warehouses/components/WarehouseContent.test.tsx(87,27): error TS2339: Property 'onConfirm' does not exist on type 'unknown'.
app/[lang]/(pages)/(dashboard)/warehouses/components/WarehouseContent.test.tsx(98,5): error TS2322: Type 'unknown' is not assignable to type 'PaletteColorOptions | undefined'.
app/[lang]/(pages)/(dashboard)/warehouses/components/WarehouseContent.test.tsx(99,5): error TS2322: Type 'unknown' is not assignable to type 'PaletteColorOptions | undefined'.
app/[lang]/(pages)/(dashboard)/warehouses/components/WarehouseContent.test.tsx(100,5): error TS2322: Type 'unknown' is not assignable to type 'PaletteColorOptions | undefined'.
app/[lang]/(pages)/(dashboard)/warehouses/components/WarehouseContent.test.tsx(101,5): error TS2322: Type 'unknown' is not assignable to type 'PaletteColorOptions | undefined'.
app/[lang]/(pages)/(dashboard)/warehouses/components/WarehouseContent.test.tsx(102,5): error TS2322: Type 'unknown' is not assignable to type 'PaletteColorOptions | undefined'.
app/[lang]/(pages)/(dashboard)/warehouses/components/WarehouseContent.test.tsx(168,56): error TS2493: Tuple type '[]' of length '0' has no element at index '0'.
app/[lang]/(pages)/(dashboard)/warehouses/page.test.tsx(37,35): error TS2349: This expression is not callable.
  Not all constituents of type 'ElementType<any, keyof IntrinsicElements>' are callable.
    Type '"symbol"' has no call signatures.
app/[lang]/(pages)/(landing)/about/page.test.tsx(34,47): error TS2698: Spread types may only be created from object types.
app/[lang]/(pages)/(landing)/about/page.test.tsx(39,3): error TS2322: Type 'unknown' is not assignable to type 'PaletteOptions | undefined'.
app/[lang]/(pages)/(landing)/features/page.test.tsx(40,3): error TS2322: Type 'unknown' is not assignable to type 'PaletteOptions | undefined'.
app/[lang]/(pages)/(landing)/page.test.tsx(11,7): error TS18046: 'dynamicImport' is of type 'unknown'.
app/[lang]/(pages)/(landing)/pricing/page.test.tsx(41,3): error TS2322: Type 'unknown' is not assignable to type 'PaletteOptions | undefined'.
app/[lang]/(pages)/auth/layout.test.tsx(21,47): error TS2698: Spread types may only be created from object types.
app/[lang]/(pages)/auth/layout.test.tsx(28,5): error TS2322: Type 'unknown' is not assignable to type 'PaletteColorOptions | undefined'.
app/[lang]/layout.test.tsx(42,29): error TS2349: This expression is not callable.
  Not all constituents of type 'ElementType<any, keyof IntrinsicElements>' are callable.
    Type '"symbol"' has no call signatures.
app/api/analytics/dashboard/route.test.ts(33,5): error TS2322: Type '() => Promise<NextResponse<{ performance: { onTimeRate: number; fleetUtilization: number; satisfaction: number; satisfactionCount: number; }; costs: { months: string[]; fuel: number[]; maintenance: number[]; overhead: number[]; distribution: { ...; }[]; }; forecast: { ...; }; } | null> | NextResponse<...>>' is not assignable to type 'ElementType<any, keyof IntrinsicElements>'.
  Type '() => Promise<NextResponse<{ performance: { onTimeRate: number; fleetUtilization: number; satisfaction: number; satisfactionCount: number; }; costs: { months: string[]; fuel: number[]; maintenance: number[]; overhead: number[]; distribution: { ...; }[]; }; forecast: { ...; }; } | null> | NextResponse<...>>' is not assignable to type 'FunctionComponent<any>'.
    Type 'Promise<NextResponse<{ performance: { onTimeRate: number; fleetUtilization: number; satisfaction: number; satisfactionCount: number; }; costs: { months: string[]; fuel: number[]; maintenance: number[]; overhead: number[]; distribution: { ...; }[]; }; forecast: { ...; }; } | null> | NextResponse<...>>' is not assignable to type 'ReactNode | Promise<ReactNode>'.
      Type 'Promise<NextResponse<{ performance: { onTimeRate: number; fleetUtilization: number; satisfaction: number; satisfactionCount: number; }; costs: { months: string[]; fuel: number[]; maintenance: number[]; overhead: number[]; distribution: { ...; }[]; }; forecast: { ...; }; } | null> | NextResponse<...>>' is not assignable to type 'ReactElement<unknown, string | JSXElementConstructor<any>> | Iterable<ReactNode> | ReactPortal | Promise<...> | Promise<...>'.
        Type 'Promise<NextResponse<{ performance: { onTimeRate: number; fleetUtilization: number; satisfaction: number; satisfactionCount: number; }; costs: { months: string[]; fuel: number[]; maintenance: number[]; overhead: number[]; distribution: { ...; }[]; }; forecast: { ...; }; } | null> | NextResponse<...>>' is not assignable to type 'Promise<AwaitedReactNode>'.
          Type 'NextResponse<{ performance: { onTimeRate: number; fleetUtilization: number; satisfaction: number; satisfactionCount: number; }; costs: { months: string[]; fuel: number[]; maintenance: number[]; overhead: number[]; distribution: { ...; }[]; }; forecast: { ...; }; } | null> | NextResponse<...>' is not assignable to type 'AwaitedReactNode'.
            Type 'NextResponse<{ performance: { onTimeRate: number; fleetUtilization: number; satisfaction: number; satisfactionCount: number; }; costs: { months: string[]; fuel: number[]; maintenance: number[]; overhead: number[]; distribution: { ...; }[]; }; forecast: { ...; }; } | null>' is not assignable to type 'AwaitedReactNode'.
              Type 'NextResponse<{ performance: { onTimeRate: number; fleetUtilization: number; satisfaction: number; satisfactionCount: number; }; costs: { months: string[]; fuel: number[]; maintenance: number[]; overhead: number[]; distribution: { ...; }[]; }; forecast: { ...; }; } | null>' is missing the following properties from type 'ReactElement<unknown, string | JSXElementConstructor<any>>': props, key
app/api/analytics/dashboard/route.test.ts(43,75): error TS2322: Type 'Promise<{ kpis: { shipments: number; }; }>' is not assignable to type 'undefined'.
app/api/analytics/dashboard/route.test.ts(45,32): error TS2349: This expression is not callable.
  Not all constituents of type 'ElementType<any, keyof IntrinsicElements>' are callable.
    Type '"symbol"' has no call signatures.
app/api/analytics/dashboard/route.test.ts(48,12): error TS18046: 'res' is of type 'unknown'.
app/api/analytics/dashboard/route.test.ts(49,12): error TS18046: 'res' is of type 'unknown'.
app/api/analytics/dashboard/route.test.ts(53,63): error TS2345: Argument of type '() => Promise<never>' is not assignable to parameter of type '(...args: any[]) => undefined'.
  Type 'Promise<never>' is not assignable to type 'undefined'.
app/api/analytics/dashboard/route.test.ts(57,32): error TS2349: This expression is not callable.
  Not all constituents of type 'ElementType<any, keyof IntrinsicElements>' are callable.
    Type '"symbol"' has no call signatures.
app/api/analytics/dashboard/route.test.ts(59,12): error TS18046: 'res' is of type 'unknown'.
app/api/analytics/dashboard/route.test.ts(60,12): error TS18046: 'res' is of type 'unknown'.
app/api/analytics/dashboard/route.test.ts(64,63): error TS2345: Argument of type '() => Promise<never>' is not assignable to parameter of type '(...args: any[]) => undefined'.
  Type 'Promise<never>' is not assignable to type 'undefined'.
app/api/analytics/dashboard/route.test.ts(68,32): error TS2349: This expression is not callable.
  Not all constituents of type 'ElementType<any, keyof IntrinsicElements>' are callable.
    Type '"symbol"' has no call signatures.
app/api/analytics/dashboard/route.test.ts(70,12): error TS18046: 'res' is of type 'unknown'.
app/api/analytics/dashboard/route.test.ts(71,12): error TS18046: 'res' is of type 'unknown'.
app/api/auth/refresh/route.test.ts(10,16): error TS18046: 'url' is of type 'unknown'.
app/api/auth/refresh/route.test.ts(42,13): error TS2571: Object is of type 'unknown'.
app/api/auth/refresh/route.test.ts(48,20): error TS2571: Object is of type 'unknown'.
app/api/auth/refresh/route.test.ts(62,5): error TS2322: Type '(request: NextRequest) => Promise<NextResponse<unknown>>' is not assignable to type 'ElementType<any, keyof IntrinsicElements>'.
  Type '(request: NextRequest) => Promise<NextResponse<unknown>>' is not assignable to type 'FunctionComponent<any>'.
    Type 'Promise<NextResponse<unknown>>' is not assignable to type 'ReactNode | Promise<ReactNode>'.
      Type 'Promise<NextResponse<unknown>>' is not assignable to type 'ReactElement<unknown, string | JSXElementConstructor<any>> | Iterable<ReactNode> | ReactPortal | Promise<...> | Promise<...>'.
        Type 'Promise<NextResponse<unknown>>' is not assignable to type 'Promise<AwaitedReactNode>'.
          Type 'NextResponse<unknown>' is not assignable to type 'AwaitedReactNode'.
            Type 'NextResponse<unknown>' is missing the following properties from type 'ReactElement<unknown, string | JSXElementConstructor<any>>': props, key
app/api/auth/refresh/route.test.ts(72,64): error TS2322: Type 'Promise<boolean>' is not assignable to type 'undefined'.
app/api/auth/refresh/route.test.ts(73,32): error TS2349: This expression is not callable.
  Not all constituents of type 'ElementType<any, keyof IntrinsicElements>' are callable.
    Type '"symbol"' has no call signatures.
app/api/auth/refresh/route.test.ts(75,12): error TS18046: 'res' is of type 'unknown'.
app/api/auth/refresh/route.test.ts(79,64): error TS2322: Type 'Promise<boolean>' is not assignable to type 'undefined'.
app/api/auth/refresh/route.test.ts(80,32): error TS2349: This expression is not callable.
  Not all constituents of type 'ElementType<any, keyof IntrinsicElements>' are callable.
    Type '"symbol"' has no call signatures.
app/api/auth/refresh/route.test.ts(83,33): error TS18046: 'res' is of type 'unknown'.
app/api/company/dashboard/route.test.ts(29,5): error TS2322: Type '(req: NextRequest) => Promise<NextResponse<{ profile: { id: string; name: string; avatarUrl: string | null; createdAt: string; updatedAt: string; }; members: { id: string; name: string; surname: string; ... 5 more ...; createdAt: string; }[]; totalCount: number; meta: { ...; }; stats: { ...; }; statsTrends: { ...; }...' is not assignable to type 'ElementType<any, keyof IntrinsicElements>'.
  Type '(req: NextRequest) => Promise<NextResponse<{ profile: { id: string; name: string; avatarUrl: string | null; createdAt: string; updatedAt: string; }; members: { id: string; name: string; surname: string; ... 5 more ...; createdAt: string; }[]; totalCount: number; meta: { ...; }; stats: { ...; }; statsTrends: { ...; }...' is not assignable to type 'FunctionComponent<any>'.
    Type 'Promise<NextResponse<{ profile: { id: string; name: string; avatarUrl: string | null; createdAt: string; updatedAt: string; }; members: { id: string; name: string; surname: string; email: string; avatarUrl: string | null; status: UserStatus; roleId: string | null; roleName: string | null; createdAt: string; }[]; tot...' is not assignable to type 'ReactNode | Promise<ReactNode>'.
      Type 'Promise<NextResponse<{ profile: { id: string; name: string; avatarUrl: string | null; createdAt: string; updatedAt: string; }; members: { id: string; name: string; surname: string; email: string; avatarUrl: string | null; status: UserStatus; roleId: string | null; roleName: string | null; createdAt: string; }[]; tot...' is not assignable to type 'ReactElement<unknown, string | JSXElementConstructor<any>> | Iterable<ReactNode> | ReactPortal | Promise<...> | Promise<...>'.
        Type 'Promise<NextResponse<{ profile: { id: string; name: string; avatarUrl: string | null; createdAt: string; updatedAt: string; }; members: { id: string; name: string; surname: string; email: string; avatarUrl: string | null; status: UserStatus; roleId: string | null; roleName: string | null; createdAt: string; }[]; tot...' is not assignable to type 'Promise<AwaitedReactNode>'.
          Type 'NextResponse<{ profile: { id: string; name: string; avatarUrl: string | null; createdAt: string; updatedAt: string; }; members: { id: string; name: string; surname: string; email: string; avatarUrl: string | null; status: UserStatus; roleId: string | null; roleName: string | null; createdAt: string; }[]; totalCount:...' is not assignable to type 'AwaitedReactNode'.
            Type 'NextResponse<{ profile: { id: string; name: string; avatarUrl: string | null; createdAt: string; updatedAt: string; }; members: { id: string; name: string; surname: string; email: string; avatarUrl: string | null; status: UserStatus; roleId: string | null; roleName: string | null; createdAt: string; }[]; totalCount:...' is not assignable to type 'AwaitedReactNode'.
              Type 'NextResponse<{ profile: { id: string; name: string; avatarUrl: string | null; createdAt: string; updatedAt: string; }; members: { id: string; name: string; surname: string; email: string; avatarUrl: string | null; status: UserStatus; roleId: string | null; roleName: string | null; createdAt: string; }[]; totalCount:...' is missing the following properties from type 'ReactElement<unknown, string | JSXElementConstructor<any>>': props, key
app/api/company/dashboard/route.test.ts(38,77): error TS2322: Type 'Promise<{}>' is not assignable to type 'undefined'.
app/api/company/dashboard/route.test.ts(40,11): error TS2349: This expression is not callable.
  Not all constituents of type 'ElementType<any, keyof IntrinsicElements>' are callable.
    Type '"symbol"' has no call signatures.
app/api/company/dashboard/route.test.ts(47,77): error TS2322: Type 'Promise<{}>' is not assignable to type 'undefined'.
app/api/company/dashboard/route.test.ts(49,11): error TS2349: This expression is not callable.
  Not all constituents of type 'ElementType<any, keyof IntrinsicElements>' are callable.
    Type '"symbol"' has no call signatures.
app/api/company/dashboard/route.test.ts(58,65): error TS2345: Argument of type '() => Promise<never>' is not assignable to parameter of type '(...args: any[]) => undefined'.
  Type 'Promise<never>' is not assignable to type 'undefined'.
app/api/company/dashboard/route.test.ts(61,32): error TS2349: This expression is not callable.
  Not all constituents of type 'ElementType<any, keyof IntrinsicElements>' are callable.
    Type '"symbol"' has no call signatures.
app/api/company/dashboard/route.test.ts(62,12): error TS18046: 'res' is of type 'unknown'.
app/api/company/dashboard/route.test.ts(66,65): error TS2345: Argument of type '() => Promise<never>' is not assignable to parameter of type '(...args: any[]) => undefined'.
  Type 'Promise<never>' is not assignable to type 'undefined'.
app/api/company/dashboard/route.test.ts(69,32): error TS2349: This expression is not callable.
  Not all constituents of type 'ElementType<any, keyof IntrinsicElements>' are callable.
    Type '"symbol"' has no call signatures.
app/api/company/dashboard/route.test.ts(70,12): error TS18046: 'res' is of type 'unknown'.
app/api/cron/check-expirations/route.test.ts(48,5): error TS2571: Object is of type 'unknown'.
app/api/cron/check-expirations/route.test.ts(50,5): error TS2322: Type '(req: NextRequest) => Promise<NextResponse<{ error: string; }> | NextResponse<{ success: boolean; checked: number; }>>' is not assignable to type 'ElementType<any, keyof IntrinsicElements>'.
  Type '(req: NextRequest) => Promise<NextResponse<{ error: string; }> | NextResponse<{ success: boolean; checked: number; }>>' is not assignable to type 'FunctionComponent<any>'.
    Type 'Promise<NextResponse<{ error: string; }> | NextResponse<{ success: boolean; checked: number; }>>' is not assignable to type 'ReactNode | Promise<ReactNode>'.
      Type 'Promise<NextResponse<{ error: string; }> | NextResponse<{ success: boolean; checked: number; }>>' is not assignable to type 'ReactElement<unknown, string | JSXElementConstructor<any>> | Iterable<ReactNode> | ReactPortal | Promise<...> | Promise<...>'.
        Type 'Promise<NextResponse<{ error: string; }> | NextResponse<{ success: boolean; checked: number; }>>' is not assignable to type 'Promise<AwaitedReactNode>'.
          Type 'NextResponse<{ error: string; }> | NextResponse<{ success: boolean; checked: number; }>' is not assignable to type 'AwaitedReactNode'.
            Type 'NextResponse<{ error: string; }>' is not assignable to type 'AwaitedReactNode'.
              Type 'NextResponse<{ error: string; }>' is missing the following properties from type 'ReactElement<unknown, string | JSXElementConstructor<any>>': props, key
app/api/cron/check-expirations/route.test.ts(65,32): error TS2349: This expression is not callable.
  Not all constituents of type 'ElementType<any, keyof IntrinsicElements>' are callable.
    Type '"symbol"' has no call signatures.
app/api/cron/check-expirations/route.test.ts(66,12): error TS18046: 'res' is of type 'unknown'.
app/api/cron/check-expirations/route.test.ts(67,12): error TS18046: 'res' is of type 'unknown'.
app/api/cron/check-expirations/route.test.ts(71,32): error TS2349: This expression is not callable.
  Not all constituents of type 'ElementType<any, keyof IntrinsicElements>' are callable.
    Type '"symbol"' has no call signatures.
app/api/cron/check-expirations/route.test.ts(72,12): error TS18046: 'res' is of type 'unknown'.
app/api/cron/check-expirations/route.test.ts(77,32): error TS2349: This expression is not callable.
  Not all constituents of type 'ElementType<any, keyof IntrinsicElements>' are callable.
    Type '"symbol"' has no call signatures.
app/api/cron/check-expirations/route.test.ts(79,12): error TS18046: 'res' is of type 'unknown'.
app/api/cron/check-expirations/route.test.ts(80,19): error TS18046: 'res' is of type 'unknown'.
app/api/cron/check-expirations/route.test.ts(81,12): error TS18046: 'res' is of type 'unknown'.
app/api/cron/check-expirations/route.test.ts(94,70): error TS2322: Type 'Promise<{ id: string; name: string; expiryDate: Date; companyId: string; driver: { user: { name: string; surname: string; }; }; vehicle: null; }[]>' is not assignable to type 'Promise<never[]>'.
  Type '{ id: string; name: string; expiryDate: Date; companyId: string; driver: { user: { name: string; surname: string; }; }; vehicle: null; }[]' is not assignable to type 'never[]'.
    Type '{ id: string; name: string; expiryDate: Date; companyId: string; driver: { user: { name: string; surname: string; }; }; vehicle: null; }' is not assignable to type 'never'.
app/api/cron/check-expirations/route.test.ts(105,32): error TS2349: This expression is not callable.
  Not all constituents of type 'ElementType<any, keyof IntrinsicElements>' are callable.
    Type '"symbol"' has no call signatures.
app/api/cron/check-expirations/route.test.ts(107,12): error TS18046: 'res' is of type 'unknown'.
app/api/cron/check-expirations/route.test.ts(110,22): error TS2493: Tuple type '[]' of length '0' has no element at index '0'.
app/api/cron/check-expirations/route.test.ts(111,12): error TS2532: Object is possibly 'undefined'.
app/api/cron/check-expirations/route.test.ts(111,22): error TS2493: Tuple type '[]' of length '0' has no element at index '1'.
app/api/cron/check-expirations/route.test.ts(119,32): error TS2349: This expression is not callable.
  Not all constituents of type 'ElementType<any, keyof IntrinsicElements>' are callable.
    Type '"symbol"' has no call signatures.
app/api/cron/check-expirations/route.test.ts(120,12): error TS18046: 'res' is of type 'unknown'.
app/api/cron/check-expirations/route.test.ts(121,12): error TS18046: 'res' is of type 'unknown'.
app/api/customers/dashboard/route.test.ts(34,5): error TS2322: Type '(req: NextRequest) => Promise<NextResponse<{ customers: CustomerWithRelations[]; totalCount: number; stats: { totalCustomers: number; activeCustomers: number; totalShipments: number; }; statsTrends?: { ...; } | undefined; }> | NextResponse<...>>' is not assignable to type 'ElementType<any, keyof IntrinsicElements>'.
  Type '(req: NextRequest) => Promise<NextResponse<{ customers: CustomerWithRelations[]; totalCount: number; stats: { totalCustomers: number; activeCustomers: number; totalShipments: number; }; statsTrends?: { ...; } | undefined; }> | NextResponse<...>>' is not assignable to type 'FunctionComponent<any>'.
    Type 'Promise<NextResponse<{ customers: CustomerWithRelations[]; totalCount: number; stats: { totalCustomers: number; activeCustomers: number; totalShipments: number; }; statsTrends?: { ...; } | undefined; }> | NextResponse<...>>' is not assignable to type 'ReactNode | Promise<ReactNode>'.
      Type 'Promise<NextResponse<{ customers: CustomerWithRelations[]; totalCount: number; stats: { totalCustomers: number; activeCustomers: number; totalShipments: number; }; statsTrends?: { ...; } | undefined; }> | NextResponse<...>>' is not assignable to type 'ReactElement<unknown, string | JSXElementConstructor<any>> | Iterable<ReactNode> | ReactPortal | Promise<...> | Promise<...>'.
        Type 'Promise<NextResponse<{ customers: CustomerWithRelations[]; totalCount: number; stats: { totalCustomers: number; activeCustomers: number; totalShipments: number; }; statsTrends?: { ...; } | undefined; }> | NextResponse<...>>' is not assignable to type 'Promise<AwaitedReactNode>'.
          Type 'NextResponse<{ customers: CustomerWithRelations[]; totalCount: number; stats: { totalCustomers: number; activeCustomers: number; totalShipments: number; }; statsTrends?: { ...; } | undefined; }> | NextResponse<...>' is not assignable to type 'AwaitedReactNode'.
            Type 'NextResponse<{ customers: CustomerWithRelations[]; totalCount: number; stats: { totalCustomers: number; activeCustomers: number; totalShipments: number; }; statsTrends?: { totalCustomers?: { ...; } | undefined; } | undefined; }>' is not assignable to type 'AwaitedReactNode'.
              Type 'NextResponse<{ customers: CustomerWithRelations[]; totalCount: number; stats: { totalCustomers: number; activeCustomers: number; totalShipments: number; }; statsTrends?: { totalCustomers?: { ...; } | undefined; } | undefined; }>' is missing the following properties from type 'ReactElement<unknown, string | JSXElementConstructor<any>>': props, key
app/api/customers/dashboard/route.test.ts(44,79): error TS2322: Type 'Promise<{ customers: never[]; meta: {}; }>' is not assignable to type 'undefined'.
app/api/customers/dashboard/route.test.ts(46,11): error TS2349: This expression is not callable.
  Not all constituents of type 'ElementType<any, keyof IntrinsicElements>' are callable.
    Type '"symbol"' has no call signatures.
app/api/customers/dashboard/route.test.ts(52,79): error TS2322: Type 'Promise<{}>' is not assignable to type 'undefined'.
app/api/customers/dashboard/route.test.ts(54,11): error TS2349: This expression is not callable.
  Not all constituents of type 'ElementType<any, keyof IntrinsicElements>' are callable.
    Type '"symbol"' has no call signatures.
app/api/customers/dashboard/route.test.ts(61,79): error TS2322: Type 'Promise<{}>' is not assignable to type 'undefined'.
app/api/customers/dashboard/route.test.ts(63,11): error TS2349: This expression is not callable.
  Not all constituents of type 'ElementType<any, keyof IntrinsicElements>' are callable.
    Type '"symbol"' has no call signatures.
app/api/customers/dashboard/route.test.ts(69,67): error TS2345: Argument of type '() => Promise<never>' is not assignable to parameter of type '(...args: any[]) => undefined'.
  Type 'Promise<never>' is not assignable to type 'undefined'.
app/api/customers/dashboard/route.test.ts(72,32): error TS2349: This expression is not callable.
  Not all constituents of type 'ElementType<any, keyof IntrinsicElements>' are callable.
    Type '"symbol"' has no call signatures.
app/api/customers/dashboard/route.test.ts(73,12): error TS18046: 'res' is of type 'unknown'.
app/api/customers/dashboard/route.test.ts(77,67): error TS2345: Argument of type '() => Promise<never>' is not assignable to parameter of type '(...args: any[]) => undefined'.
  Type 'Promise<never>' is not assignable to type 'undefined'.
app/api/customers/dashboard/route.test.ts(80,32): error TS2349: This expression is not callable.
  Not all constituents of type 'ElementType<any, keyof IntrinsicElements>' are callable.
    Type '"symbol"' has no call signatures.
app/api/customers/dashboard/route.test.ts(81,12): error TS18046: 'res' is of type 'unknown'.
app/api/customers/route.test.ts(24,5): error TS2322: Type '() => Promise<NextResponse<({ _count: { shipments: number; }; locations: { address: string; id: string; name: string; createdAt: Date; updatedAt: Date; customerId: string; lat: number | null; lng: number | null; isDefault: boolean; }[]; } & { ...; })[]> | NextResponse<...>>' is not assignable to type 'ElementType<any, keyof IntrinsicElements>'.
  Type '() => Promise<NextResponse<({ _count: { shipments: number; }; locations: { address: string; id: string; name: string; createdAt: Date; updatedAt: Date; customerId: string; lat: number | null; lng: number | null; isDefault: boolean; }[]; } & { ...; })[]> | NextResponse<...>>' is not assignable to type 'FunctionComponent<any>'.
    Type 'Promise<NextResponse<({ _count: { shipments: number; }; locations: { address: string; id: string; name: string; createdAt: Date; updatedAt: Date; customerId: string; lat: number | null; lng: number | null; isDefault: boolean; }[]; } & { ...; })[]> | NextResponse<...>>' is not assignable to type 'ReactNode | Promise<ReactNode>'.
      Type 'Promise<NextResponse<({ _count: { shipments: number; }; locations: { address: string; id: string; name: string; createdAt: Date; updatedAt: Date; customerId: string; lat: number | null; lng: number | null; isDefault: boolean; }[]; } & { ...; })[]> | NextResponse<...>>' is not assignable to type 'ReactElement<unknown, string | JSXElementConstructor<any>> | Iterable<ReactNode> | ReactPortal | Promise<...> | Promise<...>'.
        Type 'Promise<NextResponse<({ _count: { shipments: number; }; locations: { address: string; id: string; name: string; createdAt: Date; updatedAt: Date; customerId: string; lat: number | null; lng: number | null; isDefault: boolean; }[]; } & { ...; })[]> | NextResponse<...>>' is not assignable to type 'Promise<AwaitedReactNode>'.
          Type 'NextResponse<({ _count: { shipments: number; }; locations: { address: string; id: string; name: string; createdAt: Date; updatedAt: Date; customerId: string; lat: number | null; lng: number | null; isDefault: boolean; }[]; } & { ...; })[]> | NextResponse<...>' is not assignable to type 'AwaitedReactNode'.
            Type 'NextResponse<({ _count: { shipments: number; }; locations: { address: string; id: string; name: string; createdAt: Date; updatedAt: Date; customerId: string; lat: number | null; lng: number | null; isDefault: boolean; }[]; } & { ...; })[]>' is not assignable to type 'AwaitedReactNode'.
              Type 'NextResponse<({ _count: { shipments: number; }; locations: { address: string; id: string; name: string; createdAt: Date; updatedAt: Date; customerId: string; lat: number | null; lng: number | null; isDefault: boolean; }[]; } & { ...; })[]>' is missing the following properties from type 'ReactElement<unknown, string | JSXElementConstructor<any>>': props, key
app/api/customers/route.test.ts(34,62): error TS2322: Type 'Promise<{ id: string; name: string; }[]>' is not assignable to type 'undefined'.
app/api/customers/route.test.ts(35,32): error TS2349: This expression is not callable.
  Not all constituents of type 'ElementType<any, keyof IntrinsicElements>' are callable.
    Type '"symbol"' has no call signatures.
app/api/customers/route.test.ts(36,12): error TS18046: 'res' is of type 'unknown'.
app/api/customers/route.test.ts(37,12): error TS18046: 'res' is of type 'unknown'.
app/api/customers/route.test.ts(41,50): error TS2345: Argument of type '() => Promise<never>' is not assignable to parameter of type '(...args: any[]) => undefined'.
  Type 'Promise<never>' is not assignable to type 'undefined'.
app/api/customers/route.test.ts(44,32): error TS2349: This expression is not callable.
  Not all constituents of type 'ElementType<any, keyof IntrinsicElements>' are callable.
    Type '"symbol"' has no call signatures.
app/api/customers/route.test.ts(45,12): error TS18046: 'res' is of type 'unknown'.
app/api/customers/route.test.ts(46,12): error TS18046: 'res' is of type 'unknown'.
app/api/customers/route.test.ts(50,50): error TS2345: Argument of type '() => Promise<never>' is not assignable to parameter of type '(...args: any[]) => undefined'.
  Type 'Promise<never>' is not assignable to type 'undefined'.
app/api/customers/route.test.ts(53,32): error TS2349: This expression is not callable.
  Not all constituents of type 'ElementType<any, keyof IntrinsicElements>' are callable.
    Type '"symbol"' has no call signatures.
app/api/customers/route.test.ts(54,12): error TS18046: 'res' is of type 'unknown'.
app/api/drivers/dashboard/route.test.ts(33,5): error TS2322: Type '(req: NextRequest) => Promise<NextResponse<{ drivers: DriverWithRelations[]; meta: { total: number; page: number; limit: number; totalPages: number; }; driversKpis: { totalDrivers: number; ... 5 more ...; avgEfficiencyScore: number; }; topPerformers: { ...; }[]; performanceCharts: { ...; }[]; }> | NextResponse<...>>' is not assignable to type 'ElementType<any, keyof IntrinsicElements>'.
  Type '(req: NextRequest) => Promise<NextResponse<{ drivers: DriverWithRelations[]; meta: { total: number; page: number; limit: number; totalPages: number; }; driversKpis: { totalDrivers: number; ... 5 more ...; avgEfficiencyScore: number; }; topPerformers: { ...; }[]; performanceCharts: { ...; }[]; }> | NextResponse<...>>' is not assignable to type 'FunctionComponent<any>'.
    Type 'Promise<NextResponse<{ drivers: DriverWithRelations[]; meta: { total: number; page: number; limit: number; totalPages: number; }; driversKpis: { totalDrivers: number; onDuty: number; offDuty: number; onLeave: number; complianceIssues: number; avgSafetyScore: number; avgEfficiencyScore: number; }; topPerformers: { .....' is not assignable to type 'ReactNode | Promise<ReactNode>'.
      Type 'Promise<NextResponse<{ drivers: DriverWithRelations[]; meta: { total: number; page: number; limit: number; totalPages: number; }; driversKpis: { totalDrivers: number; onDuty: number; offDuty: number; onLeave: number; complianceIssues: number; avgSafetyScore: number; avgEfficiencyScore: number; }; topPerformers: { .....' is not assignable to type 'ReactElement<unknown, string | JSXElementConstructor<any>> | Iterable<ReactNode> | ReactPortal | Promise<...> | Promise<...>'.
        Type 'Promise<NextResponse<{ drivers: DriverWithRelations[]; meta: { total: number; page: number; limit: number; totalPages: number; }; driversKpis: { totalDrivers: number; onDuty: number; offDuty: number; onLeave: number; complianceIssues: number; avgSafetyScore: number; avgEfficiencyScore: number; }; topPerformers: { .....' is not assignable to type 'Promise<AwaitedReactNode>'.
          Type 'NextResponse<{ drivers: DriverWithRelations[]; meta: { total: number; page: number; limit: number; totalPages: number; }; driversKpis: { totalDrivers: number; onDuty: number; offDuty: number; onLeave: number; complianceIssues: number; avgSafetyScore: number; avgEfficiencyScore: number; }; topPerformers: { ...; }[]; ...' is not assignable to type 'AwaitedReactNode'.
            Type 'NextResponse<{ drivers: DriverWithRelations[]; meta: { total: number; page: number; limit: number; totalPages: number; }; driversKpis: { totalDrivers: number; onDuty: number; offDuty: number; onLeave: number; complianceIssues: number; avgSafetyScore: number; avgEfficiencyScore: number; }; topPerformers: { ...; }[]; ...' is not assignable to type 'AwaitedReactNode'.
              Type 'NextResponse<{ drivers: DriverWithRelations[]; meta: { total: number; page: number; limit: number; totalPages: number; }; driversKpis: { totalDrivers: number; onDuty: number; offDuty: number; onLeave: number; complianceIssues: number; avgSafetyScore: number; avgEfficiencyScore: number; }; topPerformers: { ...; }[]; ...' is missing the following properties from type 'ReactElement<unknown, string | JSXElementConstructor<any>>': props, key
app/api/drivers/dashboard/route.test.ts(42,76): error TS2322: Type 'Promise<{}>' is not assignable to type 'undefined'.
app/api/drivers/dashboard/route.test.ts(43,11): error TS2349: This expression is not callable.
  Not all constituents of type 'ElementType<any, keyof IntrinsicElements>' are callable.
    Type '"symbol"' has no call signatures.
app/api/drivers/dashboard/route.test.ts(50,76): error TS2322: Type 'Promise<{}>' is not assignable to type 'undefined'.
app/api/drivers/dashboard/route.test.ts(51,11): error TS2349: This expression is not callable.
  Not all constituents of type 'ElementType<any, keyof IntrinsicElements>' are callable.
    Type '"symbol"' has no call signatures.
app/api/drivers/dashboard/route.test.ts(63,64): error TS2345: Argument of type '() => Promise<never>' is not assignable to parameter of type '(...args: any[]) => undefined'.
  Type 'Promise<never>' is not assignable to type 'undefined'.
app/api/drivers/dashboard/route.test.ts(64,32): error TS2349: This expression is not callable.
  Not all constituents of type 'ElementType<any, keyof IntrinsicElements>' are callable.
    Type '"symbol"' has no call signatures.
app/api/drivers/dashboard/route.test.ts(65,12): error TS18046: 'res' is of type 'unknown'.
app/api/drivers/dashboard/route.test.ts(69,64): error TS2345: Argument of type '() => Promise<never>' is not assignable to parameter of type '(...args: any[]) => undefined'.
  Type 'Promise<never>' is not assignable to type 'undefined'.
app/api/drivers/dashboard/route.test.ts(70,32): error TS2349: This expression is not callable.
  Not all constituents of type 'ElementType<any, keyof IntrinsicElements>' are callable.
    Type '"symbol"' has no call signatures.
app/api/drivers/dashboard/route.test.ts(71,12): error TS18046: 'res' is of type 'unknown'.
app/api/drivers/route.test.ts(37,5): error TS2322: Type '(req: NextRequest) => Promise<NextResponse<PaginatedResponse<DriverWithRelations>> | NextResponse<{ error: string; }>>' is not assignable to type 'ElementType<any, keyof IntrinsicElements>'.
  Type '(req: NextRequest) => Promise<NextResponse<PaginatedResponse<DriverWithRelations>> | NextResponse<{ error: string; }>>' is not assignable to type 'FunctionComponent<any>'.
    Type 'Promise<NextResponse<PaginatedResponse<DriverWithRelations>> | NextResponse<{ error: string; }>>' is not assignable to type 'ReactNode | Promise<ReactNode>'.
      Type 'Promise<NextResponse<PaginatedResponse<DriverWithRelations>> | NextResponse<{ error: string; }>>' is not assignable to type 'ReactElement<unknown, string | JSXElementConstructor<any>> | Iterable<ReactNode> | ReactPortal | Promise<...> | Promise<...>'.
        Type 'Promise<NextResponse<PaginatedResponse<DriverWithRelations>> | NextResponse<{ error: string; }>>' is not assignable to type 'Promise<AwaitedReactNode>'.
          Type 'NextResponse<PaginatedResponse<DriverWithRelations>> | NextResponse<{ error: string; }>' is not assignable to type 'AwaitedReactNode'.
            Type 'NextResponse<PaginatedResponse<DriverWithRelations>>' is not assignable to type 'AwaitedReactNode'.
              Type 'NextResponse<PaginatedResponse<DriverWithRelations>>' is missing the following properties from type 'ReactElement<unknown, string | JSXElementConstructor<any>>': props, key
app/api/drivers/route.test.ts(46,60): error TS2322: Type 'Promise<never[]>' is not assignable to type 'undefined'.
app/api/drivers/route.test.ts(47,11): error TS2349: This expression is not callable.
  Not all constituents of type 'ElementType<any, keyof IntrinsicElements>' are callable.
    Type '"symbol"' has no call signatures.
app/api/drivers/route.test.ts(57,60): error TS2322: Type 'Promise<never[]>' is not assignable to type 'undefined'.
app/api/drivers/route.test.ts(58,11): error TS2349: This expression is not callable.
  Not all constituents of type 'ElementType<any, keyof IntrinsicElements>' are callable.
    Type '"symbol"' has no call signatures.
app/api/drivers/route.test.ts(70,60): error TS2322: Type 'Promise<never[]>' is not assignable to type 'undefined'.
app/api/drivers/route.test.ts(71,11): error TS2349: This expression is not callable.
  Not all constituents of type 'ElementType<any, keyof IntrinsicElements>' are callable.
    Type '"symbol"' has no call signatures.
app/api/drivers/route.test.ts(76,48): error TS2345: Argument of type '() => Promise<never>' is not assignable to parameter of type '(...args: any[]) => undefined'.
  Type 'Promise<never>' is not assignable to type 'undefined'.
app/api/drivers/route.test.ts(77,32): error TS2349: This expression is not callable.
  Not all constituents of type 'ElementType<any, keyof IntrinsicElements>' are callable.
    Type '"symbol"' has no call signatures.
app/api/drivers/route.test.ts(78,12): error TS18046: 'res' is of type 'unknown'.
app/api/drivers/route.test.ts(82,48): error TS2345: Argument of type '() => Promise<never>' is not assignable to parameter of type '(...args: any[]) => undefined'.
  Type 'Promise<never>' is not assignable to type 'undefined'.
app/api/drivers/route.test.ts(83,32): error TS2349: This expression is not callable.
  Not all constituents of type 'ElementType<any, keyof IntrinsicElements>' are callable.
    Type '"symbol"' has no call signatures.
app/api/drivers/route.test.ts(84,12): error TS18046: 'res' is of type 'unknown'.
app/api/exchange-rates/route.test.ts(35,5): error TS2571: Object is of type 'unknown'.
app/api/exchange-rates/route.test.ts(37,5): error TS2322: Type '() => Promise<NextResponse<ExchangeRates> | NextResponse<{ error: string; }>>' is not assignable to type 'ElementType<any, keyof IntrinsicElements>'.
  Type '() => Promise<NextResponse<ExchangeRates> | NextResponse<{ error: string; }>>' is not assignable to type 'FunctionComponent<any>'.
    Type 'Promise<NextResponse<ExchangeRates> | NextResponse<{ error: string; }>>' is not assignable to type 'ReactNode | Promise<ReactNode>'.
      Type 'Promise<NextResponse<ExchangeRates> | NextResponse<{ error: string; }>>' is not assignable to type 'ReactElement<unknown, string | JSXElementConstructor<any>> | Iterable<ReactNode> | ReactPortal | Promise<...> | Promise<...>'.
        Type 'Promise<NextResponse<ExchangeRates> | NextResponse<{ error: string; }>>' is not assignable to type 'Promise<AwaitedReactNode>'.
          Type 'NextResponse<ExchangeRates> | NextResponse<{ error: string; }>' is not assignable to type 'AwaitedReactNode'.
            Type 'NextResponse<ExchangeRates>' is not assignable to type 'AwaitedReactNode'.
              Type 'NextResponse<ExchangeRates>' is missing the following properties from type 'ReactElement<unknown, string | JSXElementConstructor<any>>': props, key
app/api/exchange-rates/route.test.ts(38,5): error TS2322: Type '(req: NextRequest) => Promise<NextResponse<{ error: string; }> | NextResponse<{ success: boolean; message: string; lastUpdated: string; currencies: number; }>>' is not assignable to type 'ElementType<any, keyof IntrinsicElements>'.
  Type '(req: NextRequest) => Promise<NextResponse<{ error: string; }> | NextResponse<{ success: boolean; message: string; lastUpdated: string; currencies: number; }>>' is not assignable to type 'FunctionComponent<any>'.
    Type 'Promise<NextResponse<{ error: string; }> | NextResponse<{ success: boolean; message: string; lastUpdated: string; currencies: number; }>>' is not assignable to type 'ReactNode | Promise<ReactNode>'.
      Type 'Promise<NextResponse<{ error: string; }> | NextResponse<{ success: boolean; message: string; lastUpdated: string; currencies: number; }>>' is not assignable to type 'ReactElement<unknown, string | JSXElementConstructor<any>> | Iterable<ReactNode> | ReactPortal | Promise<...> | Promise<...>'.
        Type 'Promise<NextResponse<{ error: string; }> | NextResponse<{ success: boolean; message: string; lastUpdated: string; currencies: number; }>>' is not assignable to type 'Promise<AwaitedReactNode>'.
          Type 'NextResponse<{ error: string; }> | NextResponse<{ success: boolean; message: string; lastUpdated: string; currencies: number; }>' is not assignable to type 'AwaitedReactNode'.
            Type 'NextResponse<{ error: string; }>' is not assignable to type 'AwaitedReactNode'.
              Type 'NextResponse<{ error: string; }>' is missing the following properties from type 'ReactElement<unknown, string | JSXElementConstructor<any>>': props, key
app/api/exchange-rates/route.test.ts(49,66): error TS2322: Type 'Promise<{ rates: { USD: number; EUR: number; }; lastUpdated: string; }>' is not assignable to type 'undefined'.
app/api/exchange-rates/route.test.ts(50,32): error TS2349: This expression is not callable.
  Not all constituents of type 'ElementType<any, keyof IntrinsicElements>' are callable.
    Type '"symbol"' has no call signatures.
app/api/exchange-rates/route.test.ts(51,12): error TS18046: 'res' is of type 'unknown'.
app/api/exchange-rates/route.test.ts(52,12): error TS18046: 'res' is of type 'unknown'.
app/api/exchange-rates/route.test.ts(56,54): error TS2345: Argument of type '() => Promise<never>' is not assignable to parameter of type '(...args: any[]) => undefined'.
  Type 'Promise<never>' is not assignable to type 'undefined'.
app/api/exchange-rates/route.test.ts(57,32): error TS2349: This expression is not callable.
  Not all constituents of type 'ElementType<any, keyof IntrinsicElements>' are callable.
    Type '"symbol"' has no call signatures.
app/api/exchange-rates/route.test.ts(58,12): error TS18046: 'res' is of type 'unknown'.
app/api/exchange-rates/route.test.ts(59,12): error TS18046: 'res' is of type 'unknown'.
app/api/exchange-rates/route.test.ts(63,32): error TS2349: This expression is not callable.
  Not all constituents of type 'ElementType<any, keyof IntrinsicElements>' are callable.
    Type '"symbol"' has no call signatures.
app/api/exchange-rates/route.test.ts(64,12): error TS18046: 'res' is of type 'unknown'.
app/api/exchange-rates/route.test.ts(65,12): error TS18046: 'res' is of type 'unknown'.
app/api/exchange-rates/route.test.ts(69,32): error TS2349: This expression is not callable.
  Not all constituents of type 'ElementType<any, keyof IntrinsicElements>' are callable.
    Type '"symbol"' has no call signatures.
app/api/exchange-rates/route.test.ts(70,12): error TS18046: 'res' is of type 'unknown'.
app/api/exchange-rates/route.test.ts(75,70): error TS2322: Type 'Promise<{ rates: { USD: number; }; lastUpdated: string; }>' is not assignable to type 'undefined'.
app/api/exchange-rates/route.test.ts(77,32): error TS2349: This expression is not callable.
  Not all constituents of type 'ElementType<any, keyof IntrinsicElements>' are callable.
    Type '"symbol"' has no call signatures.
app/api/exchange-rates/route.test.ts(80,12): error TS18046: 'res' is of type 'unknown'.
app/api/exchange-rates/route.test.ts(81,12): error TS18046: 'res' is of type 'unknown'.
app/api/exchange-rates/route.test.ts(82,12): error TS18046: 'res' is of type 'unknown'.
app/api/exchange-rates/route.test.ts(86,58): error TS2345: Argument of type '() => Promise<never>' is not assignable to parameter of type '(...args: any[]) => undefined'.
  Type 'Promise<never>' is not assignable to type 'undefined'.
app/api/exchange-rates/route.test.ts(88,32): error TS2349: This expression is not callable.
  Not all constituents of type 'ElementType<any, keyof IntrinsicElements>' are callable.
    Type '"symbol"' has no call signatures.
app/api/exchange-rates/route.test.ts(89,12): error TS18046: 'res' is of type 'unknown'.
app/api/inventory/dashboard/route.test.ts(28,5): error TS2322: Type '(req: NextRequest) => Promise<NextResponse<{ items: InventoryWithRelations[]; totalCount: number; stats: { totalItems: number; lowStockCount: number; outOfStockCount: number; totalValue: number; }; lowStockItems: LowStockItem[]; }> | NextResponse<...>>' is not assignable to type '(req?: unknown) => unknown'.
  Types of parameters 'req' and 'req' are incompatible.
    Type 'unknown' is not assignable to type 'NextRequest'.
app/api/inventory/dashboard/route.test.ts(38,79): error TS2322: Type 'Promise<{ items: never[]; }>' is not assignable to type 'undefined'.
app/api/inventory/dashboard/route.test.ts(40,12): error TS18046: 'res' is of type 'unknown'.
app/api/inventory/dashboard/route.test.ts(41,12): error TS18046: 'res' is of type 'unknown'.
app/api/inventory/dashboard/route.test.ts(45,67): error TS2345: Argument of type '() => Promise<never>' is not assignable to parameter of type '(...args: any[]) => undefined'.
  Type 'Promise<never>' is not assignable to type 'undefined'.
app/api/inventory/dashboard/route.test.ts(49,12): error TS18046: 'res' is of type 'unknown'.
app/api/inventory/dashboard/route.test.ts(50,12): error TS18046: 'res' is of type 'unknown'.
app/api/inventory/dashboard/route.test.ts(54,67): error TS2345: Argument of type '() => Promise<never>' is not assignable to parameter of type '(...args: any[]) => undefined'.
  Type 'Promise<never>' is not assignable to type 'undefined'.
app/api/inventory/dashboard/route.test.ts(58,12): error TS18046: 'res' is of type 'unknown'.
app/api/inventory/dashboard/route.test.ts(59,12): error TS18046: 'res' is of type 'unknown'.
app/api/overview/dashboard/route.test.ts(24,5): error TS2322: Type '() => Promise<NextResponse<DashboardData & { alerts: ActionRequiredItems[]; }> | NextResponse<{ error: string; }>>' is not assignable to type 'ElementType<any, keyof IntrinsicElements>'.
  Type '() => Promise<NextResponse<DashboardData & { alerts: ActionRequiredItems[]; }> | NextResponse<{ error: string; }>>' is not assignable to type 'FunctionComponent<any>'.
    Type 'Promise<NextResponse<DashboardData & { alerts: ActionRequiredItems[]; }> | NextResponse<{ error: string; }>>' is not assignable to type 'ReactNode | Promise<ReactNode>'.
      Type 'Promise<NextResponse<DashboardData & { alerts: ActionRequiredItems[]; }> | NextResponse<{ error: string; }>>' is not assignable to type 'ReactElement<unknown, string | JSXElementConstructor<any>> | Iterable<ReactNode> | ReactPortal | Promise<...> | Promise<...>'.
        Type 'Promise<NextResponse<DashboardData & { alerts: ActionRequiredItems[]; }> | NextResponse<{ error: string; }>>' is not assignable to type 'Promise<AwaitedReactNode>'.
          Type 'NextResponse<DashboardData & { alerts: ActionRequiredItems[]; }> | NextResponse<{ error: string; }>' is not assignable to type 'AwaitedReactNode'.
            Type 'NextResponse<DashboardData & { alerts: ActionRequiredItems[]; }>' is not assignable to type 'AwaitedReactNode'.
              Type 'NextResponse<DashboardData & { alerts: ActionRequiredItems[]; }>' is missing the following properties from type 'ReactElement<unknown, string | JSXElementConstructor<any>>': props, key
app/api/overview/dashboard/route.test.ts(34,74): error TS2322: Type 'Promise<{ totalShipments: number; }>' is not assignable to type 'undefined'.
app/api/overview/dashboard/route.test.ts(36,32): error TS2349: This expression is not callable.
  Not all constituents of type 'ElementType<any, keyof IntrinsicElements>' are callable.
    Type '"symbol"' has no call signatures.
app/api/overview/dashboard/route.test.ts(37,12): error TS18046: 'res' is of type 'unknown'.
app/api/overview/dashboard/route.test.ts(38,12): error TS18046: 'res' is of type 'unknown'.
app/api/overview/dashboard/route.test.ts(42,62): error TS2345: Argument of type '() => Promise<never>' is not assignable to parameter of type '(...args: any[]) => undefined'.
  Type 'Promise<never>' is not assignable to type 'undefined'.
app/api/overview/dashboard/route.test.ts(45,32): error TS2349: This expression is not callable.
  Not all constituents of type 'ElementType<any, keyof IntrinsicElements>' are callable.
    Type '"symbol"' has no call signatures.
app/api/overview/dashboard/route.test.ts(46,12): error TS18046: 'res' is of type 'unknown'.
app/api/overview/dashboard/route.test.ts(47,12): error TS18046: 'res' is of type 'unknown'.
app/api/overview/dashboard/route.test.ts(51,62): error TS2345: Argument of type '() => Promise<never>' is not assignable to parameter of type '(...args: any[]) => undefined'.
  Type 'Promise<never>' is not assignable to type 'undefined'.
app/api/overview/dashboard/route.test.ts(54,32): error TS2349: This expression is not callable.
  Not all constituents of type 'ElementType<any, keyof IntrinsicElements>' are callable.
    Type '"symbol"' has no call signatures.
app/api/overview/dashboard/route.test.ts(55,12): error TS18046: 'res' is of type 'unknown'.
app/api/overview/dashboard/route.test.ts(56,12): error TS18046: 'res' is of type 'unknown'.
app/api/reports/dashboard/route.test.ts(24,5): error TS2322: Type '() => Promise<NextResponse<ReportsData | null> | NextResponse<{ error: string; }>>' is not assignable to type 'ElementType<any, keyof IntrinsicElements>'.
  Type '() => Promise<NextResponse<ReportsData | null> | NextResponse<{ error: string; }>>' is not assignable to type 'FunctionComponent<any>'.
    Type 'Promise<NextResponse<ReportsData | null> | NextResponse<{ error: string; }>>' is not assignable to type 'ReactNode | Promise<ReactNode>'.
      Type 'Promise<NextResponse<ReportsData | null> | NextResponse<{ error: string; }>>' is not assignable to type 'ReactElement<unknown, string | JSXElementConstructor<any>> | Iterable<ReactNode> | ReactPortal | Promise<...> | Promise<...>'.
        Type 'Promise<NextResponse<ReportsData | null> | NextResponse<{ error: string; }>>' is not assignable to type 'Promise<AwaitedReactNode>'.
          Type 'NextResponse<ReportsData | null> | NextResponse<{ error: string; }>' is not assignable to type 'AwaitedReactNode'.
            Type 'NextResponse<ReportsData | null>' is not assignable to type 'AwaitedReactNode'.
              Type 'NextResponse<ReportsData | null>' is missing the following properties from type 'ReactElement<unknown, string | JSXElementConstructor<any>>': props, key
app/api/reports/dashboard/route.test.ts(34,70): error TS2322: Type 'Promise<{ fleet: {}; inventory: {}; }>' is not assignable to type 'undefined'.
app/api/reports/dashboard/route.test.ts(35,32): error TS2349: This expression is not callable.
  Not all constituents of type 'ElementType<any, keyof IntrinsicElements>' are callable.
    Type '"symbol"' has no call signatures.
app/api/reports/dashboard/route.test.ts(36,12): error TS18046: 'res' is of type 'unknown'.
app/api/reports/dashboard/route.test.ts(37,12): error TS18046: 'res' is of type 'unknown'.
app/api/reports/dashboard/route.test.ts(41,58): error TS2345: Argument of type '() => Promise<never>' is not assignable to parameter of type '(...args: any[]) => undefined'.
  Type 'Promise<never>' is not assignable to type 'undefined'.
app/api/reports/dashboard/route.test.ts(44,32): error TS2349: This expression is not callable.
  Not all constituents of type 'ElementType<any, keyof IntrinsicElements>' are callable.
    Type '"symbol"' has no call signatures.
app/api/reports/dashboard/route.test.ts(45,12): error TS18046: 'res' is of type 'unknown'.
app/api/reports/dashboard/route.test.ts(49,58): error TS2345: Argument of type '() => Promise<never>' is not assignable to parameter of type '(...args: any[]) => undefined'.
  Type 'Promise<never>' is not assignable to type 'undefined'.
app/api/reports/dashboard/route.test.ts(52,32): error TS2349: This expression is not callable.
  Not all constituents of type 'ElementType<any, keyof IntrinsicElements>' are callable.
    Type '"symbol"' has no call signatures.
app/api/reports/dashboard/route.test.ts(53,12): error TS18046: 'res' is of type 'unknown'.
app/api/routes/dashboard/route.test.ts(28,5): error TS2322: Type '(req: NextRequest) => Promise<NextResponse<{ routes: RouteWithRelations[]; totalCount: number; stats: RouteStats; efficiency: RouteEfficiencyStats; mapData: MapRouteData[]; }> | NextResponse<...>>' is not assignable to type 'ElementType<any, keyof IntrinsicElements>'.
  Type '(req: NextRequest) => Promise<NextResponse<{ routes: RouteWithRelations[]; totalCount: number; stats: RouteStats; efficiency: RouteEfficiencyStats; mapData: MapRouteData[]; }> | NextResponse<...>>' is not assignable to type 'FunctionComponent<any>'.
    Type 'Promise<NextResponse<{ routes: RouteWithRelations[]; totalCount: number; stats: RouteStats; efficiency: RouteEfficiencyStats; mapData: MapRouteData[]; }> | NextResponse<...>>' is not assignable to type 'ReactNode | Promise<ReactNode>'.
      Type 'Promise<NextResponse<{ routes: RouteWithRelations[]; totalCount: number; stats: RouteStats; efficiency: RouteEfficiencyStats; mapData: MapRouteData[]; }> | NextResponse<...>>' is not assignable to type 'ReactElement<unknown, string | JSXElementConstructor<any>> | Iterable<ReactNode> | ReactPortal | Promise<...> | Promise<...>'.
        Type 'Promise<NextResponse<{ routes: RouteWithRelations[]; totalCount: number; stats: RouteStats; efficiency: RouteEfficiencyStats; mapData: MapRouteData[]; }> | NextResponse<...>>' is not assignable to type 'Promise<AwaitedReactNode>'.
          Type 'NextResponse<{ routes: RouteWithRelations[]; totalCount: number; stats: RouteStats; efficiency: RouteEfficiencyStats; mapData: MapRouteData[]; }> | NextResponse<...>' is not assignable to type 'AwaitedReactNode'.
            Type 'NextResponse<{ routes: RouteWithRelations[]; totalCount: number; stats: RouteStats; efficiency: RouteEfficiencyStats; mapData: MapRouteData[]; }>' is not assignable to type 'AwaitedReactNode'.
              Type 'NextResponse<{ routes: RouteWithRelations[]; totalCount: number; stats: RouteStats; efficiency: RouteEfficiencyStats; mapData: MapRouteData[]; }>' is missing the following properties from type 'ReactElement<unknown, string | JSXElementConstructor<any>>': props, key
app/api/routes/dashboard/route.test.ts(37,76): error TS2322: Type 'Promise<{}>' is not assignable to type 'undefined'.
app/api/routes/dashboard/route.test.ts(38,11): error TS2349: This expression is not callable.
  Not all constituents of type 'ElementType<any, keyof IntrinsicElements>' are callable.
    Type '"symbol"' has no call signatures.
app/api/routes/dashboard/route.test.ts(43,76): error TS2322: Type 'Promise<{}>' is not assignable to type 'undefined'.
app/api/routes/dashboard/route.test.ts(44,11): error TS2349: This expression is not callable.
  Not all constituents of type 'ElementType<any, keyof IntrinsicElements>' are callable.
    Type '"symbol"' has no call signatures.
app/api/routes/dashboard/route.test.ts(49,64): error TS2345: Argument of type '() => Promise<never>' is not assignable to parameter of type '(...args: any[]) => undefined'.
  Type 'Promise<never>' is not assignable to type 'undefined'.
app/api/routes/dashboard/route.test.ts(50,32): error TS2349: This expression is not callable.
  Not all constituents of type 'ElementType<any, keyof IntrinsicElements>' are callable.
    Type '"symbol"' has no call signatures.
app/api/routes/dashboard/route.test.ts(51,12): error TS18046: 'res' is of type 'unknown'.
app/api/routes/dashboard/route.test.ts(55,64): error TS2345: Argument of type '() => Promise<never>' is not assignable to parameter of type '(...args: any[]) => undefined'.
  Type 'Promise<never>' is not assignable to type 'undefined'.
app/api/routes/dashboard/route.test.ts(56,32): error TS2349: This expression is not callable.
  Not all constituents of type 'ElementType<any, keyof IntrinsicElements>' are callable.
    Type '"symbol"' has no call signatures.
app/api/routes/dashboard/route.test.ts(57,12): error TS18046: 'res' is of type 'unknown'.
app/api/routes/route.test.ts(28,5): error TS2322: Type '(req: NextRequest) => Promise<NextResponse<{ routes: ({ driver: ({ user: { id: string; name: string; avatarUrl: string | null; surname: string; }; } & { companyId: string | null; status: DriverStatus; ... 15 more ...; homeBaseWarehouseId: string | null; }) | null; vehicle: { ...; } | null; shipments: { ...; }[]; } &...' is not assignable to type 'ElementType<any, keyof IntrinsicElements>'.
  Type '(req: NextRequest) => Promise<NextResponse<{ routes: ({ driver: ({ user: { id: string; name: string; avatarUrl: string | null; surname: string; }; } & { companyId: string | null; status: DriverStatus; ... 15 more ...; homeBaseWarehouseId: string | null; }) | null; vehicle: { ...; } | null; shipments: { ...; }[]; } &...' is not assignable to type 'FunctionComponent<any>'.
    Type 'Promise<NextResponse<{ routes: ({ driver: ({ user: { id: string; name: string; avatarUrl: string | null; surname: string; }; } & { companyId: string | null; status: DriverStatus; id: string; ... 14 more ...; homeBaseWarehouseId: string | null; }) | null; vehicle: { ...; } | null; shipments: { ...; }[]; } & { ...; })...' is not assignable to type 'ReactNode | Promise<ReactNode>'.
      Type 'Promise<NextResponse<{ routes: ({ driver: ({ user: { id: string; name: string; avatarUrl: string | null; surname: string; }; } & { companyId: string | null; status: DriverStatus; id: string; ... 14 more ...; homeBaseWarehouseId: string | null; }) | null; vehicle: { ...; } | null; shipments: { ...; }[]; } & { ...; })...' is not assignable to type 'ReactElement<unknown, string | JSXElementConstructor<any>> | Iterable<ReactNode> | ReactPortal | Promise<...> | Promise<...>'.
        Type 'Promise<NextResponse<{ routes: ({ driver: ({ user: { id: string; name: string; avatarUrl: string | null; surname: string; }; } & { companyId: string | null; status: DriverStatus; id: string; ... 14 more ...; homeBaseWarehouseId: string | null; }) | null; vehicle: { ...; } | null; shipments: { ...; }[]; } & { ...; })...' is not assignable to type 'Promise<AwaitedReactNode>'.
          Type 'NextResponse<{ routes: ({ driver: ({ user: { id: string; name: string; avatarUrl: string | null; surname: string; }; } & { companyId: string | null; status: DriverStatus; id: string; createdAt: Date; ... 13 more ...; homeBaseWarehouseId: string | null; }) | null; vehicle: { ...; } | null; shipments: { ...; }[]; } & ...' is not assignable to type 'AwaitedReactNode'.
            Type 'NextResponse<{ routes: ({ driver: ({ user: { id: string; name: string; avatarUrl: string | null; surname: string; }; } & { companyId: string | null; status: DriverStatus; id: string; createdAt: Date; ... 13 more ...; homeBaseWarehouseId: string | null; }) | null; vehicle: { ...; } | null; shipments: { ...; }[]; } & ...' is not assignable to type 'AwaitedReactNode'.
              Type 'NextResponse<{ routes: ({ driver: ({ user: { id: string; name: string; avatarUrl: string | null; surname: string; }; } & { companyId: string | null; status: DriverStatus; id: string; createdAt: Date; ... 13 more ...; homeBaseWarehouseId: string | null; }) | null; vehicle: { ...; } | null; shipments: { ...; }[]; } & ...' is missing the following properties from type 'ReactElement<unknown, string | JSXElementConstructor<any>>': props, key
app/api/routes/route.test.ts(37,59): error TS2322: Type 'Promise<never[]>' is not assignable to type 'undefined'.
app/api/routes/route.test.ts(38,11): error TS2349: This expression is not callable.
  Not all constituents of type 'ElementType<any, keyof IntrinsicElements>' are callable.
    Type '"symbol"' has no call signatures.
app/api/routes/route.test.ts(43,59): error TS2322: Type 'Promise<never[]>' is not assignable to type 'undefined'.
app/api/routes/route.test.ts(44,11): error TS2349: This expression is not callable.
  Not all constituents of type 'ElementType<any, keyof IntrinsicElements>' are callable.
    Type '"symbol"' has no call signatures.
app/api/routes/route.test.ts(49,47): error TS2345: Argument of type '() => Promise<never>' is not assignable to parameter of type '(...args: any[]) => undefined'.
  Type 'Promise<never>' is not assignable to type 'undefined'.
app/api/routes/route.test.ts(50,32): error TS2349: This expression is not callable.
  Not all constituents of type 'ElementType<any, keyof IntrinsicElements>' are callable.
    Type '"symbol"' has no call signatures.
app/api/routes/route.test.ts(51,12): error TS18046: 'res' is of type 'unknown'.
app/api/routes/route.test.ts(55,47): error TS2345: Argument of type '() => Promise<never>' is not assignable to parameter of type '(...args: any[]) => undefined'.
  Type 'Promise<never>' is not assignable to type 'undefined'.
app/api/routes/route.test.ts(56,32): error TS2349: This expression is not callable.
  Not all constituents of type 'ElementType<any, keyof IntrinsicElements>' are callable.
    Type '"symbol"' has no call signatures.
app/api/routes/route.test.ts(57,12): error TS18046: 'res' is of type 'unknown'.
app/api/shipments/dashboard/route.test.ts(32,5): error TS2322: Type '(req: NextRequest) => Promise<NextResponse<{ shipments: ShipmentWithRelations[]; totalCount: number; stats: ShipmentStats; statsTrends: { total: { ...; } | undefined; active: { ...; } | undefined; delayed: { ...; } | undefined; inTransit: { ...; } | undefined; }; volumeHistory: ShipmentVolumeData[]; statusDistributi...' is not assignable to type 'ElementType<any, keyof IntrinsicElements>'.
  Type '(req: NextRequest) => Promise<NextResponse<{ shipments: ShipmentWithRelations[]; totalCount: number; stats: ShipmentStats; statsTrends: { total: { ...; } | undefined; active: { ...; } | undefined; delayed: { ...; } | undefined; inTransit: { ...; } | undefined; }; volumeHistory: ShipmentVolumeData[]; statusDistributi...' is not assignable to type 'FunctionComponent<any>'.
    Type 'Promise<NextResponse<{ shipments: ShipmentWithRelations[]; totalCount: number; stats: ShipmentStats; statsTrends: { total: { value: number; isUp: boolean; } | undefined; active: { ...; } | undefined; delayed: { ...; } | undefined; inTransit: { ...; } | undefined; }; volumeHistory: ShipmentVolumeData[]; statusDistrib...' is not assignable to type 'ReactNode | Promise<ReactNode>'.
      Type 'Promise<NextResponse<{ shipments: ShipmentWithRelations[]; totalCount: number; stats: ShipmentStats; statsTrends: { total: { value: number; isUp: boolean; } | undefined; active: { ...; } | undefined; delayed: { ...; } | undefined; inTransit: { ...; } | undefined; }; volumeHistory: ShipmentVolumeData[]; statusDistrib...' is not assignable to type 'ReactElement<unknown, string | JSXElementConstructor<any>> | Iterable<ReactNode> | ReactPortal | Promise<...> | Promise<...>'.
        Type 'Promise<NextResponse<{ shipments: ShipmentWithRelations[]; totalCount: number; stats: ShipmentStats; statsTrends: { total: { value: number; isUp: boolean; } | undefined; active: { ...; } | undefined; delayed: { ...; } | undefined; inTransit: { ...; } | undefined; }; volumeHistory: ShipmentVolumeData[]; statusDistrib...' is not assignable to type 'Promise<AwaitedReactNode>'.
          Type 'NextResponse<{ shipments: ShipmentWithRelations[]; totalCount: number; stats: ShipmentStats; statsTrends: { total: { value: number; isUp: boolean; } | undefined; active: { ...; } | undefined; delayed: { ...; } | undefined; inTransit: { ...; } | undefined; }; volumeHistory: ShipmentVolumeData[]; statusDistribution: S...' is not assignable to type 'AwaitedReactNode'.
            Type 'NextResponse<{ shipments: ShipmentWithRelations[]; totalCount: number; stats: ShipmentStats; statsTrends: { total: { value: number; isUp: boolean; } | undefined; active: { ...; } | undefined; delayed: { ...; } | undefined; inTransit: { ...; } | undefined; }; volumeHistory: ShipmentVolumeData[]; statusDistribution: S...' is not assignable to type 'AwaitedReactNode'.
              Type 'NextResponse<{ shipments: ShipmentWithRelations[]; totalCount: number; stats: ShipmentStats; statsTrends: { total: { value: number; isUp: boolean; } | undefined; active: { ...; } | undefined; delayed: { ...; } | undefined; inTransit: { ...; } | undefined; }; volumeHistory: ShipmentVolumeData[]; statusDistribution: S...' is missing the following properties from type 'ReactElement<unknown, string | JSXElementConstructor<any>>': props, key
app/api/shipments/dashboard/route.test.ts(41,79): error TS2322: Type 'Promise<{}>' is not assignable to type 'undefined'.
app/api/shipments/dashboard/route.test.ts(42,11): error TS2349: This expression is not callable.
  Not all constituents of type 'ElementType<any, keyof IntrinsicElements>' are callable.
    Type '"symbol"' has no call signatures.
app/api/shipments/dashboard/route.test.ts(47,79): error TS2322: Type 'Promise<{}>' is not assignable to type 'undefined'.
app/api/shipments/dashboard/route.test.ts(48,11): error TS2349: This expression is not callable.
  Not all constituents of type 'ElementType<any, keyof IntrinsicElements>' are callable.
    Type '"symbol"' has no call signatures.
app/api/shipments/dashboard/route.test.ts(57,67): error TS2345: Argument of type '() => Promise<never>' is not assignable to parameter of type '(...args: any[]) => undefined'.
  Type 'Promise<never>' is not assignable to type 'undefined'.
app/api/shipments/dashboard/route.test.ts(58,32): error TS2349: This expression is not callable.
  Not all constituents of type 'ElementType<any, keyof IntrinsicElements>' are callable.
    Type '"symbol"' has no call signatures.
app/api/shipments/dashboard/route.test.ts(59,12): error TS18046: 'res' is of type 'unknown'.
app/api/shipments/dashboard/route.test.ts(63,67): error TS2345: Argument of type '() => Promise<never>' is not assignable to parameter of type '(...args: any[]) => undefined'.
  Type 'Promise<never>' is not assignable to type 'undefined'.
app/api/shipments/dashboard/route.test.ts(64,32): error TS2349: This expression is not callable.
  Not all constituents of type 'ElementType<any, keyof IntrinsicElements>' are callable.
    Type '"symbol"' has no call signatures.
app/api/shipments/dashboard/route.test.ts(65,12): error TS18046: 'res' is of type 'unknown'.
app/api/shipments/route.test.ts(32,5): error TS2322: Type '(req: NextRequest) => Promise<NextResponse<ShipmentWithRelations[] | { shipments: ShipmentWithRelations[]; totalCount: number; }> | NextResponse<...>>' is not assignable to type 'ElementType<any, keyof IntrinsicElements>'.
  Type '(req: NextRequest) => Promise<NextResponse<ShipmentWithRelations[] | { shipments: ShipmentWithRelations[]; totalCount: number; }> | NextResponse<...>>' is not assignable to type 'FunctionComponent<any>'.
    Type 'Promise<NextResponse<ShipmentWithRelations[] | { shipments: ShipmentWithRelations[]; totalCount: number; }> | NextResponse<{ error: string; }>>' is not assignable to type 'ReactNode | Promise<ReactNode>'.
      Type 'Promise<NextResponse<ShipmentWithRelations[] | { shipments: ShipmentWithRelations[]; totalCount: number; }> | NextResponse<{ error: string; }>>' is not assignable to type 'ReactElement<unknown, string | JSXElementConstructor<any>> | Iterable<ReactNode> | ReactPortal | Promise<...> | Promise<...>'.
        Type 'Promise<NextResponse<ShipmentWithRelations[] | { shipments: ShipmentWithRelations[]; totalCount: number; }> | NextResponse<{ error: string; }>>' is not assignable to type 'Promise<AwaitedReactNode>'.
          Type 'NextResponse<ShipmentWithRelations[] | { shipments: ShipmentWithRelations[]; totalCount: number; }> | NextResponse<{ error: string; }>' is not assignable to type 'AwaitedReactNode'.
            Type 'NextResponse<ShipmentWithRelations[] | { shipments: ShipmentWithRelations[]; totalCount: number; }>' is not assignable to type 'AwaitedReactNode'.
              Type 'NextResponse<ShipmentWithRelations[] | { shipments: ShipmentWithRelations[]; totalCount: number; }>' is missing the following properties from type 'ReactElement<unknown, string | JSXElementConstructor<any>>': props, key
app/api/shipments/route.test.ts(42,62): error TS2322: Type 'Promise<{ shipments: never[]; }>' is not assignable to type 'undefined'.
app/api/shipments/route.test.ts(43,32): error TS2349: This expression is not callable.
  Not all constituents of type 'ElementType<any, keyof IntrinsicElements>' are callable.
    Type '"symbol"' has no call signatures.
app/api/shipments/route.test.ts(45,12): error TS18046: 'res' is of type 'unknown'.
app/api/shipments/route.test.ts(49,62): error TS2322: Type 'Promise<{}>' is not assignable to type 'undefined'.
app/api/shipments/route.test.ts(50,11): error TS2349: This expression is not callable.
  Not all constituents of type 'ElementType<any, keyof IntrinsicElements>' are callable.
    Type '"symbol"' has no call signatures.
app/api/shipments/route.test.ts(60,50): error TS2345: Argument of type '() => Promise<never>' is not assignable to parameter of type '(...args: any[]) => undefined'.
  Type 'Promise<never>' is not assignable to type 'undefined'.
app/api/shipments/route.test.ts(61,32): error TS2349: This expression is not callable.
  Not all constituents of type 'ElementType<any, keyof IntrinsicElements>' are callable.
    Type '"symbol"' has no call signatures.
app/api/shipments/route.test.ts(62,12): error TS18046: 'res' is of type 'unknown'.
app/api/shipments/route.test.ts(66,50): error TS2345: Argument of type '() => Promise<never>' is not assignable to parameter of type '(...args: any[]) => undefined'.
  Type 'Promise<never>' is not assignable to type 'undefined'.
app/api/shipments/route.test.ts(67,32): error TS2349: This expression is not callable.
  Not all constituents of type 'ElementType<any, keyof IntrinsicElements>' are callable.
    Type '"symbol"' has no call signatures.
app/api/shipments/route.test.ts(68,12): error TS18046: 'res' is of type 'unknown'.
app/api/trailers/route.test.ts(37,5): error TS2322: Type '(req: NextRequest) => Promise<NextResponse<{ trailers: { currentWeightKg: number; currentVolumeM3: number; _count: { documents: number; issues: number; shipments: number; }; currentVehicle: { ...; } | null; ... 11 more ...; isColdChain: boolean; }[]; meta: { ...; }; }> | NextResponse<...>>' is not assignable to type 'ElementType<any, keyof IntrinsicElements>'.
  Type '(req: NextRequest) => Promise<NextResponse<{ trailers: { currentWeightKg: number; currentVolumeM3: number; _count: { documents: number; issues: number; shipments: number; }; currentVehicle: { ...; } | null; ... 11 more ...; isColdChain: boolean; }[]; meta: { ...; }; }> | NextResponse<...>>' is not assignable to type 'FunctionComponent<any>'.
    Type 'Promise<NextResponse<{ trailers: { currentWeightKg: number; currentVolumeM3: number; _count: { documents: number; issues: number; shipments: number; }; currentVehicle: { id: string; fleetNo: string; plate: string; } | null; ... 11 more ...; isColdChain: boolean; }[]; meta: { ...; }; }> | NextResponse<...>>' is not assignable to type 'ReactNode | Promise<ReactNode>'.
      Type 'Promise<NextResponse<{ trailers: { currentWeightKg: number; currentVolumeM3: number; _count: { documents: number; issues: number; shipments: number; }; currentVehicle: { id: string; fleetNo: string; plate: string; } | null; ... 11 more ...; isColdChain: boolean; }[]; meta: { ...; }; }> | NextResponse<...>>' is not assignable to type 'ReactElement<unknown, string | JSXElementConstructor<any>> | Iterable<ReactNode> | ReactPortal | Promise<...> | Promise<...>'.
        Type 'Promise<NextResponse<{ trailers: { currentWeightKg: number; currentVolumeM3: number; _count: { documents: number; issues: number; shipments: number; }; currentVehicle: { id: string; fleetNo: string; plate: string; } | null; ... 11 more ...; isColdChain: boolean; }[]; meta: { ...; }; }> | NextResponse<...>>' is not assignable to type 'Promise<AwaitedReactNode>'.
          Type 'NextResponse<{ trailers: { currentWeightKg: number; currentVolumeM3: number; _count: { documents: number; issues: number; shipments: number; }; currentVehicle: { id: string; fleetNo: string; plate: string; } | null; ... 11 more ...; isColdChain: boolean; }[]; meta: { ...; }; }> | NextResponse<...>' is not assignable to type 'AwaitedReactNode'.
            Type 'NextResponse<{ trailers: { currentWeightKg: number; currentVolumeM3: number; _count: { documents: number; issues: number; shipments: number; }; currentVehicle: { id: string; fleetNo: string; plate: string; } | null; ... 11 more ...; isColdChain: boolean; }[]; meta: { ...; }; }>' is not assignable to type 'AwaitedReactNode'.
              Type 'NextResponse<{ trailers: { currentWeightKg: number; currentVolumeM3: number; _count: { documents: number; issues: number; shipments: number; }; currentVehicle: { id: string; fleetNo: string; plate: string; } | null; ... 11 more ...; isColdChain: boolean; }[]; meta: { ...; }; }>' is missing the following properties from type 'ReactElement<unknown, string | JSXElementConstructor<any>>': props, key
app/api/trailers/route.test.ts(47,61): error TS2322: Type 'Promise<{ trailers: never[]; }>' is not assignable to type 'undefined'.
app/api/trailers/route.test.ts(48,32): error TS2349: This expression is not callable.
  Not all constituents of type 'ElementType<any, keyof IntrinsicElements>' are callable.
    Type '"symbol"' has no call signatures.
app/api/trailers/route.test.ts(50,12): error TS18046: 'res' is of type 'unknown'.
app/api/trailers/route.test.ts(54,61): error TS2322: Type 'Promise<{}>' is not assignable to type 'undefined'.
app/api/trailers/route.test.ts(55,11): error TS2349: This expression is not callable.
  Not all constituents of type 'ElementType<any, keyof IntrinsicElements>' are callable.
    Type '"symbol"' has no call signatures.
app/api/trailers/route.test.ts(65,49): error TS2345: Argument of type '() => Promise<never>' is not assignable to parameter of type '(...args: any[]) => undefined'.
  Type 'Promise<never>' is not assignable to type 'undefined'.
app/api/trailers/route.test.ts(66,32): error TS2349: This expression is not callable.
  Not all constituents of type 'ElementType<any, keyof IntrinsicElements>' are callable.
    Type '"symbol"' has no call signatures.
app/api/trailers/route.test.ts(67,12): error TS18046: 'res' is of type 'unknown'.
app/api/trailers/route.test.ts(71,49): error TS2345: Argument of type '() => Promise<never>' is not assignable to parameter of type '(...args: any[]) => undefined'.
  Type 'Promise<never>' is not assignable to type 'undefined'.
app/api/trailers/route.test.ts(72,32): error TS2349: This expression is not callable.
  Not all constituents of type 'ElementType<any, keyof IntrinsicElements>' are callable.
    Type '"symbol"' has no call signatures.
app/api/trailers/route.test.ts(73,12): error TS18046: 'res' is of type 'unknown'.
app/api/vehicles/[id]/location/route.test.ts(39,5): error TS2322: Type '(request: NextRequest, { params }: { params: Promise<{ id: string; }>; }) => Promise<NextResponse<{ error: string; }> | NextResponse<{ success: boolean; vehicleId: string; plate: string; location: { ...; }; message: string; }>>' is not assignable to type 'ElementType<any, keyof IntrinsicElements>'.
  Type '(request: NextRequest, { params }: { params: Promise<{ id: string; }>; }) => Promise<NextResponse<{ error: string; }> | NextResponse<{ success: boolean; vehicleId: string; plate: string; location: { ...; }; message: string; }>>' is not assignable to type 'FunctionComponent<any>'.
    Target signature provides too few arguments. Expected 2 or more, but got 1.
app/api/vehicles/[id]/location/route.test.ts(40,5): error TS2322: Type '(_request: NextRequest, { params }: { params: Promise<{ id: string; }>; }) => Promise<NextResponse<{ error: string; }> | NextResponse<{ vehicleId: string; plate: string; liveLocation: any; dbLocation: { ...; } | null; source: string; }>>' is not assignable to type 'ElementType<any, keyof IntrinsicElements>'.
  Type '(_request: NextRequest, { params }: { params: Promise<{ id: string; }>; }) => Promise<NextResponse<{ error: string; }> | NextResponse<{ vehicleId: string; plate: string; liveLocation: any; dbLocation: { ...; } | null; source: string; }>>' is not assignable to type 'FunctionComponent<any>'.
    Target signature provides too few arguments. Expected 2 or more, but got 1.
app/api/vehicles/[id]/location/route.test.ts(62,67): error TS2322: Type 'Promise<null>' is not assignable to type 'undefined'.
app/api/vehicles/[id]/location/route.test.ts(63,32): error TS2349: This expression is not callable.
  Not all constituents of type 'ElementType<any, keyof IntrinsicElements>' are callable.
    Type '"symbol"' has no call signatures.
app/api/vehicles/[id]/location/route.test.ts(64,12): error TS18046: 'res' is of type 'unknown'.
app/api/vehicles/[id]/location/route.test.ts(68,67): error TS2322: Type 'Promise<{ id: string; plate: string; }>' is not assignable to type 'undefined'.
app/api/vehicles/[id]/location/route.test.ts(69,32): error TS2349: This expression is not callable.
  Not all constituents of type 'ElementType<any, keyof IntrinsicElements>' are callable.
    Type '"symbol"' has no call signatures.
app/api/vehicles/[id]/location/route.test.ts(70,12): error TS18046: 'res' is of type 'unknown'.
app/api/vehicles/[id]/location/route.test.ts(74,67): error TS2322: Type 'Promise<{ id: string; plate: string; }>' is not assignable to type 'undefined'.
app/api/vehicles/[id]/location/route.test.ts(75,32): error TS2349: This expression is not callable.
  Not all constituents of type 'ElementType<any, keyof IntrinsicElements>' are callable.
    Type '"symbol"' has no call signatures.
app/api/vehicles/[id]/location/route.test.ts(76,12): error TS18046: 'res' is of type 'unknown'.
app/api/vehicles/[id]/location/route.test.ts(80,67): error TS2322: Type 'Promise<{ id: string; plate: string; }>' is not assignable to type 'undefined'.
app/api/vehicles/[id]/location/route.test.ts(81,32): error TS2349: This expression is not callable.
  Not all constituents of type 'ElementType<any, keyof IntrinsicElements>' are callable.
    Type '"symbol"' has no call signatures.
app/api/vehicles/[id]/location/route.test.ts(83,12): error TS18046: 'res' is of type 'unknown'.
app/api/vehicles/[id]/location/route.test.ts(84,12): error TS18046: 'res' is of type 'unknown'.
app/api/vehicles/[id]/location/route.test.ts(85,12): error TS18046: 'res' is of type 'unknown'.
app/api/vehicles/[id]/location/route.test.ts(90,67): error TS2322: Type 'Promise<null>' is not assignable to type 'undefined'.
app/api/vehicles/[id]/location/route.test.ts(91,32): error TS2349: This expression is not callable.
  Not all constituents of type 'ElementType<any, keyof IntrinsicElements>' are callable.
    Type '"symbol"' has no call signatures.
app/api/vehicles/[id]/location/route.test.ts(92,12): error TS18046: 'res' is of type 'unknown'.
app/api/vehicles/[id]/location/route.test.ts(96,67): error TS2322: Type 'Promise<{ id: string; plate: string; currentLat: number; currentLng: number; }>' is not assignable to type 'undefined'.
app/api/vehicles/[id]/location/route.test.ts(99,32): error TS2349: This expression is not callable.
  Not all constituents of type 'ElementType<any, keyof IntrinsicElements>' are callable.
    Type '"symbol"' has no call signatures.
app/api/vehicles/[id]/location/route.test.ts(100,12): error TS18046: 'res' is of type 'unknown'.
app/api/vehicles/[id]/location/route.test.ts(101,12): error TS18046: 'res' is of type 'unknown'.
app/api/vehicles/[id]/location/route.test.ts(102,12): error TS18046: 'res' is of type 'unknown'.
app/api/vehicles/dashboard/route.test.ts(83,5): error TS2322: Type '(req: NextRequest) => Promise<NextResponse<{ error: string; }> | NextResponse<{ vehicles: VehicleWithRelations[]; vehiclesKpis: { totalVehicles: number; ... 4 more ...; docsDueSoon: number; }; vehiclesCapacity: { ...; }[]; expiringDocs: { ...; }[]; plannedServices: { ...; }[]; kpiTrends: { ...; }; }>>' is not assignable to type 'ElementType<any, keyof IntrinsicElements>'.
  Type '(req: NextRequest) => Promise<NextResponse<{ error: string; }> | NextResponse<{ vehicles: VehicleWithRelations[]; vehiclesKpis: { totalVehicles: number; ... 4 more ...; docsDueSoon: number; }; vehiclesCapacity: { ...; }[]; expiringDocs: { ...; }[]; plannedServices: { ...; }[]; kpiTrends: { ...; }; }>>' is not assignable to type 'FunctionComponent<any>'.
    Type 'Promise<NextResponse<{ error: string; }> | NextResponse<{ vehicles: VehicleWithRelations[]; vehiclesKpis: { totalVehicles: number; available: number; inService: number; onTrip: number; openIssues: number; docsDueSoon: number; }; vehiclesCapacity: { ...; }[]; expiringDocs: { ...; }[]; plannedServices: { ...; }[]; kpi...' is not assignable to type 'ReactNode | Promise<ReactNode>'.
      Type 'Promise<NextResponse<{ error: string; }> | NextResponse<{ vehicles: VehicleWithRelations[]; vehiclesKpis: { totalVehicles: number; available: number; inService: number; onTrip: number; openIssues: number; docsDueSoon: number; }; vehiclesCapacity: { ...; }[]; expiringDocs: { ...; }[]; plannedServices: { ...; }[]; kpi...' is not assignable to type 'ReactElement<unknown, string | JSXElementConstructor<any>> | Iterable<ReactNode> | ReactPortal | Promise<...> | Promise<...>'.
        Type 'Promise<NextResponse<{ error: string; }> | NextResponse<{ vehicles: VehicleWithRelations[]; vehiclesKpis: { totalVehicles: number; available: number; inService: number; onTrip: number; openIssues: number; docsDueSoon: number; }; vehiclesCapacity: { ...; }[]; expiringDocs: { ...; }[]; plannedServices: { ...; }[]; kpi...' is not assignable to type 'Promise<AwaitedReactNode>'.
          Type 'NextResponse<{ error: string; }> | NextResponse<{ vehicles: VehicleWithRelations[]; vehiclesKpis: { totalVehicles: number; available: number; inService: number; onTrip: number; openIssues: number; docsDueSoon: number; }; vehiclesCapacity: { ...; }[]; expiringDocs: { ...; }[]; plannedServices: { ...; }[]; kpiTrends: ...' is not assignable to type 'AwaitedReactNode'.
            Type 'NextResponse<{ error: string; }>' is not assignable to type 'AwaitedReactNode'.
              Type 'NextResponse<{ error: string; }>' is missing the following properties from type 'ReactElement<unknown, string | JSXElementConstructor<any>>': props, key
app/api/vehicles/dashboard/route.test.ts(95,70): error TS2322: Type 'Promise<null>' is not assignable to type 'undefined'.
app/api/vehicles/dashboard/route.test.ts(96,32): error TS2349: This expression is not callable.
  Not all constituents of type 'ElementType<any, keyof IntrinsicElements>' are callable.
    Type '"symbol"' has no call signatures.
app/api/vehicles/dashboard/route.test.ts(97,12): error TS18046: 'res' is of type 'unknown'.
app/api/vehicles/dashboard/route.test.ts(98,12): error TS18046: 'res' is of type 'unknown'.
app/api/vehicles/dashboard/route.test.ts(102,70): error TS2322: Type 'Promise<{ id: string; companyId: null; }>' is not assignable to type 'undefined'.
app/api/vehicles/dashboard/route.test.ts(103,32): error TS2349: This expression is not callable.
  Not all constituents of type 'ElementType<any, keyof IntrinsicElements>' are callable.
    Type '"symbol"' has no call signatures.
app/api/vehicles/dashboard/route.test.ts(104,12): error TS18046: 'res' is of type 'unknown'.
app/api/vehicles/dashboard/route.test.ts(105,12): error TS18046: 'res' is of type 'unknown'.
app/api/vehicles/dashboard/route.test.ts(109,70): error TS2322: Type 'Promise<{ id: string; companyId: string; }>' is not assignable to type 'undefined'.
app/api/vehicles/dashboard/route.test.ts(110,65): error TS2322: Type 'Promise<{ id: string; plate: string; }[]>' is not assignable to type 'Promise<never[]>'.
  Type '{ id: string; plate: string; }[]' is not assignable to type 'never[]'.
    Type '{ id: string; plate: string; }' is not assignable to type 'never'.
app/api/vehicles/dashboard/route.test.ts(113,32): error TS2349: This expression is not callable.
  Not all constituents of type 'ElementType<any, keyof IntrinsicElements>' are callable.
    Type '"symbol"' has no call signatures.
app/api/vehicles/dashboard/route.test.ts(117,12): error TS18046: 'res' is of type 'unknown'.
app/api/vehicles/dashboard/route.test.ts(118,12): error TS18046: 'res' is of type 'unknown'.
app/api/vehicles/dashboard/route.test.ts(119,12): error TS18046: 'res' is of type 'unknown'.
app/api/vehicles/dashboard/route.test.ts(120,12): error TS18046: 'res' is of type 'unknown'.
app/api/vehicles/dashboard/route.test.ts(124,70): error TS2322: Type 'Promise<{ id: string; companyId: string; }>' is not assignable to type 'undefined'.
app/api/vehicles/dashboard/route.test.ts(128,11): error TS2349: This expression is not callable.
  Not all constituents of type 'ElementType<any, keyof IntrinsicElements>' are callable.
    Type '"symbol"' has no call signatures.
app/api/vehicles/dashboard/route.test.ts(130,25): error TS2532: Object is possibly 'undefined'.
app/api/vehicles/dashboard/route.test.ts(130,69): error TS2493: Tuple type '[]' of length '0' has no element at index '0'.
app/api/vehicles/dashboard/route.test.ts(136,70): error TS2322: Type 'Promise<{ id: string; companyId: string; }>' is not assignable to type 'undefined'.
app/api/vehicles/dashboard/route.test.ts(140,11): error TS2349: This expression is not callable.
  Not all constituents of type 'ElementType<any, keyof IntrinsicElements>' are callable.
    Type '"symbol"' has no call signatures.
app/api/vehicles/dashboard/route.test.ts(142,25): error TS2532: Object is possibly 'undefined'.
app/api/vehicles/dashboard/route.test.ts(142,69): error TS2493: Tuple type '[]' of length '0' has no element at index '0'.
app/api/vehicles/dashboard/route.test.ts(147,70): error TS2322: Type 'Promise<{ id: string; companyId: string; }>' is not assignable to type 'undefined'.
app/api/vehicles/dashboard/route.test.ts(151,11): error TS2349: This expression is not callable.
  Not all constituents of type 'ElementType<any, keyof IntrinsicElements>' are callable.
    Type '"symbol"' has no call signatures.
app/api/vehicles/dashboard/route.test.ts(153,25): error TS2532: Object is possibly 'undefined'.
app/api/vehicles/dashboard/route.test.ts(153,69): error TS2493: Tuple type '[]' of length '0' has no element at index '0'.
app/api/vehicles/dashboard/route.test.ts(158,58): error TS2345: Argument of type '() => Promise<never>' is not assignable to parameter of type '(...args: any[]) => undefined'.
  Type 'Promise<never>' is not assignable to type 'undefined'.
app/api/vehicles/dashboard/route.test.ts(159,32): error TS2349: This expression is not callable.
  Not all constituents of type 'ElementType<any, keyof IntrinsicElements>' are callable.
    Type '"symbol"' has no call signatures.
app/api/vehicles/dashboard/route.test.ts(160,12): error TS18046: 'res' is of type 'unknown'.
app/api/vehicles/dashboard/route.test.ts(164,58): error TS2345: Argument of type '() => Promise<never>' is not assignable to parameter of type '(...args: any[]) => undefined'.
  Type 'Promise<never>' is not assignable to type 'undefined'.
app/api/vehicles/dashboard/route.test.ts(165,32): error TS2349: This expression is not callable.
  Not all constituents of type 'ElementType<any, keyof IntrinsicElements>' are callable.
    Type '"symbol"' has no call signatures.
app/api/vehicles/dashboard/route.test.ts(166,12): error TS18046: 'res' is of type 'unknown'.
app/api/vehicles/route.test.ts(37,5): error TS2322: Type '(req: NextRequest) => Promise<NextResponse<VehicleWithRelations[]> | NextResponse<{ error: string; }>>' is not assignable to type 'ElementType<any, keyof IntrinsicElements>'.
  Type '(req: NextRequest) => Promise<NextResponse<VehicleWithRelations[]> | NextResponse<{ error: string; }>>' is not assignable to type 'FunctionComponent<any>'.
    Type 'Promise<NextResponse<VehicleWithRelations[]> | NextResponse<{ error: string; }>>' is not assignable to type 'ReactNode | Promise<ReactNode>'.
      Type 'Promise<NextResponse<VehicleWithRelations[]> | NextResponse<{ error: string; }>>' is not assignable to type 'ReactElement<unknown, string | JSXElementConstructor<any>> | Iterable<ReactNode> | ReactPortal | Promise<...> | Promise<...>'.
        Type 'Promise<NextResponse<VehicleWithRelations[]> | NextResponse<{ error: string; }>>' is not assignable to type 'Promise<AwaitedReactNode>'.
          Type 'NextResponse<VehicleWithRelations[]> | NextResponse<{ error: string; }>' is not assignable to type 'AwaitedReactNode'.
            Type 'NextResponse<VehicleWithRelations[]>' is not assignable to type 'AwaitedReactNode'.
              Type 'NextResponse<VehicleWithRelations[]>' is missing the following properties from type 'ReactElement<unknown, string | JSXElementConstructor<any>>': props, key
app/api/vehicles/route.test.ts(47,61): error TS2322: Type 'Promise<{ id: string; }[]>' is not assignable to type 'undefined'.
app/api/vehicles/route.test.ts(48,32): error TS2349: This expression is not callable.
  Not all constituents of type 'ElementType<any, keyof IntrinsicElements>' are callable.
    Type '"symbol"' has no call signatures.
app/api/vehicles/route.test.ts(50,12): error TS18046: 'res' is of type 'unknown'.
app/api/vehicles/route.test.ts(54,61): error TS2322: Type 'Promise<{}>' is not assignable to type 'undefined'.
app/api/vehicles/route.test.ts(55,11): error TS2349: This expression is not callable.
  Not all constituents of type 'ElementType<any, keyof IntrinsicElements>' are callable.
    Type '"symbol"' has no call signatures.
app/api/vehicles/route.test.ts(63,61): error TS2322: Type 'Promise<{}>' is not assignable to type 'undefined'.
app/api/vehicles/route.test.ts(64,11): error TS2349: This expression is not callable.
  Not all constituents of type 'ElementType<any, keyof IntrinsicElements>' are callable.
    Type '"symbol"' has no call signatures.
app/api/vehicles/route.test.ts(71,49): error TS2345: Argument of type '() => Promise<never>' is not assignable to parameter of type '(...args: any[]) => undefined'.
  Type 'Promise<never>' is not assignable to type 'undefined'.
app/api/vehicles/route.test.ts(72,32): error TS2349: This expression is not callable.
  Not all constituents of type 'ElementType<any, keyof IntrinsicElements>' are callable.
    Type '"symbol"' has no call signatures.
app/api/vehicles/route.test.ts(73,12): error TS18046: 'res' is of type 'unknown'.
app/api/vehicles/route.test.ts(77,49): error TS2345: Argument of type '() => Promise<never>' is not assignable to parameter of type '(...args: any[]) => undefined'.
  Type 'Promise<never>' is not assignable to type 'undefined'.
app/api/vehicles/route.test.ts(78,32): error TS2349: This expression is not callable.
  Not all constituents of type 'ElementType<any, keyof IntrinsicElements>' are callable.
    Type '"symbol"' has no call signatures.
app/api/vehicles/route.test.ts(79,12): error TS18046: 'res' is of type 'unknown'.
app/api/warehouses/dashboard/route.test.ts(28,5): error TS2322: Type '(req: NextRequest) => Promise<NextResponse<{ warehouses: WarehouseWithRelations[]; totalCount: number; stats: WarehouseStats; statsTrends?: { ...; } | undefined; recentMovements: InventoryMovementWithRelations[]; }> | NextResponse<...>>' is not assignable to type 'ElementType<any, keyof IntrinsicElements>'.
  Type '(req: NextRequest) => Promise<NextResponse<{ warehouses: WarehouseWithRelations[]; totalCount: number; stats: WarehouseStats; statsTrends?: { ...; } | undefined; recentMovements: InventoryMovementWithRelations[]; }> | NextResponse<...>>' is not assignable to type 'FunctionComponent<any>'.
    Type 'Promise<NextResponse<{ warehouses: WarehouseWithRelations[]; totalCount: number; stats: WarehouseStats; statsTrends?: { totalWarehouses?: { value: number; isUp: boolean; } | undefined; } | undefined; recentMovements: InventoryMovementWithRelations[]; }> | NextResponse<...>>' is not assignable to type 'ReactNode | Promise<ReactNode>'.
      Type 'Promise<NextResponse<{ warehouses: WarehouseWithRelations[]; totalCount: number; stats: WarehouseStats; statsTrends?: { totalWarehouses?: { value: number; isUp: boolean; } | undefined; } | undefined; recentMovements: InventoryMovementWithRelations[]; }> | NextResponse<...>>' is not assignable to type 'ReactElement<unknown, string | JSXElementConstructor<any>> | Iterable<ReactNode> | ReactPortal | Promise<...> | Promise<...>'.
        Type 'Promise<NextResponse<{ warehouses: WarehouseWithRelations[]; totalCount: number; stats: WarehouseStats; statsTrends?: { totalWarehouses?: { value: number; isUp: boolean; } | undefined; } | undefined; recentMovements: InventoryMovementWithRelations[]; }> | NextResponse<...>>' is not assignable to type 'Promise<AwaitedReactNode>'.
          Type 'NextResponse<{ warehouses: WarehouseWithRelations[]; totalCount: number; stats: WarehouseStats; statsTrends?: { totalWarehouses?: { value: number; isUp: boolean; } | undefined; } | undefined; recentMovements: InventoryMovementWithRelations[]; }> | NextResponse<...>' is not assignable to type 'AwaitedReactNode'.
            Type 'NextResponse<{ warehouses: WarehouseWithRelations[]; totalCount: number; stats: WarehouseStats; statsTrends?: { totalWarehouses?: { value: number; isUp: boolean; } | undefined; } | undefined; recentMovements: InventoryMovementWithRelations[]; }>' is not assignable to type 'AwaitedReactNode'.
              Type 'NextResponse<{ warehouses: WarehouseWithRelations[]; totalCount: number; stats: WarehouseStats; statsTrends?: { totalWarehouses?: { value: number; isUp: boolean; } | undefined; } | undefined; recentMovements: InventoryMovementWithRelations[]; }>' is missing the following properties from type 'ReactElement<unknown, string | JSXElementConstructor<any>>': props, key
app/api/warehouses/dashboard/route.test.ts(37,80): error TS2322: Type 'Promise<{}>' is not assignable to type 'undefined'.
app/api/warehouses/dashboard/route.test.ts(38,11): error TS2349: This expression is not callable.
  Not all constituents of type 'ElementType<any, keyof IntrinsicElements>' are callable.
    Type '"symbol"' has no call signatures.
app/api/warehouses/dashboard/route.test.ts(43,80): error TS2322: Type 'Promise<{}>' is not assignable to type 'undefined'.
app/api/warehouses/dashboard/route.test.ts(44,11): error TS2349: This expression is not callable.
  Not all constituents of type 'ElementType<any, keyof IntrinsicElements>' are callable.
    Type '"symbol"' has no call signatures.
app/api/warehouses/dashboard/route.test.ts(49,68): error TS2345: Argument of type '() => Promise<never>' is not assignable to parameter of type '(...args: any[]) => undefined'.
  Type 'Promise<never>' is not assignable to type 'undefined'.
app/api/warehouses/dashboard/route.test.ts(52,32): error TS2349: This expression is not callable.
  Not all constituents of type 'ElementType<any, keyof IntrinsicElements>' are callable.
    Type '"symbol"' has no call signatures.
app/api/warehouses/dashboard/route.test.ts(53,12): error TS18046: 'res' is of type 'unknown'.
app/api/warehouses/dashboard/route.test.ts(57,68): error TS2345: Argument of type '() => Promise<never>' is not assignable to parameter of type '(...args: any[]) => undefined'.
  Type 'Promise<never>' is not assignable to type 'undefined'.
app/api/warehouses/dashboard/route.test.ts(60,32): error TS2349: This expression is not callable.
  Not all constituents of type 'ElementType<any, keyof IntrinsicElements>' are callable.
    Type '"symbol"' has no call signatures.
app/api/warehouses/dashboard/route.test.ts(61,12): error TS18046: 'res' is of type 'unknown'.
app/api/warehouses/route.test.ts(34,5): error TS2322: Type '() => Promise<NextResponse<({ _count: { inventory: number; drivers: number; }; manager: { id: string; name: string; avatarUrl: string | null; email: string; surname: string; } | null; } & { address: string; code: string; ... 15 more ...; managerId: string | null; })[]> | NextResponse<...>>' is not assignable to type 'ElementType<any, keyof IntrinsicElements>'.
  Type '() => Promise<NextResponse<({ _count: { inventory: number; drivers: number; }; manager: { id: string; name: string; avatarUrl: string | null; email: string; surname: string; } | null; } & { address: string; code: string; ... 15 more ...; managerId: string | null; })[]> | NextResponse<...>>' is not assignable to type 'FunctionComponent<any>'.
    Type 'Promise<NextResponse<({ _count: { inventory: number; drivers: number; }; manager: { id: string; name: string; avatarUrl: string | null; email: string; surname: string; } | null; } & { address: string; code: string; ... 15 more ...; managerId: string | null; })[]> | NextResponse<...>>' is not assignable to type 'ReactNode | Promise<ReactNode>'.
      Type 'Promise<NextResponse<({ _count: { inventory: number; drivers: number; }; manager: { id: string; name: string; avatarUrl: string | null; email: string; surname: string; } | null; } & { address: string; code: string; ... 15 more ...; managerId: string | null; })[]> | NextResponse<...>>' is not assignable to type 'ReactElement<unknown, string | JSXElementConstructor<any>> | Iterable<ReactNode> | ReactPortal | Promise<...> | Promise<...>'.
        Type 'Promise<NextResponse<({ _count: { inventory: number; drivers: number; }; manager: { id: string; name: string; avatarUrl: string | null; email: string; surname: string; } | null; } & { address: string; code: string; ... 15 more ...; managerId: string | null; })[]> | NextResponse<...>>' is not assignable to type 'Promise<AwaitedReactNode>'.
          Type 'NextResponse<({ _count: { inventory: number; drivers: number; }; manager: { id: string; name: string; avatarUrl: string | null; email: string; surname: string; } | null; } & { address: string; code: string; ... 15 more ...; managerId: string | null; })[]> | NextResponse<...>' is not assignable to type 'AwaitedReactNode'.
            Type 'NextResponse<({ _count: { inventory: number; drivers: number; }; manager: { id: string; name: string; avatarUrl: string | null; email: string; surname: string; } | null; } & { address: string; code: string; companyId: string | null; ... 14 more ...; managerId: string | null; })[]>' is not assignable to type 'AwaitedReactNode'.
              Type 'NextResponse<({ _count: { inventory: number; drivers: number; }; manager: { id: string; name: string; avatarUrl: string | null; email: string; surname: string; } | null; } & { address: string; code: string; companyId: string | null; ... 14 more ...; managerId: string | null; })[]>' is missing the following properties from type 'ReactElement<unknown, string | JSXElementConstructor<any>>': props, key
app/api/warehouses/route.test.ts(44,63): error TS2322: Type 'Promise<{ id: string; }[]>' is not assignable to type 'undefined'.
app/api/warehouses/route.test.ts(45,32): error TS2349: This expression is not callable.
  Not all constituents of type 'ElementType<any, keyof IntrinsicElements>' are callable.
    Type '"symbol"' has no call signatures.
app/api/warehouses/route.test.ts(46,12): error TS18046: 'res' is of type 'unknown'.
app/api/warehouses/route.test.ts(47,12): error TS18046: 'res' is of type 'unknown'.
app/api/warehouses/route.test.ts(51,51): error TS2345: Argument of type '() => Promise<never>' is not assignable to parameter of type '(...args: any[]) => undefined'.
  Type 'Promise<never>' is not assignable to type 'undefined'.
app/api/warehouses/route.test.ts(54,32): error TS2349: This expression is not callable.
  Not all constituents of type 'ElementType<any, keyof IntrinsicElements>' are callable.
    Type '"symbol"' has no call signatures.
app/api/warehouses/route.test.ts(55,12): error TS18046: 'res' is of type 'unknown'.
app/api/warehouses/route.test.ts(59,51): error TS2345: Argument of type '() => Promise<never>' is not assignable to parameter of type '(...args: any[]) => undefined'.
  Type 'Promise<never>' is not assignable to type 'undefined'.
app/api/warehouses/route.test.ts(62,32): error TS2349: This expression is not callable.
  Not all constituents of type 'ElementType<any, keyof IntrinsicElements>' are callable.
    Type '"symbol"' has no call signatures.
app/api/warehouses/route.test.ts(63,12): error TS18046: 'res' is of type 'unknown'.
app/components/avatar.test.tsx(31,23): error TS2349: This expression is not callable.
  Not all constituents of type 'ElementType<any, keyof IntrinsicElements>' are callable.
    Type '"symbol"' has no call signatures.
app/components/avatar.test.tsx(50,23): error TS2349: This expression is not callable.
  Not all constituents of type 'ElementType<any, keyof IntrinsicElements>' are callable.
    Type '"symbol"' has no call signatures.
app/components/charts/TimeRangeSelector.test.tsx(24,5): error TS2353: Object literal may only specify known properties, and 'common' does not exist in type 'ComponentType<any>'.
app/components/chips/priorityChips.test.tsx(24,14): error TS2339: Property 'label' does not exist on type 'unknown'.
app/components/chips/priorityChips.test.tsx(33,44): error TS2339: Property 'default' does not exist on type 'typeof import("C:/Users/emrec/Desktop/PROJE/logitrackv2/app/components/chips/priorityChips")'.
app/components/chips/statusChips.test.tsx(24,14): error TS2339: Property 'label' does not exist on type 'unknown'.
app/components/chips/statusChips.test.tsx(25,17): error TS2339: Property 'children' does not exist on type 'unknown'.
app/components/chips/statusChips.test.tsx(25,27): error TS2339: Property 'title' does not exist on type 'unknown'.
app/components/chips/statusChips.test.tsx(40,40): error TS2339: Property 'default' does not exist on type 'typeof import("C:/Users/emrec/Desktop/PROJE/logitrackv2/app/components/chips/statusChips")'.
app/components/dashboard/analytics/CostAnalysisCharts.test.tsx(38,21): error TS2339: Property 'value' does not exist on type 'unknown'.
app/components/dashboard/analytics/CostAnalysisCharts.test.tsx(38,28): error TS2339: Property 'onChange' does not exist on type 'unknown'.
app/components/dashboard/analytics/CostAnalysisCharts.test.tsx(48,18): error TS2339: Property 'series' does not exist on type 'unknown'.
app/components/dashboard/analytics/CostAnalysisCharts.test.tsx(51,22): error TS18046: 'd' is of type 'unknown'.
app/components/dashboard/analytics/CostAnalysisCharts.test.tsx(51,32): error TS18046: 'd' is of type 'unknown'.
app/components/dashboard/analytics/CostAnalysisCharts.test.tsx(51,42): error TS18046: 'd' is of type 'unknown'.
app/components/dashboard/analytics/CostAnalysisCharts.test.tsx(61,18): error TS2339: Property 'series' does not exist on type 'unknown'.
app/components/dashboard/analytics/CostAnalysisCharts.test.tsx(64,22): error TS18046: 's' is of type 'unknown'.
app/components/dashboard/analytics/CostAnalysisCharts.test.tsx(64,32): error TS18046: 's' is of type 'unknown'.
app/components/dashboard/analytics/CostAnalysisCharts.test.tsx(64,42): error TS18046: 's' is of type 'unknown'.
app/components/dashboard/analytics/ForecastingWidget.test.tsx(27,21): error TS2339: Property 'value' does not exist on type 'unknown'.
app/components/dashboard/analytics/ForecastingWidget.test.tsx(27,28): error TS2339: Property 'onChange' does not exist on type 'unknown'.
app/components/dashboard/analytics/ForecastingWidget.test.tsx(37,19): error TS2339: Property 'series' does not exist on type 'unknown'.
app/components/dashboard/analytics/ForecastingWidget.test.tsx(40,22): error TS18046: 's' is of type 'unknown'.
app/components/dashboard/analytics/ForecastingWidget.test.tsx(40,32): error TS18046: 's' is of type 'unknown'.
app/components/dashboard/analytics/ForecastingWidget.test.tsx(40,42): error TS18046: 's' is of type 'unknown'.
app/components/dashboard/analytics/ForecastingWidget.test.tsx(50,16): error TS2769: No overload matches this call.
  Overload 1 of 4, '(target: {}, source: { _alpha: { main_10: string; main_20: string; }; }): { _alpha: { main_10: string; main_20: string; }; }', gave the following error.
    Argument of type 'unknown' is not assignable to parameter of type '{}'.
  Overload 2 of 4, '(target: object, ...sources: any[]): any', gave the following error.
    Argument of type 'unknown' is not assignable to parameter of type 'object'.
app/components/dashboard/analytics/PerformanceGauges.test.tsx(28,15): error TS2339: Property 'value' does not exist on type 'unknown'.
app/components/dashboard/analytics/PerformanceGauges.test.tsx(28,22): error TS2339: Property 'valueMax' does not exist on type 'unknown'.
app/components/dashboard/company/companyMembersTable.test.tsx(53,21): error TS2339: Property 'open' does not exist on type 'unknown'.
app/components/dashboard/company/companyMembersTable.test.tsx(53,27): error TS2339: Property 'onClose' does not exist on type 'unknown'.
app/components/dashboard/company/companyMembersTable.test.tsx(53,36): error TS2339: Property 'member' does not exist on type 'unknown'.
app/components/dashboard/company/companyMembersTable.test.tsx(63,21): error TS2339: Property 'open' does not exist on type 'unknown'.
app/components/dashboard/company/companyMembersTable.test.tsx(63,27): error TS2339: Property 'onClose' does not exist on type 'unknown'.
app/components/dashboard/company/companyMembersTable.test.tsx(63,36): error TS2339: Property 'member' does not exist on type 'unknown'.
app/components/dashboard/company/companyMembersTable.test.tsx(73,21): error TS2339: Property 'open' does not exist on type 'unknown'.
app/components/dashboard/company/companyMembersTable.test.tsx(73,27): error TS2339: Property 'onClose' does not exist on type 'unknown'.
app/components/dashboard/company/companyMembersTable.test.tsx(73,36): error TS2339: Property 'onConfirm' does not exist on type 'unknown'.
app/components/dashboard/company/companyMembersTable.test.tsx(73,47): error TS2339: Property 'description' does not exist on type 'unknown'.
app/components/dashboard/company/companyMembersTable.test.tsx(84,5): error TS2322: Type 'null' is not assignable to type 'ElementType<any, keyof IntrinsicElements>'.
app/components/dashboard/company/companyMembersTable.test.tsx(87,5): error TS2322: Type 'unknown' is not assignable to type 'ElementType<any, keyof IntrinsicElements>'.
app/components/dashboard/company/companyMembersTable.test.tsx(88,43): error TS18046: 'props' is of type 'unknown'.
app/components/dashboard/company/companyMembersTable.test.tsx(93,16): error TS2769: No overload matches this call.
  Overload 1 of 4, '(target: {}, source: { _alpha: { main_10: string; }; }): { _alpha: { main_10: string; }; }', gave the following error.
    Argument of type 'unknown' is not assignable to parameter of type '{}'.
  Overload 2 of 4, '(target: object, ...sources: any[]): any', gave the following error.
    Argument of type 'unknown' is not assignable to parameter of type 'object'.
app/components/dashboard/company/companyMembersTable.test.tsx(115,5): error TS2322: Type 'null' is not assignable to type 'ElementType<any, keyof IntrinsicElements>'.
app/components/dashboard/company/companyMembersTable.test.tsx(155,29): error TS2339: Property 'rows' does not exist on type 'ElementType<any, keyof IntrinsicElements>'.
  Property 'rows' does not exist on type '"symbol"'.
app/components/dashboard/company/companyMembersTable.test.tsx(156,29): error TS2339: Property 'columns' does not exist on type 'ElementType<any, keyof IntrinsicElements>'.
  Property 'columns' does not exist on type '"symbol"'.
app/components/dashboard/company/companyMembersTable.test.tsx(166,38): error TS2339: Property 'columns' does not exist on type 'ElementType<any, keyof IntrinsicElements>'.
  Property 'columns' does not exist on type '"symbol"'.
app/components/dashboard/company/companyMembersTable.test.tsx(170,52): error TS18046: 'c' is of type 'unknown'.
app/components/dashboard/company/companyMembersTable.test.tsx(176,52): error TS18046: 'c' is of type 'unknown'.
app/components/dashboard/company/companyMembersTable.test.tsx(181,54): error TS18046: 'c' is of type 'unknown'.
app/components/dashboard/company/companyMembersTable.test.tsx(193,41): error TS2339: Property 'rowActions' does not exist on type 'ElementType<any, keyof IntrinsicElements>'.
  Property 'rowActions' does not exist on type '"symbol"'.
app/components/dashboard/company/companyMembersTable.test.tsx(224,63): error TS2493: Tuple type '[]' of length '0' has no element at index '0'.
app/components/dashboard/customer/CustomerList.test.tsx(43,16): error TS2769: No overload matches this call.
  Overload 1 of 4, '(target: {}, source: { primary_alpha: { main_10: string; main_05: string; }; }): { primary_alpha: { main_10: string; main_05: string; }; }', gave the following error.
    Argument of type 'unknown' is not assignable to parameter of type '{}'.
  Overload 2 of 4, '(target: object, ...sources: any[]): any', gave the following error.
    Argument of type 'unknown' is not assignable to parameter of type 'object'.
app/components/dashboard/customer/CustomerList.test.tsx(46,16): error TS2769: No overload matches this call.
  Overload 1 of 4, '(target: {}, source: { _alpha: { main_10: string; main_08: string; main_20: string; }; }): { _alpha: { main_10: string; main_08: string; main_20: string; }; }', gave the following error.
    Argument of type 'unknown' is not assignable to parameter of type '{}'.
  Overload 2 of 4, '(target: object, ...sources: any[]): any', gave the following error.
    Argument of type 'unknown' is not assignable to parameter of type 'object'.
app/components/dashboard/customer/CustomerList.test.tsx(50,1): error TS2571: Object is of type 'unknown'.
app/components/dashboard/customer/CustomerList.test.tsx(51,1): error TS2571: Object is of type 'unknown'.
app/components/dashboard/DashboardBreadcrumbs.test.tsx(46,5): error TS2322: Type 'unknown' is not assignable to type 'PaletteColorOptions | undefined'.
app/components/dashboard/DashboardHeader.test.tsx(33,21): error TS2339: Property 'onMobileClose' does not exist on type 'unknown'.
app/components/dashboard/DashboardHeader.test.tsx(45,5): error TS2322: Type 'unknown' is not assignable to type 'PaletteColorOptions | undefined'.
app/components/dashboard/DashboardHeader.test.tsx(50,1): error TS2571: Object is of type 'unknown'.
app/components/dashboard/DashboardLayoutClient.test.tsx(27,21): error TS2339: Property 'user' does not exist on type 'unknown'.
app/components/dashboard/DashboardLayoutClient.test.tsx(34,5): error TS2322: Type 'unknown' is not assignable to type 'PaletteColorOptions | undefined'.
app/components/dashboard/DashboardLayoutClient.test.tsx(38,1): error TS2571: Object is of type 'unknown'.
app/components/dashboard/driver/driverPerformanceCharts.test.tsx(28,21): error TS2339: Property 'title' does not exist on type 'unknown'.
app/components/dashboard/driver/driverPerformanceCharts.test.tsx(38,18): error TS2339: Property 'series' does not exist on type 'unknown'.
app/components/dashboard/driver/driverPerformanceCharts.test.tsx(38,26): error TS2339: Property 'xAxis' does not exist on type 'unknown'.
app/components/dashboard/driver/driverTable/index.test.tsx(51,20): error TS2339: Property 'status' does not exist on type 'unknown'.
app/components/dashboard/driver/driverTable/index.test.tsx(56,5): error TS2322: Type 'null' is not assignable to type 'ElementType<any, keyof IntrinsicElements>'.
app/components/dashboard/driver/driverTable/index.test.tsx(59,5): error TS2322: Type 'unknown' is not assignable to type 'ElementType<any, keyof IntrinsicElements>'.
app/components/dashboard/driver/driverTable/index.test.tsx(62,43): error TS18046: 'props' is of type 'unknown'.
app/components/dashboard/driver/driverTable/index.test.tsx(78,5): error TS2322: Type 'null' is not assignable to type 'ElementType<any, keyof IntrinsicElements>'.
app/components/dashboard/driver/driverTable/index.test.tsx(119,29): error TS2339: Property 'rows' does not exist on type 'ElementType<any, keyof IntrinsicElements>'.
  Property 'rows' does not exist on type '"symbol"'.
app/components/dashboard/driver/driverTable/index.test.tsx(120,29): error TS2339: Property 'columns' does not exist on type 'ElementType<any, keyof IntrinsicElements>'.
  Property 'columns' does not exist on type '"symbol"'.
app/components/dashboard/driver/driverTable/index.test.tsx(121,29): error TS2339: Property 'tableTitle' does not exist on type 'ElementType<any, keyof IntrinsicElements>'.
  Property 'tableTitle' does not exist on type '"symbol"'.
app/components/dashboard/driver/driverTable/index.test.tsx(134,38): error TS2339: Property 'columns' does not exist on type 'ElementType<any, keyof IntrinsicElements>'.
  Property 'columns' does not exist on type '"symbol"'.
app/components/dashboard/driver/driverTable/index.test.tsx(137,52): error TS18046: 'c' is of type 'unknown'.
app/components/dashboard/driver/driverTable/index.test.tsx(142,54): error TS18046: 'c' is of type 'unknown'.
app/components/dashboard/driver/driverTable/index.test.tsx(147,55): error TS18046: 'c' is of type 'unknown'.
app/components/dashboard/driver/driverTable/index.test.tsx(152,56): error TS18046: 'c' is of type 'unknown'.
app/components/dashboard/driver/driverTable/index.test.tsx(157,51): error TS18046: 'c' is of type 'unknown'.
app/components/dashboard/driver/driverTable/index.test.tsx(176,41): error TS2339: Property 'rowActions' does not exist on type 'ElementType<any, keyof IntrinsicElements>'.
  Property 'rowActions' does not exist on type '"symbol"'.
app/components/dashboard/inventory/InventoryHeader.test.tsx(50,16): error TS2769: No overload matches this call.
  Overload 1 of 4, '(target: {}, source: { buttonPrimary: { buttonBg: string; primaryText: string; buttonBgHover: string; }; divider_alpha: { main_10: string; main_05: string; }; common: { white_alpha: { main_60: string; }; black_alpha: { ...; }; }; primary: { ...; }; }): { ...; }', gave the following error.
    Argument of type 'unknown' is not assignable to parameter of type '{}'.
  Overload 2 of 4, '(target: object, ...sources: any[]): any', gave the following error.
    Argument of type 'unknown' is not assignable to parameter of type 'object'.
app/components/dashboard/inventory/InventoryTable.test.tsx(48,5): error TS2322: Type 'null' is not assignable to type 'ElementType<any, keyof IntrinsicElements>'.
app/components/dashboard/inventory/InventoryTable.test.tsx(51,5): error TS2322: Type 'unknown' is not assignable to type 'ElementType<any, keyof IntrinsicElements>'.
app/components/dashboard/inventory/InventoryTable.test.tsx(54,43): error TS18046: 'props' is of type 'unknown'.
app/components/dashboard/inventory/InventoryTable.test.tsx(67,16): error TS2769: No overload matches this call.
  Overload 1 of 4, '(target: {}, source: { kpi: { sky: string; sky_alpha: { main_10: string; main_20: string; }; purple: string; purple_alpha: { main_10: string; main_20: string; }; amber: string; amber_alpha: { main_10: string; main_20: string; }; emerald: string; emerald_alpha: { ...; }; indigo: string; indigo_alpha: { ...; }; }; primary: { ...; }; }): { ...; }', gave the following error.
    Argument of type 'unknown' is not assignable to parameter of type '{}'.
  Overload 2 of 4, '(target: object, ...sources: any[]): any', gave the following error.
    Argument of type 'unknown' is not assignable to parameter of type 'object'.
app/components/dashboard/inventory/InventoryTable.test.tsx(101,5): error TS2322: Type 'null' is not assignable to type 'ElementType<any, keyof IntrinsicElements>'.
app/components/dashboard/inventory/InventoryTable.test.tsx(162,29): error TS2339: Property 'rows' does not exist on type 'ElementType<any, keyof IntrinsicElements>'.
  Property 'rows' does not exist on type '"symbol"'.
app/components/dashboard/inventory/InventoryTable.test.tsx(163,29): error TS2339: Property 'columns' does not exist on type 'ElementType<any, keyof IntrinsicElements>'.
  Property 'columns' does not exist on type '"symbol"'.
app/components/dashboard/inventory/InventoryTable.test.tsx(164,29): error TS2339: Property 'rowActions' does not exist on type 'ElementType<any, keyof IntrinsicElements>'.
  Property 'rowActions' does not exist on type '"symbol"'.
app/components/dashboard/inventory/InventoryTable.test.tsx(179,38): error TS2339: Property 'columns' does not exist on type 'ElementType<any, keyof IntrinsicElements>'.
  Property 'columns' does not exist on type '"symbol"'.
app/components/dashboard/inventory/InventoryTable.test.tsx(182,59): error TS18046: 'c' is of type 'unknown'.
app/components/dashboard/inventory/InventoryTable.test.tsx(188,51): error TS18046: 'c' is of type 'unknown'.
app/components/dashboard/inventory/InventoryTable.test.tsx(192,51): error TS18046: 'c' is of type 'unknown'.
app/components/dashboard/inventory/InventoryTable.test.tsx(198,53): error TS18046: 'c' is of type 'unknown'.
app/components/dashboard/inventory/InventoryTable.test.tsx(205,53): error TS18046: 'c' is of type 'unknown'.
app/components/dashboard/inventory/InventoryTable.test.tsx(209,50): error TS18046: 'c' is of type 'unknown'.
app/components/dashboard/inventory/InventoryTable.test.tsx(231,41): error TS2339: Property 'rowActions' does not exist on type 'ElementType<any, keyof IntrinsicElements>'.
  Property 'rowActions' does not exist on type '"symbol"'.
app/components/dashboard/overview/actionRequiredCard.test.tsx(40,5): error TS2322: Type 'unknown' is not assignable to type 'PaletteColorOptions | undefined'.
app/components/dashboard/overview/actionRequiredCard.test.tsx(41,5): error TS2322: Type 'unknown' is not assignable to type 'PaletteColorOptions | undefined'.
app/components/dashboard/overview/actionRequiredCard.test.tsx(42,5): error TS2322: Type 'unknown' is not assignable to type 'PaletteColorOptions | undefined'.
app/components/dashboard/overview/actionRequiredCard.test.tsx(43,5): error TS2322: Type 'unknown' is not assignable to type 'PaletteColorOptions | undefined'.
app/components/dashboard/overview/actionRequiredCard.test.tsx(44,5): error TS2322: Type 'unknown' is not assignable to type 'PaletteColorOptions | undefined'.
app/components/dashboard/overview/actionRequiredCard.test.tsx(48,1): error TS2571: Object is of type 'unknown'.
app/components/dashboard/overview/actionRequiredCard.test.tsx(49,1): error TS2571: Object is of type 'unknown'.
app/components/dashboard/overview/actionRequiredCard.test.tsx(50,1): error TS2571: Object is of type 'unknown'.
app/components/dashboard/overview/actionRequiredCard.test.tsx(51,1): error TS2571: Object is of type 'unknown'.
app/components/dashboard/overview/actionRequiredCard.test.tsx(52,1): error TS2571: Object is of type 'unknown'.
app/components/dashboard/overview/dailyOperations.test.tsx(38,1): error TS2571: Object is of type 'unknown'.
app/components/dashboard/overview/dailyOperations.test.tsx(51,1): error TS2571: Object is of type 'unknown'.
app/components/dashboard/overview/dailyOperations.test.tsx(52,1): error TS2571: Object is of type 'unknown'.
app/components/dashboard/overview/dailyOperations.test.tsx(53,1): error TS2571: Object is of type 'unknown'.
app/components/dashboard/overview/dailyOperations.test.tsx(54,1): error TS2571: Object is of type 'unknown'.
app/components/dashboard/overview/fuelByVehicleCard.test.tsx(30,21): error TS2339: Property 'value' does not exist on type 'unknown'.
app/components/dashboard/overview/fuelByVehicleCard.test.tsx(30,28): error TS2339: Property 'onChange' does not exist on type 'unknown'.
app/components/dashboard/overview/fuelByVehicleCard.test.tsx(40,18): error TS2339: Property 'series' does not exist on type 'unknown'.
app/components/dashboard/overview/fuelByVehicleCard.test.tsx(40,26): error TS2339: Property 'xAxis' does not exist on type 'unknown'.
app/components/dashboard/overview/inventoryCard.test.tsx(43,1): error TS2571: Object is of type 'unknown'.
app/components/dashboard/overview/onTimeTrends.test.tsx(28,21): error TS2339: Property 'value' does not exist on type 'unknown'.
app/components/dashboard/overview/onTimeTrends.test.tsx(28,28): error TS2339: Property 'onChange' does not exist on type 'unknown'.
app/components/dashboard/overview/onTimeTrends.test.tsx(38,18): error TS2339: Property 'series' does not exist on type 'unknown'.
app/components/dashboard/overview/onTimeTrends.test.tsx(38,26): error TS2339: Property 'xAxis' does not exist on type 'unknown'.
app/components/dashboard/overview/overViewMapCard.test.tsx(19,23): error TS2339: Property 'markers' does not exist on type 'unknown'.
app/components/dashboard/overview/overViewMapCard.test.tsx(22,47): error TS18046: 'm' is of type 'unknown'.
app/components/dashboard/overview/overViewMapCard.test.tsx(22,59): error TS18046: 'm' is of type 'unknown'.
app/components/dashboard/overview/picsPacksDailyCard.test.tsx(36,1): error TS2571: Object is of type 'unknown'.
app/components/dashboard/overview/picsPacksDailyCard.test.tsx(37,1): error TS2571: Object is of type 'unknown'.
app/components/dashboard/overview/picsPacksDailyCard.test.tsx(38,1): error TS2571: Object is of type 'unknown'.
app/components/dashboard/overview/picsPacksDailyCard.test.tsx(39,1): error TS2571: Object is of type 'unknown'.
app/components/dashboard/overview/shipmentsByStatusCard.test.tsx(46,18): error TS2339: Property 'series' does not exist on type 'unknown'.
app/components/dashboard/overview/shipmentsByStatusCard.test.tsx(46,26): error TS2339: Property 'children' does not exist on type 'unknown'.
app/components/dashboard/overview/shipmentsByStatusCard.test.tsx(49,21): error TS18046: 'd' is of type 'unknown'.
app/components/dashboard/overview/shipmentsByStatusCard.test.tsx(49,53): error TS18046: 'd' is of type 'unknown'.
app/components/dashboard/overview/shipmentsByStatusCard.test.tsx(50,14): error TS18046: 'd' is of type 'unknown'.
app/components/dashboard/overview/shipmentsByStatusCard.test.tsx(66,1): error TS2571: Object is of type 'unknown'.
app/components/dashboard/overview/shipmentsByStatusCard.test.tsx(73,1): error TS2571: Object is of type 'unknown'.
app/components/dashboard/overview/warehouseCapacityCard.test.tsx(36,1): error TS2571: Object is of type 'unknown'.
app/components/dashboard/overview/warehouseCapacityCard.test.tsx(37,1): error TS2571: Object is of type 'unknown'.
app/components/dashboard/overview/warehouseCapacityCard.test.tsx(38,1): error TS2571: Object is of type 'unknown'.
app/components/dashboard/overview/warehouseCapacityCard.test.tsx(39,1): error TS2571: Object is of type 'unknown'.
app/components/dashboard/reports/FleetCharts.test.tsx(10,18): error TS2339: Property 'dataset' does not exist on type 'unknown'.
app/components/dashboard/reports/FleetCharts.test.tsx(10,27): error TS2339: Property 'series' does not exist on type 'unknown'.
app/components/dashboard/reports/FleetCharts.test.tsx(13,44): error TS18046: 'd' is of type 'unknown'.
app/components/dashboard/reports/FleetCharts.test.tsx(13,56): error TS18046: 'd' is of type 'unknown'.
app/components/dashboard/reports/FleetCharts.test.tsx(23,22): error TS2339: Property 'series' does not exist on type 'unknown'.
app/components/dashboard/reports/FleetCharts.test.tsx(26,21): error TS18046: 'd' is of type 'unknown'.
app/components/dashboard/reports/FleetCharts.test.tsx(26,57): error TS18046: 'd' is of type 'unknown'.
app/components/dashboard/reports/FleetCharts.test.tsx(27,14): error TS18046: 'd' is of type 'unknown'.
app/components/dashboard/reports/FleetCharts.test.tsx(27,20): error TS18046: 'd' is of type 'unknown'.
app/components/dashboard/reports/InventoryCharts.test.tsx(10,18): error TS2339: Property 'series' does not exist on type 'unknown'.
app/components/dashboard/reports/InventoryCharts.test.tsx(13,21): error TS18046: 'd' is of type 'unknown'.
app/components/dashboard/reports/InventoryCharts.test.tsx(13,53): error TS18046: 'd' is of type 'unknown'.
app/components/dashboard/reports/InventoryCharts.test.tsx(14,14): error TS18046: 'd' is of type 'unknown'.
app/components/dashboard/reports/ReportSummaryCards.test.tsx(18,21): error TS2339: Property 'count' does not exist on type 'unknown'.
app/components/dashboard/reports/ShipmentCharts.test.tsx(9,21): error TS2339: Property 'title' does not exist on type 'unknown'.
app/components/dashboard/reports/ShipmentCharts.test.tsx(16,18): error TS2339: Property 'series' does not exist on type 'unknown'.
app/components/dashboard/reports/ShipmentCharts.test.tsx(19,21): error TS18046: 'd' is of type 'unknown'.
app/components/dashboard/reports/ShipmentCharts.test.tsx(19,53): error TS18046: 'd' is of type 'unknown'.
app/components/dashboard/reports/ShipmentCharts.test.tsx(20,14): error TS18046: 'd' is of type 'unknown'.
app/components/dashboard/reports/ShipmentCharts.test.tsx(31,18): error TS2339: Property 'dataset' does not exist on type 'unknown'.
app/components/dashboard/reports/ShipmentCharts.test.tsx(31,27): error TS2339: Property 'series' does not exist on type 'unknown'.
app/components/dashboard/reports/ShipmentCharts.test.tsx(34,44): error TS18046: 'd' is of type 'unknown'.
app/components/dashboard/reports/ShipmentCharts.test.tsx(34,56): error TS18046: 'd' is of type 'unknown'.
app/components/dashboard/routes/routeEfficiency.test.tsx(36,5): error TS2322: Type 'unknown' is not assignable to type 'PaletteColorOptions | undefined'.
app/components/dashboard/routes/routeEfficiency.test.tsx(39,1): error TS2571: Object is of type 'unknown'.
app/components/dashboard/routes/routesMainMap.test.tsx(16,23): error TS2339: Property 'markers' does not exist on type 'unknown'.
app/components/dashboard/routes/routesMainMap.test.tsx(19,47): error TS18046: 'm' is of type 'unknown'.
app/components/dashboard/routes/routesMainMap.test.tsx(19,59): error TS18046: 'm' is of type 'unknown'.
app/components/dashboard/routes/routesMainMap.test.tsx(30,18): error TS2339: Property 'variant' does not exist on type 'unknown'.
app/components/dashboard/routes/routeTable/index.test.tsx(62,20): error TS2339: Property 'status' does not exist on type 'unknown'.
app/components/dashboard/routes/routeTable/index.test.tsx(67,21): error TS2339: Property 'open' does not exist on type 'unknown'.
app/components/dashboard/routes/routeTable/index.test.tsx(67,27): error TS2339: Property 'onClose' does not exist on type 'unknown'.
app/components/dashboard/routes/routeTable/index.test.tsx(75,21): error TS2339: Property 'rows' does not exist on type 'unknown'.
app/components/dashboard/routes/routeTable/index.test.tsx(75,27): error TS2339: Property 'columns' does not exist on type 'unknown'.
app/components/dashboard/routes/routeTable/index.test.tsx(75,36): error TS2339: Property 'rowActions' does not exist on type 'unknown'.
app/components/dashboard/routes/routeTable/index.test.tsx(75,48): error TS2339: Property 'emptyMessage' does not exist on type 'unknown'.
app/components/dashboard/routes/routeTable/index.test.tsx(83,53): error TS18046: 'c' is of type 'unknown'.
app/components/dashboard/routes/routeTable/index.test.tsx(83,61): error TS18046: 'c' is of type 'unknown'.
app/components/dashboard/routes/routeTable/index.test.tsx(89,47): error TS18046: 'row' is of type 'unknown'.
app/components/dashboard/routes/routeTable/index.test.tsx(91,28): error TS18046: 'c' is of type 'unknown'.
app/components/dashboard/routes/routeTable/index.test.tsx(91,56): error TS18046: 'c' is of type 'unknown'.
app/components/dashboard/routes/routeTable/index.test.tsx(91,65): error TS18046: 'row' is of type 'unknown'.
app/components/dashboard/routes/routeTable/index.test.tsx(92,22): error TS18046: 'c' is of type 'unknown'.
app/components/dashboard/routes/routeTable/index.test.tsx(97,38): error TS18046: 'action' is of type 'unknown'.
app/components/dashboard/routes/routeTable/index.test.tsx(97,54): error TS18046: 'action' is of type 'unknown'.
app/components/dashboard/routes/routeTable/index.test.tsx(100,57): error TS18046: 'action' is of type 'unknown'.
app/components/dashboard/routes/routeTable/index.test.tsx(101,26): error TS18046: 'action' is of type 'unknown'.
app/components/dashboard/routes/routeTable/index.test.tsx(233,62): error TS2493: Tuple type '[]' of length '0' has no element at index '0'.
app/components/dashboard/routes/routeTable/index.test.tsx(234,62): error TS2493: Tuple type '[]' of length '0' has no element at index '1'.
app/components/dashboard/shipments/ShipmentAnalytics.test.tsx(35,21): error TS2339: Property 'title' does not exist on type 'unknown'.
app/components/dashboard/shipments/ShipmentAnalytics.test.tsx(40,18): error TS2339: Property 'dataset' does not exist on type 'unknown'.
app/components/dashboard/shipments/ShipmentAnalytics.test.tsx(40,27): error TS2339: Property 'series' does not exist on type 'unknown'.
app/components/dashboard/shipments/ShipmentAnalytics.test.tsx(43,48): error TS18046: 'd' is of type 'unknown'.
app/components/dashboard/shipments/ShipmentAnalytics.test.tsx(43,58): error TS18046: 'd' is of type 'unknown'.
app/components/dashboard/shipments/ShipmentAnalytics.test.tsx(53,18): error TS2339: Property 'series' does not exist on type 'unknown'.
app/components/dashboard/shipments/ShipmentAnalytics.test.tsx(56,21): error TS18046: 'd' is of type 'unknown'.
app/components/dashboard/shipments/ShipmentAnalytics.test.tsx(56,53): error TS18046: 'd' is of type 'unknown'.
app/components/dashboard/shipments/ShipmentAnalytics.test.tsx(56,65): error TS18046: 'd' is of type 'unknown'.
app/components/dashboard/shipments/ShipmentAnalytics.test.tsx(67,5): error TS2322: Type 'unknown' is not assignable to type 'PaletteColorOptions | undefined'.
app/components/dashboard/shipments/ShipmentAnalytics.test.tsx(68,5): error TS2322: Type 'unknown' is not assignable to type 'PaletteColorOptions | undefined'.
app/components/dashboard/shipments/ShipmentAnalytics.test.tsx(69,5): error TS2322: Type 'unknown' is not assignable to type 'PaletteColorOptions | undefined'.
app/components/dashboard/shipments/ShipmentAnalytics.test.tsx(70,5): error TS2322: Type 'unknown' is not assignable to type 'PaletteColorOptions | undefined'.
app/components/dashboard/shipments/ShipmentAnalytics.test.tsx(71,5): error TS2322: Type 'unknown' is not assignable to type 'PaletteColorOptions | undefined'.
app/components/dashboard/shipments/shipmentKpiCard.test.tsx(25,21): error TS2339: Property 'count' does not exist on type 'unknown'.
app/components/dashboard/shipments/shipmentKpiCard.test.tsx(29,21): error TS2339: Property 'title' does not exist on type 'unknown'.
app/components/dashboard/shipments/shipmentKpiCard.test.tsx(29,28): error TS2339: Property 'value' does not exist on type 'unknown'.
app/components/dashboard/shipments/shipmentKpiCard.test.tsx(40,15): error TS2339: Property 'children' does not exist on type 'unknown'.
app/components/dashboard/shipments/shipmentKpiCard.test.tsx(40,28): error TS2700: Rest types may only be created from object types.
app/components/dashboard/shipments/shipmentKpiCard.test.tsx(49,5): error TS2322: Type 'unknown' is not assignable to type 'PaletteColorOptions | undefined'.
app/components/dashboard/shipments/shipmentKpiCard.test.tsx(54,1): error TS2571: Object is of type 'unknown'.
app/components/dashboard/shipments/shipmentTable/index.test.tsx(51,20): error TS2339: Property 'status' does not exist on type 'unknown'.
app/components/dashboard/shipments/shipmentTable/index.test.tsx(56,21): error TS2339: Property 'open' does not exist on type 'unknown'.
app/components/dashboard/shipments/shipmentTable/index.test.tsx(56,27): error TS2339: Property 'onClose' does not exist on type 'unknown'.
app/components/dashboard/shipments/shipmentTable/index.test.tsx(64,21): error TS2339: Property 'rows' does not exist on type 'unknown'.
app/components/dashboard/shipments/shipmentTable/index.test.tsx(64,27): error TS2339: Property 'columns' does not exist on type 'unknown'.
app/components/dashboard/shipments/shipmentTable/index.test.tsx(64,36): error TS2339: Property 'rowActions' does not exist on type 'unknown'.
app/components/dashboard/shipments/shipmentTable/index.test.tsx(64,48): error TS2339: Property 'emptyMessage' does not exist on type 'unknown'.
app/components/dashboard/shipments/shipmentTable/index.test.tsx(72,53): error TS18046: 'c' is of type 'unknown'.
app/components/dashboard/shipments/shipmentTable/index.test.tsx(72,61): error TS18046: 'c' is of type 'unknown'.
app/components/dashboard/shipments/shipmentTable/index.test.tsx(78,47): error TS18046: 'row' is of type 'unknown'.
app/components/dashboard/shipments/shipmentTable/index.test.tsx(80,28): error TS18046: 'c' is of type 'unknown'.
app/components/dashboard/shipments/shipmentTable/index.test.tsx(80,56): error TS18046: 'c' is of type 'unknown'.
app/components/dashboard/shipments/shipmentTable/index.test.tsx(80,65): error TS18046: 'row' is of type 'unknown'.
app/components/dashboard/shipments/shipmentTable/index.test.tsx(81,22): error TS18046: 'c' is of type 'unknown'.
app/components/dashboard/shipments/shipmentTable/index.test.tsx(86,55): error TS18046: 'action' is of type 'unknown'.
app/components/dashboard/shipments/shipmentTable/index.test.tsx(87,24): error TS18046: 'action' is of type 'unknown'.
app/components/dashboard/users/UserList.test.tsx(42,21): error TS2339: Property 'rows' does not exist on type 'unknown'.
app/components/dashboard/users/UserList.test.tsx(42,27): error TS2339: Property 'columns' does not exist on type 'unknown'.
app/components/dashboard/users/UserList.test.tsx(42,36): error TS2339: Property 'rowActions' does not exist on type 'unknown'.
app/components/dashboard/users/UserList.test.tsx(42,48): error TS2339: Property 'emptyMessage' does not exist on type 'unknown'.
app/components/dashboard/users/UserList.test.tsx(50,53): error TS18046: 'c' is of type 'unknown'.
app/components/dashboard/users/UserList.test.tsx(50,61): error TS18046: 'c' is of type 'unknown'.
app/components/dashboard/users/UserList.test.tsx(56,47): error TS18046: 'row' is of type 'unknown'.
app/components/dashboard/users/UserList.test.tsx(58,28): error TS18046: 'c' is of type 'unknown'.
app/components/dashboard/users/UserList.test.tsx(58,56): error TS18046: 'c' is of type 'unknown'.
app/components/dashboard/users/UserList.test.tsx(58,65): error TS18046: 'row' is of type 'unknown'.
app/components/dashboard/users/UserList.test.tsx(59,22): error TS18046: 'c' is of type 'unknown'.
app/components/dashboard/users/UserList.test.tsx(64,55): error TS18046: 'action' is of type 'unknown'.
app/components/dashboard/users/UserList.test.tsx(65,24): error TS18046: 'action' is of type 'unknown'.
app/components/dashboard/vehicle/documentCalenderCard.test.tsx(38,22): error TS2339: Property 'slots' does not exist on type 'unknown'.
app/components/dashboard/vehicle/documentCalenderCard.test.tsx(55,20): error TS2339: Property 'day' does not exist on type 'unknown'.
app/components/dashboard/vehicle/documentCalenderCard.test.tsx(74,15): error TS2339: Property 'color' does not exist on type 'unknown'.
app/components/dashboard/vehicle/documentCalenderCard.test.tsx(74,22): error TS2339: Property 'children' does not exist on type 'unknown'.
app/components/dashboard/vehicle/documentCalenderCard.test.tsx(80,17): error TS2339: Property 'title' does not exist on type 'unknown'.
app/components/dashboard/vehicle/documentCalenderCard.test.tsx(80,24): error TS2339: Property 'children' does not exist on type 'unknown'.
app/components/dashboard/vehicle/documentCalenderCard.test.tsx(85,20): error TS2339: Property 'children' does not exist on type 'unknown'.
app/components/dashboard/vehicle/documentCalenderCard.test.tsx(85,30): error TS2339: Property 'sx' does not exist on type 'unknown'.
app/components/dashboard/vehicle/documentCalenderCard.test.tsx(85,37): error TS2700: Rest types may only be created from object types.
app/components/dashboard/vehicle/maxLoad.test.tsx(33,18): error TS2339: Property 'xAxis' does not exist on type 'unknown'.
app/components/dashboard/vehicle/maxLoad.test.tsx(33,25): error TS2339: Property 'series' does not exist on type 'unknown'.
app/components/dashboard/vehicle/trailerTable/index.test.tsx(45,21): error TS2339: Property 'rows' does not exist on type 'unknown'.
app/components/dashboard/vehicle/trailerTable/index.test.tsx(45,27): error TS2339: Property 'columns' does not exist on type 'unknown'.
app/components/dashboard/vehicle/trailerTable/index.test.tsx(45,36): error TS2339: Property 'rowActions' does not exist on type 'unknown'.
app/components/dashboard/vehicle/trailerTable/index.test.tsx(45,48): error TS2339: Property 'emptyMessage' does not exist on type 'unknown'.
app/components/dashboard/vehicle/trailerTable/index.test.tsx(54,26): error TS18046: 'c' is of type 'unknown'.
app/components/dashboard/vehicle/trailerTable/index.test.tsx(54,34): error TS18046: 'c' is of type 'unknown'.
app/components/dashboard/vehicle/trailerTable/index.test.tsx(63,28): error TS18046: 'c' is of type 'unknown'.
app/components/dashboard/vehicle/trailerTable/index.test.tsx(63,56): error TS18046: 'c' is of type 'unknown'.
app/components/dashboard/vehicle/trailerTable/index.test.tsx(64,22): error TS18046: 'c' is of type 'unknown'.
app/components/dashboard/vehicle/trailerTable/index.test.tsx(69,38): error TS18046: 'action' is of type 'unknown'.
app/components/dashboard/vehicle/trailerTable/index.test.tsx(69,54): error TS18046: 'action' is of type 'unknown'.
app/components/dashboard/vehicle/trailerTable/index.test.tsx(72,57): error TS18046: 'action' is of type 'unknown'.
app/components/dashboard/vehicle/trailerTable/index.test.tsx(73,26): error TS18046: 'action' is of type 'unknown'.
app/components/dashboard/vehicle/VehicleIssuesCard.test.tsx(28,22): error TS2339: Property 'status' does not exist on type 'unknown'.
app/components/dashboard/vehicle/vehicleTable/index.test.tsx(72,34): error TS2339: Property 'status' does not exist on type 'unknown'.
app/components/dashboard/vehicle/vehicleTable/index.test.tsx(76,21): error TS2339: Property 'name' does not exist on type 'unknown'.
app/components/dashboard/vehicle/vehicleTable/index.test.tsx(76,27): error TS2339: Property 'surname' does not exist on type 'unknown'.
app/components/dashboard/vehicle/vehicleTable/index.test.tsx(80,21): error TS2339: Property 'rows' does not exist on type 'unknown'.
app/components/dashboard/vehicle/vehicleTable/index.test.tsx(80,27): error TS2339: Property 'columns' does not exist on type 'unknown'.
app/components/dashboard/vehicle/vehicleTable/index.test.tsx(80,36): error TS2339: Property 'rowActions' does not exist on type 'unknown'.
app/components/dashboard/vehicle/vehicleTable/index.test.tsx(80,48): error TS2339: Property 'emptyMessage' does not exist on type 'unknown'.
app/components/dashboard/vehicle/vehicleTable/index.test.tsx(89,26): error TS18046: 'c' is of type 'unknown'.
app/components/dashboard/vehicle/vehicleTable/index.test.tsx(89,34): error TS18046: 'c' is of type 'unknown'.
app/components/dashboard/vehicle/vehicleTable/index.test.tsx(98,28): error TS18046: 'c' is of type 'unknown'.
app/components/dashboard/vehicle/vehicleTable/index.test.tsx(98,56): error TS18046: 'c' is of type 'unknown'.
app/components/dashboard/vehicle/vehicleTable/index.test.tsx(99,22): error TS18046: 'c' is of type 'unknown'.
app/components/dashboard/vehicle/vehicleTable/index.test.tsx(104,38): error TS18046: 'action' is of type 'unknown'.
app/components/dashboard/vehicle/vehicleTable/index.test.tsx(104,54): error TS18046: 'action' is of type 'unknown'.
app/components/dashboard/vehicle/vehicleTable/index.test.tsx(107,57): error TS18046: 'action' is of type 'unknown'.
app/components/dashboard/vehicle/vehicleTable/index.test.tsx(108,26): error TS18046: 'action' is of type 'unknown'.
app/components/dashboard/vehicle/vehicleTable/index.test.tsx(255,64): error TS2493: Tuple type '[]' of length '0' has no element at index '0'.
app/components/dashboard/vehicle/vehicleTable/index.test.tsx(256,64): error TS2493: Tuple type '[]' of length '0' has no element at index '1'.
app/components/dashboard/vehicle/vehicleTable/index.test.tsx(265,64): error TS2493: Tuple type '[]' of length '0' has no element at index '0'.
app/components/dashboard/vehicle/vehicleTable/index.test.tsx(266,64): error TS2493: Tuple type '[]' of length '0' has no element at index '1'.
app/components/dashboard/VehicleLiveMap.test.tsx(61,23): error TS2339: Property 'markers' does not exist on type 'unknown'.
app/components/dashboard/VehicleLiveMap.test.tsx(61,32): error TS2339: Property 'onMarkerClick' does not exist on type 'unknown'.
app/components/dashboard/VehicleLiveMap.test.tsx(64,24): error TS18046: 'm' is of type 'unknown'.
app/components/dashboard/VehicleLiveMap.test.tsx(64,86): error TS18046: 'm' is of type 'unknown'.
app/components/dashboard/VehicleLiveMap.test.tsx(65,21): error TS18046: 'm' is of type 'unknown'.
app/components/dashboard/VehicleLiveMap.test.tsx(81,5): error TS2322: Type 'unknown' is not assignable to type 'PaletteColorOptions | undefined'.
app/components/dashboard/VehicleLiveMap.test.tsx(82,5): error TS2322: Type 'unknown' is not assignable to type 'PaletteColorOptions | undefined'.
app/components/dashboard/warehouse/capacityUtilization.test.tsx(34,5): error TS2322: Type 'unknown' is not assignable to type 'PaletteColorOptions | undefined'.
app/components/dashboard/warehouse/capacityUtilization.test.tsx(35,5): error TS2322: Type 'unknown' is not assignable to type 'PaletteColorOptions | undefined'.
app/components/dashboard/warehouse/capacityUtilization.test.tsx(40,1): error TS2571: Object is of type 'unknown'.
app/components/dashboard/warehouse/capacityUtilization.test.tsx(41,1): error TS2571: Object is of type 'unknown'.
app/components/dashboard/warehouse/capacityUtilization.test.tsx(42,1): error TS2571: Object is of type 'unknown'.
app/components/dashboard/warehouse/capacityUtilization.test.tsx(43,1): error TS2571: Object is of type 'unknown'.
app/components/dashboard/warehouse/recentStockMovements.test.tsx(44,21): error TS2339: Property 'rows' does not exist on type 'unknown'.
app/components/dashboard/warehouse/recentStockMovements.test.tsx(44,27): error TS2339: Property 'columns' does not exist on type 'unknown'.
app/components/dashboard/warehouse/recentStockMovements.test.tsx(44,36): error TS2339: Property 'emptyMessage' does not exist on type 'unknown'.
app/components/dashboard/warehouse/recentStockMovements.test.tsx(53,26): error TS18046: 'c' is of type 'unknown'.
app/components/dashboard/warehouse/recentStockMovements.test.tsx(53,34): error TS18046: 'c' is of type 'unknown'.
app/components/dashboard/warehouse/recentStockMovements.test.tsx(61,28): error TS18046: 'c' is of type 'unknown'.
app/components/dashboard/warehouse/recentStockMovements.test.tsx(61,56): error TS18046: 'c' is of type 'unknown'.
app/components/dashboard/warehouse/recentStockMovements.test.tsx(62,22): error TS18046: 'c' is of type 'unknown'.
app/components/dashboard/warehouse/recentStockMovements.test.tsx(78,5): error TS2322: Type 'unknown' is not assignable to type 'PaletteColorOptions | undefined'.
app/components/dashboard/warehouse/recentStockMovements.test.tsx(79,5): error TS2322: Type 'unknown' is not assignable to type 'PaletteColorOptions | undefined'.
app/components/dashboard/warehouse/recentStockMovements.test.tsx(80,5): error TS2322: Type 'unknown' is not assignable to type 'PaletteColorOptions | undefined'.
app/components/dashboard/warehouse/recentStockMovements.test.tsx(85,1): error TS2571: Object is of type 'unknown'.
app/components/dashboard/warehouse/recentStockMovements.test.tsx(86,1): error TS2571: Object is of type 'unknown'.
app/components/dashboard/warehouse/recentStockMovements.test.tsx(87,1): error TS2571: Object is of type 'unknown'.
app/components/dashboard/warehouse/recentStockMovements.test.tsx(88,1): error TS2571: Object is of type 'unknown'.
app/components/dashboard/warehouse/warehouseList.test.tsx(61,21): error TS2339: Property 'rows' does not exist on type 'unknown'.
app/components/dashboard/warehouse/warehouseList.test.tsx(61,27): error TS2339: Property 'columns' does not exist on type 'unknown'.
app/components/dashboard/warehouse/warehouseList.test.tsx(61,36): error TS2339: Property 'rowActions' does not exist on type 'unknown'.
app/components/dashboard/warehouse/warehouseList.test.tsx(61,48): error TS2339: Property 'emptyMessage' does not exist on type 'unknown'.
app/components/dashboard/warehouse/warehouseList.test.tsx(70,26): error TS18046: 'c' is of type 'unknown'.
app/components/dashboard/warehouse/warehouseList.test.tsx(70,34): error TS18046: 'c' is of type 'unknown'.
app/components/dashboard/warehouse/warehouseList.test.tsx(79,28): error TS18046: 'c' is of type 'unknown'.
app/components/dashboard/warehouse/warehouseList.test.tsx(79,56): error TS18046: 'c' is of type 'unknown'.
app/components/dashboard/warehouse/warehouseList.test.tsx(80,22): error TS18046: 'c' is of type 'unknown'.
app/components/dashboard/warehouse/warehouseList.test.tsx(85,55): error TS18046: 'action' is of type 'unknown'.
app/components/dashboard/warehouse/warehouseList.test.tsx(86,24): error TS18046: 'action' is of type 'unknown'.
app/components/dashboard/warehouse/warehouseList.test.tsx(103,5): error TS2322: Type 'unknown' is not assignable to type 'PaletteColorOptions | undefined'.
app/components/dashboard/warehouse/warehouseList.test.tsx(104,5): error TS2322: Type 'unknown' is not assignable to type 'PaletteColorOptions | undefined'.
app/components/dashboard/warehouse/warehouseList.test.tsx(105,5): error TS2322: Type 'unknown' is not assignable to type 'PaletteColorOptions | undefined'.
app/components/dashboard/warehouse/warehouseList.test.tsx(110,1): error TS2571: Object is of type 'unknown'.
app/components/dashboard/warehouse/warehouseList.test.tsx(111,1): error TS2571: Object is of type 'unknown'.
app/components/dashboard/warehouse/warehouseList.test.tsx(112,1): error TS2571: Object is of type 'unknown'.
app/components/dashboard/warehouse/warehouseList.test.tsx(113,1): error TS2571: Object is of type 'unknown'.
app/components/dialogs/company/AddCompanyMemberDialog.test.tsx(98,5): error TS2322: Type 'unknown' is not assignable to type 'PaletteColorOptions | undefined'.
app/components/dialogs/company/AddCompanyMemberDialog.test.tsx(99,5): error TS2322: Type 'unknown' is not assignable to type 'Partial<TypeBackground> | undefined'.
app/components/dialogs/company/AddCompanyMemberDialog.test.tsx(100,5): error TS2322: Type 'unknown' is not assignable to type 'PaletteColorOptions | undefined'.
app/components/dialogs/company/AddCompanyMemberDialog.test.tsx(105,1): error TS2571: Object is of type 'unknown'.
app/components/dialogs/company/AddCompanyMemberDialog.test.tsx(106,1): error TS2571: Object is of type 'unknown'.
app/components/dialogs/company/AddCompanyMemberDialog.test.tsx(107,1): error TS2571: Object is of type 'unknown'.
app/components/dialogs/company/AddCompanyMemberDialog.test.tsx(108,1): error TS2571: Object is of type 'unknown'.
app/components/dialogs/company/AddCompanyMemberDialog.test.tsx(109,1): error TS2571: Object is of type 'unknown'.
app/components/dialogs/company/AddCompanyMemberDialog.test.tsx(110,1): error TS2571: Object is of type 'unknown'.
app/components/dialogs/company/AddCompanyMemberDialog.test.tsx(111,1): error TS2571: Object is of type 'unknown'.
app/components/dialogs/company/AddCompanyMemberDialog.test.tsx(112,1): error TS2571: Object is of type 'unknown'.
app/components/dialogs/company/CompanyMemberDetailsDialog.test.tsx(50,5): error TS2322: Type 'unknown' is not assignable to type 'PaletteColorOptions | undefined'.
app/components/dialogs/company/CompanyMemberDetailsDialog.test.tsx(55,1): error TS2571: Object is of type 'unknown'.
app/components/dialogs/company/CompanyMemberDetailsDialog.test.tsx(56,1): error TS2571: Object is of type 'unknown'.
app/components/dialogs/company/CompanyMemberDetailsDialog.test.tsx(57,1): error TS2571: Object is of type 'unknown'.
app/components/dialogs/company/CompanyMemberDetailsDialog.test.tsx(58,1): error TS2571: Object is of type 'unknown'.
app/components/dialogs/company/CompanyMemberDetailsDialog.test.tsx(59,1): error TS2571: Object is of type 'unknown'.
app/components/dialogs/company/CompanyMemberDetailsDialog.test.tsx(60,1): error TS2571: Object is of type 'unknown'.
app/components/dialogs/company/CreateCompanyDialog.test.tsx(74,21): error TS2339: Property 'actions' does not exist on type 'unknown'.
app/components/dialogs/company/CreateCompanyDialog.test.tsx(90,5): error TS2322: Type 'unknown' is not assignable to type 'PaletteColorOptions | undefined'.
app/components/dialogs/company/CreateCompanyDialog.test.tsx(95,1): error TS2571: Object is of type 'unknown'.
app/components/dialogs/company/CreateCompanyDialog.test.tsx(96,1): error TS2571: Object is of type 'unknown'.
app/components/dialogs/company/CreateCompanyDialog.test.tsx(97,1): error TS2571: Object is of type 'unknown'.
app/components/dialogs/company/CreateCompanyDialog.test.tsx(98,1): error TS2571: Object is of type 'unknown'.
app/components/dialogs/company/CreateCompanyDialog.test.tsx(99,1): error TS2571: Object is of type 'unknown'.
app/components/dialogs/company/CreateCompanyDialog.test.tsx(100,1): error TS2571: Object is of type 'unknown'.
app/components/dialogs/company/EditCompanyMemberDialog.test.tsx(66,5): error TS2322: Type 'unknown' is not assignable to type 'PaletteColorOptions | undefined'.
app/components/dialogs/company/EditCompanyMemberDialog.test.tsx(67,5): error TS2322: Type 'unknown' is not assignable to type 'Partial<TypeBackground> | undefined'.
app/components/dialogs/company/EditCompanyMemberDialog.test.tsx(72,1): error TS2571: Object is of type 'unknown'.
app/components/dialogs/company/EditCompanyMemberDialog.test.tsx(73,1): error TS2571: Object is of type 'unknown'.
app/components/dialogs/company/EditCompanyMemberDialog.test.tsx(74,1): error TS2571: Object is of type 'unknown'.
app/components/dialogs/company/EditCompanyMemberDialog.test.tsx(75,1): error TS2571: Object is of type 'unknown'.
app/components/dialogs/company/EditCompanyMemberDialog.test.tsx(140,64): error TS2493: Tuple type '[]' of length '0' has no element at index '0'.
app/components/dialogs/customer/addCustomerDialog/index.test.tsx(82,5): error TS2322: Type 'unknown' is not assignable to type 'PaletteColorOptions | undefined'.
app/components/dialogs/customer/addCustomerDialog/index.test.tsx(83,5): error TS2322: Type 'unknown' is not assignable to type 'Partial<TypeBackground> | undefined'.
app/components/dialogs/customer/addCustomerDialog/index.test.tsx(88,1): error TS2571: Object is of type 'unknown'.
app/components/dialogs/customer/addCustomerDialog/index.test.tsx(89,1): error TS2571: Object is of type 'unknown'.
app/components/dialogs/customer/addCustomerDialog/index.test.tsx(90,1): error TS2571: Object is of type 'unknown'.
app/components/dialogs/customer/customerDetailDialog.test.tsx(86,5): error TS2322: Type 'unknown' is not assignable to type 'PaletteColorOptions | undefined'.
app/components/dialogs/customer/customerDetailDialog.test.tsx(87,5): error TS2322: Type 'unknown' is not assignable to type 'PaletteColorOptions | undefined'.
app/components/dialogs/customer/customerDetailDialog.test.tsx(92,1): error TS2571: Object is of type 'unknown'.
app/components/dialogs/customer/customerDetailDialog.test.tsx(93,1): error TS2571: Object is of type 'unknown'.
app/components/dialogs/customer/customerDetailDialog.test.tsx(94,1): error TS2571: Object is of type 'unknown'.
app/components/dialogs/customer/customerDetailDialog.test.tsx(95,1): error TS2571: Object is of type 'unknown'.
app/components/dialogs/customer/editCustomerDialog.test.tsx(84,5): error TS2322: Type 'unknown' is not assignable to type 'PaletteColorOptions | undefined'.
app/components/dialogs/customer/editCustomerDialog.test.tsx(89,1): error TS2571: Object is of type 'unknown'.
app/components/dialogs/customer/editCustomerDialog.test.tsx(90,1): error TS2571: Object is of type 'unknown'.
app/components/dialogs/deleteConfirmationDialog.test.tsx(63,23): error TS2349: This expression is not callable.
  Not all constituents of type 'ElementType<any, keyof IntrinsicElements>' are callable.
    Type '"symbol"' has no call signatures.
app/components/dialogs/deleteConfirmationDialog.test.tsx(81,23): error TS2349: This expression is not callable.
  Not all constituents of type 'ElementType<any, keyof IntrinsicElements>' are callable.
    Type '"symbol"' has no call signatures.
app/components/dialogs/driver/addDriverDialog/index.test.tsx(79,5): error TS2322: Type 'unknown' is not assignable to type 'PaletteColorOptions | undefined'.
app/components/dialogs/driver/addDriverDialog/index.test.tsx(80,5): error TS2322: Type 'unknown' is not assignable to type 'Partial<TypeBackground> | undefined'.
app/components/dialogs/driver/addDriverDialog/index.test.tsx(85,1): error TS2571: Object is of type 'unknown'.
app/components/dialogs/driver/addDriverDialog/index.test.tsx(86,1): error TS2571: Object is of type 'unknown'.
app/components/dialogs/driver/DriverHistoryDialog.test.tsx(65,5): error TS2322: Type 'unknown' is not assignable to type 'PaletteColorOptions | undefined'.
app/components/dialogs/driver/DriverHistoryDialog.test.tsx(66,5): error TS2322: Type 'unknown' is not assignable to type 'PaletteColorOptions | undefined'.
app/components/dialogs/driver/DriverHistoryDialog.test.tsx(67,5): error TS2322: Type 'unknown' is not assignable to type 'PaletteColorOptions | undefined'.
app/components/dialogs/driver/DriverHistoryDialog.test.tsx(68,5): error TS2322: Type 'unknown' is not assignable to type 'PaletteColorOptions | undefined'.
app/components/dialogs/driver/DriverHistoryDialog.test.tsx(69,5): error TS2322: Type 'unknown' is not assignable to type 'PaletteColorOptions | undefined'.
app/components/dialogs/driver/DriverHistoryDialog.test.tsx(70,5): error TS2322: Type 'unknown' is not assignable to type 'Partial<TypeText> | undefined'.
app/components/dialogs/driver/DriverHistoryDialog.test.tsx(75,1): error TS2571: Object is of type 'unknown'.
app/components/dialogs/driver/DriverHistoryDialog.test.tsx(76,1): error TS2571: Object is of type 'unknown'.
app/components/dialogs/driver/DriverHistoryDialog.test.tsx(77,1): error TS2571: Object is of type 'unknown'.
app/components/dialogs/driver/DriverHistoryDialog.test.tsx(78,1): error TS2571: Object is of type 'unknown'.
app/components/dialogs/driver/DriverHistoryDialog.test.tsx(79,1): error TS2571: Object is of type 'unknown'.
app/components/dialogs/driver/DriverHistoryDialog.test.tsx(81,1): error TS2571: Object is of type 'unknown'.
app/components/dialogs/driver/DriverHistoryDialog.test.tsx(82,1): error TS2571: Object is of type 'unknown'.
app/components/dialogs/driver/editDriverDialog/index.test.tsx(93,5): error TS2322: Type 'unknown' is not assignable to type 'PaletteColorOptions | undefined'.
app/components/dialogs/driver/editDriverDialog/index.test.tsx(94,5): error TS2322: Type 'unknown' is not assignable to type 'Partial<TypeBackground> | undefined'.
app/components/dialogs/driver/editDriverDialog/index.test.tsx(99,1): error TS2571: Object is of type 'unknown'.
app/components/dialogs/driver/editDriverDialog/index.test.tsx(100,1): error TS2571: Object is of type 'unknown'.
app/components/dialogs/driver/index.test.tsx(44,5): error TS2322: Type 'unknown' is not assignable to type 'PaletteColorOptions | undefined'.
app/components/dialogs/driver/index.test.tsx(45,5): error TS2322: Type 'unknown' is not assignable to type 'PaletteColorOptions | undefined'.
app/components/dialogs/driver/index.test.tsx(50,1): error TS2571: Object is of type 'unknown'.
app/components/dialogs/driver/index.test.tsx(51,1): error TS2571: Object is of type 'unknown'.
app/components/dialogs/driver/index.test.tsx(52,1): error TS2571: Object is of type 'unknown'.
app/components/dialogs/driver/index.test.tsx(53,1): error TS2571: Object is of type 'unknown'.
app/components/dialogs/driver/index.test.tsx(54,1): error TS2571: Object is of type 'unknown'.
app/components/dialogs/inventory/addInventoryDialog/index.test.tsx(81,5): error TS2322: Type 'unknown' is not assignable to type 'PaletteColorOptions | undefined'.
app/components/dialogs/inventory/addInventoryDialog/index.test.tsx(86,1): error TS2571: Object is of type 'unknown'.
app/components/dialogs/inventory/addInventoryDialog/index.test.tsx(87,1): error TS2571: Object is of type 'unknown'.
app/components/dialogs/inventory/InventoryDetailsDialog.test.tsx(108,5): error TS2322: Type 'unknown' is not assignable to type 'PaletteColorOptions | undefined'.
app/components/dialogs/inventory/InventoryDetailsDialog.test.tsx(109,5): error TS2322: Type 'unknown' is not assignable to type 'PaletteColorOptions | undefined'.
app/components/dialogs/inventory/InventoryDetailsDialog.test.tsx(110,5): error TS2322: Type 'unknown' is not assignable to type 'PaletteColorOptions | undefined'.
app/components/dialogs/inventory/InventoryDetailsDialog.test.tsx(111,5): error TS2322: Type 'unknown' is not assignable to type 'PaletteColorOptions | undefined'.
app/components/dialogs/inventory/InventoryDetailsDialog.test.tsx(112,5): error TS2322: Type 'unknown' is not assignable to type 'PaletteColorOptions | undefined'.
app/components/dialogs/inventory/InventoryDetailsDialog.test.tsx(113,5): error TS2322: Type 'unknown' is not assignable to type 'PaletteColorOptions | undefined'.
app/components/dialogs/inventory/InventoryDetailsDialog.test.tsx(118,1): error TS2571: Object is of type 'unknown'.
app/components/dialogs/inventory/InventoryDetailsDialog.test.tsx(119,1): error TS2571: Object is of type 'unknown'.
app/components/dialogs/inventory/InventoryDetailsDialog.test.tsx(120,1): error TS2571: Object is of type 'unknown'.
app/components/dialogs/inventory/InventoryDetailsDialog.test.tsx(121,1): error TS2571: Object is of type 'unknown'.
app/components/dialogs/inventory/InventoryDetailsDialog.test.tsx(122,1): error TS2571: Object is of type 'unknown'.
app/components/dialogs/inventory/InventoryDetailsDialog.test.tsx(123,1): error TS2571: Object is of type 'unknown'.
app/components/dialogs/inventory/InventoryDetailsDialog.test.tsx(125,1): error TS2571: Object is of type 'unknown'.
app/components/dialogs/inventory/InventoryDetailsDialog.test.tsx(126,1): error TS2571: Object is of type 'unknown'.
app/components/dialogs/inventory/InventoryDetailsDialog.test.tsx(127,1): error TS2571: Object is of type 'unknown'.
app/components/dialogs/inventory/InventoryDetailsDialog.test.tsx(128,1): error TS2571: Object is of type 'unknown'.
app/components/dialogs/inventory/InventoryEditDialog.test.tsx(105,5): error TS2322: Type 'unknown' is not assignable to type 'PaletteColorOptions | undefined'.
app/components/dialogs/inventory/InventoryEditDialog.test.tsx(106,5): error TS2322: Type 'unknown' is not assignable to type 'PaletteColorOptions | undefined'.
app/components/dialogs/inventory/InventoryEditDialog.test.tsx(107,5): error TS2322: Type 'unknown' is not assignable to type 'PaletteColorOptions | undefined'.
app/components/dialogs/inventory/InventoryEditDialog.test.tsx(108,5): error TS2322: Type 'unknown' is not assignable to type 'PaletteColorOptions | undefined'.
app/components/dialogs/inventory/InventoryEditDialog.test.tsx(113,1): error TS2571: Object is of type 'unknown'.
app/components/dialogs/inventory/InventoryEditDialog.test.tsx(114,1): error TS2571: Object is of type 'unknown'.
app/components/dialogs/inventory/InventoryEditDialog.test.tsx(115,1): error TS2571: Object is of type 'unknown'.
app/components/dialogs/inventory/InventoryEditDialog.test.tsx(116,1): error TS2571: Object is of type 'unknown'.
app/components/dialogs/inventory/InventoryEditDialog.test.tsx(118,1): error TS2571: Object is of type 'unknown'.
app/components/dialogs/inventory/InventoryEditDialog.test.tsx(119,1): error TS2571: Object is of type 'unknown'.
app/components/dialogs/inventory/InventoryEditDialog.test.tsx(120,1): error TS2571: Object is of type 'unknown'.
app/components/dialogs/logoutConfirmationDialog.test.tsx(63,23): error TS2349: This expression is not callable.
  Not all constituents of type 'ElementType<any, keyof IntrinsicElements>' are callable.
    Type '"symbol"' has no call signatures.
app/components/dialogs/logoutConfirmationDialog.test.tsx(79,23): error TS2349: This expression is not callable.
  Not all constituents of type 'ElementType<any, keyof IntrinsicElements>' are callable.
    Type '"symbol"' has no call signatures.
app/components/dialogs/profile/components/ProfileHeader.test.tsx(24,5): error TS2322: Type 'unknown' is not assignable to type 'PaletteColorOptions | undefined'.
app/components/dialogs/profile/components/ProfileHeader.test.tsx(25,5): error TS2322: Type 'unknown' is not assignable to type 'PaletteColorOptions | undefined'.
app/components/dialogs/profile/components/ProfileHeader.test.tsx(28,1): error TS2571: Object is of type 'unknown'.
app/components/dialogs/profile/components/ProfileHeader.test.tsx(29,1): error TS2571: Object is of type 'unknown'.
app/components/dialogs/profile/components/ProfileTab.test.tsx(33,5): error TS2322: Type 'unknown' is not assignable to type 'PaletteColorOptions | undefined'.
app/components/dialogs/profile/components/ProfileTab.test.tsx(36,1): error TS2571: Object is of type 'unknown'.
app/components/dialogs/profile/components/ProfileTab.test.tsx(37,1): error TS2571: Object is of type 'unknown'.
app/components/dialogs/profile/components/SecurityTab.test.tsx(40,5): error TS2322: Type 'unknown' is not assignable to type 'PaletteColorOptions | undefined'.
app/components/dialogs/profile/components/SecurityTab.test.tsx(41,5): error TS2322: Type 'unknown' is not assignable to type 'PaletteColorOptions | undefined'.
app/components/dialogs/profile/components/SecurityTab.test.tsx(42,5): error TS2322: Type 'unknown' is not assignable to type 'PaletteColorOptions | undefined'.
app/components/dialogs/profile/components/SecurityTab.test.tsx(43,5): error TS2322: Type 'unknown' is not assignable to type 'PaletteColorOptions | undefined'.
app/components/dialogs/profile/components/SecurityTab.test.tsx(46,1): error TS2571: Object is of type 'unknown'.
app/components/dialogs/profile/components/SecurityTab.test.tsx(47,1): error TS2571: Object is of type 'unknown'.
app/components/dialogs/profile/components/SecurityTab.test.tsx(48,1): error TS2571: Object is of type 'unknown'.
app/components/dialogs/profile/components/SecurityTab.test.tsx(49,1): error TS2571: Object is of type 'unknown'.
app/components/dialogs/profile/components/SecurityTab.test.tsx(50,1): error TS2571: Object is of type 'unknown'.
app/components/dialogs/profile/ProfileDialog.test.tsx(61,15): error TS2339: Property 'children' does not exist on type 'unknown'.
app/components/dialogs/profile/ProfileDialog.test.tsx(61,25): error TS2339: Property 'onClick' does not exist on type 'unknown'.
app/components/dialogs/profile/ProfileDialog.test.tsx(82,5): error TS2322: Type 'unknown' is not assignable to type 'PaletteColorOptions | undefined'.
app/components/dialogs/profile/ProfileDialog.test.tsx(85,1): error TS2571: Object is of type 'unknown'.
app/components/dialogs/profile/ProfileDialog.test.tsx(86,1): error TS2571: Object is of type 'unknown'.
app/components/dialogs/routes/addRouteDialog/index.test.tsx(101,5): error TS2322: Type 'unknown' is not assignable to type 'PaletteColorOptions | undefined'.
app/components/dialogs/routes/addRouteDialog/index.test.tsx(105,1): error TS2571: Object is of type 'unknown'.
app/components/dialogs/routes/addRouteDialog/index.test.tsx(106,1): error TS2571: Object is of type 'unknown'.
app/components/dialogs/routes/edit-route-dialog.test.tsx(72,60): error TS2769: No overload matches this call.
  Overload 1 of 4, '(value: string | number | Date): Date', gave the following error.
    Argument of type 'unknown' is not assignable to parameter of type 'string | number | Date'.
  Overload 2 of 4, '(value: string | number): Date', gave the following error.
    Argument of type 'unknown' is not assignable to parameter of type 'string | number'.
app/components/dialogs/routes/edit-route-dialog.test.tsx(94,5): error TS2322: Type 'unknown' is not assignable to type 'PaletteColorOptions | undefined'.
app/components/dialogs/routes/edit-route-dialog.test.tsx(98,1): error TS2571: Object is of type 'unknown'.
app/components/dialogs/routes/edit-route-dialog.test.tsx(99,1): error TS2571: Object is of type 'unknown'.
app/components/dialogs/routes/index.test.tsx(76,5): error TS2322: Type 'unknown' is not assignable to type 'PaletteColorOptions | undefined'.
app/components/dialogs/routes/index.test.tsx(77,5): error TS2322: Type 'unknown' is not assignable to type 'PaletteColorOptions | undefined'.
app/components/dialogs/routes/index.test.tsx(78,5): error TS2322: Type 'unknown' is not assignable to type 'PaletteColorOptions | undefined'.
app/components/dialogs/routes/index.test.tsx(79,5): error TS2322: Type 'unknown' is not assignable to type 'PaletteColorOptions | undefined'.
app/components/dialogs/routes/index.test.tsx(80,5): error TS2322: Type 'unknown' is not assignable to type 'PaletteColorOptions | undefined'.
app/components/dialogs/routes/index.test.tsx(81,5): error TS2322: Type 'unknown' is not assignable to type 'Partial<TypeBackground> | undefined'.
app/components/dialogs/routes/index.test.tsx(82,5): error TS2322: Type 'unknown' is not assignable to type 'Record<string, string> | undefined'.
app/components/dialogs/routes/index.test.tsx(87,1): error TS2571: Object is of type 'unknown'.
app/components/dialogs/routes/index.test.tsx(88,1): error TS2571: Object is of type 'unknown'.
app/components/dialogs/routes/index.test.tsx(89,1): error TS2571: Object is of type 'unknown'.
app/components/dialogs/routes/index.test.tsx(90,1): error TS2571: Object is of type 'unknown'.
app/components/dialogs/routes/index.test.tsx(91,1): error TS2571: Object is of type 'unknown'.
app/components/dialogs/routes/index.test.tsx(92,1): error TS2571: Object is of type 'unknown'.
app/components/dialogs/settings/components/AppearanceTab.test.tsx(43,15): error TS2339: Property 'children' does not exist on type 'unknown'.
app/components/dialogs/settings/components/AppearanceTab.test.tsx(43,25): error TS2339: Property 'onClick' does not exist on type 'unknown'.
app/components/dialogs/settings/components/AppearanceTab.test.tsx(53,5): error TS2322: Type 'unknown' is not assignable to type 'PaletteColorOptions | undefined'.
app/components/dialogs/settings/components/AppearanceTab.test.tsx(56,1): error TS2571: Object is of type 'unknown'.
app/components/dialogs/settings/components/NotificationsTab.test.tsx(40,21): error TS2339: Property 'label' does not exist on type 'unknown'.
app/components/dialogs/settings/components/NotificationsTab.test.tsx(40,28): error TS2339: Property 'checked' does not exist on type 'unknown'.
app/components/dialogs/settings/components/NotificationsTab.test.tsx(40,37): error TS2339: Property 'onChange' does not exist on type 'unknown'.
app/components/dialogs/settings/components/NotificationsTab.test.tsx(57,5): error TS2322: Type 'unknown' is not assignable to type 'PaletteColorOptions | undefined'.
app/components/dialogs/settings/components/NotificationsTab.test.tsx(60,1): error TS2571: Object is of type 'unknown'.
app/components/dialogs/settings/components/RegionalTab.test.tsx(60,5): error TS2322: Type 'unknown' is not assignable to type 'PaletteColorOptions | undefined'.
app/components/dialogs/settings/components/RegionalTab.test.tsx(61,5): error TS2322: Type 'unknown' is not assignable to type 'Record<string, string> | undefined'.
app/components/dialogs/settings/components/RegionalTab.test.tsx(64,1): error TS2571: Object is of type 'unknown'.
app/components/dialogs/settings/components/SettingsHeader.test.tsx(26,5): error TS2322: Type 'unknown' is not assignable to type 'PaletteColorOptions | undefined'.
app/components/dialogs/settings/components/SettingsHeader.test.tsx(27,5): error TS2322: Type 'unknown' is not assignable to type 'PaletteColorOptions | undefined'.
app/components/dialogs/settings/components/SettingsHeader.test.tsx(30,1): error TS2571: Object is of type 'unknown'.
app/components/dialogs/settings/components/SettingsHeader.test.tsx(31,1): error TS2571: Object is of type 'unknown'.
app/components/dialogs/settings/SettingsDialog.test.tsx(99,5): error TS2322: Type 'unknown' is not assignable to type 'PaletteColorOptions | undefined'.
app/components/dialogs/settings/SettingsDialog.test.tsx(100,5): error TS2322: Type 'unknown' is not assignable to type 'Record<string, string> | undefined'.
app/components/dialogs/settings/SettingsDialog.test.tsx(103,1): error TS2571: Object is of type 'unknown'.
app/components/dialogs/shared/DocumentViewerDialog.test.tsx(30,5): error TS2322: Type 'unknown' is not assignable to type 'PaletteColorOptions | undefined'.
app/components/dialogs/shared/DocumentViewerDialog.test.tsx(31,5): error TS2322: Type 'unknown' is not assignable to type 'PaletteColorOptions | undefined'.
app/components/dialogs/shared/DocumentViewerDialog.test.tsx(32,5): error TS2322: Type 'unknown' is not assignable to type 'PaletteColorOptions | undefined'.
app/components/dialogs/shared/DocumentViewerDialog.test.tsx(33,5): error TS2322: Type 'unknown' is not assignable to type 'Record<string, string> | undefined'.
app/components/dialogs/shared/DocumentViewerDialog.test.tsx(34,5): error TS2322: Type 'unknown' is not assignable to type 'Partial<TypeBackground> | undefined'.
app/components/dialogs/shared/DocumentViewerDialog.test.tsx(35,5): error TS2322: Type 'unknown' is not assignable to type 'Partial<CommonColors> | undefined'.
app/components/dialogs/shared/DocumentViewerDialog.test.tsx(38,1): error TS2571: Object is of type 'unknown'.
app/components/dialogs/shared/DocumentViewerDialog.test.tsx(39,1): error TS2571: Object is of type 'unknown'.
app/components/dialogs/shared/DocumentViewerDialog.test.tsx(40,1): error TS2571: Object is of type 'unknown'.
app/components/dialogs/shipment/addShipmentDialog/index.test.tsx(109,5): error TS2322: Type 'unknown' is not assignable to type 'PaletteColorOptions | undefined'.
app/components/dialogs/shipment/addShipmentDialog/index.test.tsx(110,5): error TS2322: Type 'unknown' is not assignable to type 'Record<string, string> | undefined'.
app/components/dialogs/shipment/addShipmentDialog/index.test.tsx(113,1): error TS2571: Object is of type 'unknown'.
app/components/dialogs/shipment/addShipmentDialog/index.test.tsx(114,1): error TS2571: Object is of type 'unknown'.
app/components/dialogs/shipment/addShipmentDialog/index.test.tsx(115,1): error TS2571: Object is of type 'unknown'.
app/components/dialogs/shipment/edit-shipment-dialog.test.tsx(107,5): error TS2322: Type 'unknown' is not assignable to type 'PaletteColorOptions | undefined'.
app/components/dialogs/shipment/edit-shipment-dialog.test.tsx(108,5): error TS2322: Type 'unknown' is not assignable to type 'Record<string, string> | undefined'.
app/components/dialogs/shipment/edit-shipment-dialog.test.tsx(111,1): error TS2571: Object is of type 'unknown'.
app/components/dialogs/shipment/edit-shipment-dialog.test.tsx(112,1): error TS2571: Object is of type 'unknown'.
app/components/dialogs/shipment/edit-shipment-dialog.test.tsx(113,1): error TS2571: Object is of type 'unknown'.
app/components/dialogs/shipment/shipmentDetailDialog.test.tsx(58,15): error TS2339: Property 'children' does not exist on type 'unknown'.
app/components/dialogs/shipment/shipmentDetailDialog.test.tsx(58,25): error TS2339: Property 'data-testid' does not exist on type 'unknown'.
app/components/dialogs/shipment/shipmentDetailDialog.test.tsx(58,48): error TS2339: Property 'id' does not exist on type 'unknown'.
app/components/dialogs/shipment/shipmentDetailDialog.test.tsx(81,5): error TS2322: Type 'unknown' is not assignable to type 'PaletteColorOptions | undefined'.
app/components/dialogs/shipment/shipmentDetailDialog.test.tsx(82,5): error TS2322: Type 'unknown' is not assignable to type 'Partial<CommonColors> | undefined'.
app/components/dialogs/shipment/shipmentDetailDialog.test.tsx(83,5): error TS2322: Type 'unknown' is not assignable to type 'Partial<TypeBackground> | undefined'.
app/components/dialogs/shipment/shipmentDetailDialog.test.tsx(86,1): error TS2571: Object is of type 'unknown'.
app/components/dialogs/shipment/shipmentDetailDialog.test.tsx(87,1): error TS2571: Object is of type 'unknown'.
app/components/dialogs/vehicle/addVehicleDialog/index.test.tsx(75,3): error TS2698: Spread types may only be created from object types.
app/components/dialogs/vehicle/assignDriverDialog/index.test.tsx(52,3): error TS2698: Spread types may only be created from object types.
app/components/dialogs/vehicle/editVehicleDialog/index.test.tsx(68,3): error TS2698: Spread types may only be created from object types.
app/components/dialogs/vehicle/fuelLogDialog/index.test.tsx(65,3): error TS2698: Spread types may only be created from object types.
app/components/dialogs/vehicle/issueDetailDialog/index.test.tsx(68,3): error TS2698: Spread types may only be created from object types.
app/components/dialogs/vehicle/maintenanceDetailDialog/index.test.tsx(80,3): error TS2698: Spread types may only be created from object types.
app/components/dialogs/vehicle/maintenanceRecordDialog/index.test.tsx(79,3): error TS2698: Spread types may only be created from object types.
app/components/dialogs/vehicle/reportIssueDialog/index.test.tsx(64,3): error TS2698: Spread types may only be created from object types.
app/components/dialogs/vehicle/uploadDocumentDialog/index.test.tsx(64,3): error TS2698: Spread types may only be created from object types.
app/components/dialogs/vehicle/uploadDocumentDialog/index.test.tsx(84,5): error TS2322: Type 'unknown' is not assignable to type 'PaletteColorOptions | undefined'.
app/components/dialogs/vehicle/uploadDocumentDialog/index.test.tsx(88,1): error TS2571: Object is of type 'unknown'.
app/components/dialogs/vehicle/uploadDocumentDialog/index.test.tsx(89,1): error TS2571: Object is of type 'unknown'.
app/components/dialogs/vehicle/vehicleDetailsDialog/index.test.tsx(49,3): error TS2698: Spread types may only be created from object types.
app/components/dialogs/warehouse/addWarehouseDialog/index.test.tsx(107,23): error TS2349: This expression is not callable.
  Not all constituents of type 'ElementType<any, keyof IntrinsicElements>' are callable.
    Type '"symbol"' has no call signatures.
app/components/dialogs/warehouse/editWarehouseDialog/index.test.tsx(62,33): error TS18046: 'fn' is of type 'unknown'.
app/components/dialogs/warehouse/editWarehouseDialog/index.test.tsx(104,23): error TS2349: This expression is not callable.
  Not all constituents of type 'ElementType<any, keyof IntrinsicElements>' are callable.
    Type '"symbol"' has no call signatures.
app/components/dialogs/warehouse/editWarehouseDialog/index.test.tsx(117,23): error TS2349: This expression is not callable.
  Not all constituents of type 'ElementType<any, keyof IntrinsicElements>' are callable.
    Type '"symbol"' has no call signatures.
app/components/dialogs/warehouse/warehouseDetailsDialog/index.test.tsx(74,23): error TS2349: This expression is not callable.
  Not all constituents of type 'ElementType<any, keyof IntrinsicElements>' are callable.
    Type '"symbol"' has no call signatures.
app/components/dialogs/warehouse/warehouseDetailsDialog/index.test.tsx(86,23): error TS2349: This expression is not callable.
  Not all constituents of type 'ElementType<any, keyof IntrinsicElements>' are callable.
    Type '"symbol"' has no call signatures.
app/components/footer/index.test.tsx(44,31): error TS2349: This expression is not callable.
  Not all constituents of type 'ElementType<any, keyof IntrinsicElements>' are callable.
    Type '"symbol"' has no call signatures.
app/components/forms/register/signUpStepper.test.tsx(29,123): error TS2349: This expression is not callable.
  Type 'never' has no call signatures.
app/components/forms/register/step1PersonalInfo.test.tsx(17,15): error TS2339: Property 'children' does not exist on type 'unknown'.
app/components/forms/register/step1PersonalInfo.test.tsx(17,25): error TS2339: Property 'name' does not exist on type 'unknown'.
app/components/forms/register/step2Security.test.tsx(17,15): error TS2339: Property 'children' does not exist on type 'unknown'.
app/components/forms/register/step2Security.test.tsx(17,25): error TS2339: Property 'name' does not exist on type 'unknown'.
app/components/forms/signInForm.test.tsx(26,15): error TS2339: Property 'children' does not exist on type 'unknown'.
app/components/forms/signInForm.test.tsx(26,25): error TS2339: Property 'name' does not exist on type 'unknown'.
app/components/forms/signInForm.test.tsx(28,123): error TS2349: This expression is not callable.
  Type 'never' has no call signatures.
app/components/forms/signUpForm.test.tsx(33,31): error TS2349: This expression is not callable.
  Not all constituents of type 'ElementType<any, keyof IntrinsicElements>' are callable.
    Type '"symbol"' has no call signatures.
app/components/googleMaps/DirectionsMap.test.tsx(6,1): error TS2571: Object is of type 'unknown'.
app/components/googleMaps/DirectionsMap.test.tsx(30,46): error TS2339: Property 'default' does not exist on type 'typeof import("C:/Users/emrec/Desktop/PROJE/logitrackv2/app/components/googleMaps/DirectionsMap")'.
app/components/googleMaps/GoogleMapsProvider.test.tsx(37,56): error TS2339: Property 'default' does not exist on type 'typeof import("C:/Users/emrec/Desktop/PROJE/logitrackv2/app/components/googleMaps/GoogleMapsProvider")'.
app/components/googleMaps/MapPicker.test.tsx(25,38): error TS2339: Property 'default' does not exist on type 'typeof import("C:/Users/emrec/Desktop/PROJE/logitrackv2/app/components/googleMaps/MapPicker")'.
app/components/how-it-works/TimelineSection.test.tsx(63,9): error TS2349: This expression is not callable.
  Not all constituents of type 'ElementType<any, keyof IntrinsicElements>' are callable.
    Type '"symbol"' has no call signatures.
app/components/inputs/customTextArea.test.tsx(43,9): error TS2349: This expression is not callable.
  Not all constituents of type 'ElementType<any, keyof IntrinsicElements>' are callable.
    Type '"symbol"' has no call signatures.
app/components/inputs/customTextArea.test.tsx(66,9): error TS2349: This expression is not callable.
  Not all constituents of type 'ElementType<any, keyof IntrinsicElements>' are callable.
    Type '"symbol"' has no call signatures.
app/components/landing/FeaturesSection.test.tsx(50,9): error TS2349: This expression is not callable.
  Not all constituents of type 'ElementType<any, keyof IntrinsicElements>' are callable.
    Type '"symbol"' has no call signatures.
app/components/landing/HeroSection.test.tsx(50,9): error TS2349: This expression is not callable.
  Not all constituents of type 'ElementType<any, keyof IntrinsicElements>' are callable.
    Type '"symbol"' has no call signatures.
app/components/landing/LandingFooter.test.tsx(71,9): error TS2349: This expression is not callable.
  Not all constituents of type 'ElementType<any, keyof IntrinsicElements>' are callable.
    Type '"symbol"' has no call signatures.
app/components/landing/LandingHeaderAuth.test.tsx(59,9): error TS2349: This expression is not callable.
  Not all constituents of type 'ElementType<any, keyof IntrinsicElements>' are callable.
    Type '"symbol"' has no call signatures.
app/components/landing/LandingNavbar.test.tsx(51,9): error TS2349: This expression is not callable.
  Not all constituents of type 'ElementType<any, keyof IntrinsicElements>' are callable.
    Type '"symbol"' has no call signatures.
app/components/landing/OperationsDashboard.test.tsx(57,9): error TS2349: This expression is not callable.
  Not all constituents of type 'ElementType<any, keyof IntrinsicElements>' are callable.
    Type '"symbol"' has no call signatures.
app/components/landing/SocialProof.test.tsx(41,9): error TS2349: This expression is not callable.
  Not all constituents of type 'ElementType<any, keyof IntrinsicElements>' are callable.
    Type '"symbol"' has no call signatures.
app/components/nav/LanguageSwitcher.test.tsx(86,9): error TS2349: This expression is not callable.
  Not all constituents of type 'ElementType<any, keyof IntrinsicElements>' are callable.
    Type '"symbol"' has no call signatures.
app/components/nav/UserAccountNav.test.tsx(97,9): error TS2349: This expression is not callable.
  Not all constituents of type 'ElementType<any, keyof IntrinsicElements>' are callable.
    Type '"symbol"' has no call signatures.
app/components/nav/UserAccountNav.test.tsx(112,9): error TS2349: This expression is not callable.
  Not all constituents of type 'ElementType<any, keyof IntrinsicElements>' are callable.
    Type '"symbol"' has no call signatures.
app/components/notifications/NotificationBell.test.tsx(125,9): error TS2349: This expression is not callable.
  Not all constituents of type 'ElementType<any, keyof IntrinsicElements>' are callable.
    Type '"symbol"' has no call signatures.
app/components/notifications/NotificationBell.test.tsx(139,25): error TS2322: Type '{ id: number; title: string; isRead: false; }' is not assignable to type 'never'.
app/components/notifications/NotificationBell.test.tsx(149,9): error TS2349: This expression is not callable.
  Not all constituents of type 'ElementType<any, keyof IntrinsicElements>' are callable.
    Type '"symbol"' has no call signatures.
app/components/rating.test.tsx(16,23): error TS2349: This expression is not callable.
  Not all constituents of type 'ElementType<any, keyof IntrinsicElements>' are callable.
    Type '"symbol"' has no call signatures.
app/components/rating.test.tsx(34,25): error TS2349: This expression is not callable.
  Not all constituents of type 'ElementType<any, keyof IntrinsicElements>' are callable.
    Type '"symbol"' has no call signatures.
app/components/scrollbar.test.tsx(9,5): error TS2322: Type '(theme: ScrollbarTheme) => { scrollbarWidth?: undefined; scrollbarColor?: undefined; "&::-webkit-scrollbar"?: undefined; "&::-webkit-scrollbar-track"?: undefined; "&::-webkit-scrollbar-track-piece"?: undefined; "&::-webkit-scrollbar-thumb"?: undefined; "&::-webkit-scrollbar-thumb:hover"?: undefined; } | { ...; }' is not assignable to type 'ElementType<any, keyof IntrinsicElements>'.
  Type '(theme: ScrollbarTheme) => { scrollbarWidth?: undefined; scrollbarColor?: undefined; "&::-webkit-scrollbar"?: undefined; "&::-webkit-scrollbar-track"?: undefined; "&::-webkit-scrollbar-track-piece"?: undefined; "&::-webkit-scrollbar-thumb"?: undefined; "&::-webkit-scrollbar-thumb:hover"?: undefined; } | { ...; }' is not assignable to type 'FunctionComponent<any>'.
    Type '{ scrollbarWidth?: undefined; scrollbarColor?: undefined; "&::-webkit-scrollbar"?: undefined; "&::-webkit-scrollbar-track"?: undefined; "&::-webkit-scrollbar-track-piece"?: undefined; "&::-webkit-scrollbar-thumb"?: undefined; "&::-webkit-scrollbar-thumb:hover"?: undefined; } | { ...; }' is not assignable to type 'ReactNode | Promise<ReactNode>'.
      Type '{ scrollbarWidth?: undefined; scrollbarColor?: undefined; "&::-webkit-scrollbar"?: undefined; "&::-webkit-scrollbar-track"?: undefined; "&::-webkit-scrollbar-track-piece"?: undefined; "&::-webkit-scrollbar-thumb"?: undefined; "&::-webkit-scrollbar-thumb:hover"?: undefined; }' is not assignable to type 'ReactNode | Promise<ReactNode>'.
app/components/scrollbar.test.tsx(15,22): error TS2349: This expression is not callable.
  Not all constituents of type 'ElementType<any, keyof IntrinsicElements>' are callable.
    Type '"symbol"' has no call signatures.
app/components/scrollbar.test.tsx(34,22): error TS2349: This expression is not callable.
  Not all constituents of type 'ElementType<any, keyof IntrinsicElements>' are callable.
    Type '"symbol"' has no call signatures.
app/components/sidebar/index.test.tsx(104,9): error TS2349: This expression is not callable.
  Not all constituents of type 'ElementType<any, keyof IntrinsicElements>' are callable.
    Type '"symbol"' has no call signatures.
app/components/sidebar/index.test.tsx(119,9): error TS2349: This expression is not callable.
  Not all constituents of type 'ElementType<any, keyof IntrinsicElements>' are callable.
    Type '"symbol"' has no call signatures.
app/components/sidebar/listItem.test.tsx(87,9): error TS2349: This expression is not callable.
  Not all constituents of type 'ElementType<any, keyof IntrinsicElements>' are callable.
    Type '"symbol"' has no call signatures.
app/components/sidebar/listItem.test.tsx(104,9): error TS2349: This expression is not callable.
  Not all constituents of type 'ElementType<any, keyof IntrinsicElements>' are callable.
    Type '"symbol"' has no call signatures.
app/components/skeletons/AnalyticsSkeleton.test.tsx(33,9): error TS2349: This expression is not callable.
  Not all constituents of type 'ElementType<any, keyof IntrinsicElements>' are callable.
    Type '"symbol"' has no call signatures.
app/components/skeletons/AnalyticsSkeleton.test.tsx(48,9): error TS2349: This expression is not callable.
  Not all constituents of type 'ElementType<any, keyof IntrinsicElements>' are callable.
    Type '"symbol"' has no call signatures.
app/components/skeletons/KpiSkeleton.test.tsx(41,9): error TS2349: This expression is not callable.
  Not all constituents of type 'ElementType<any, keyof IntrinsicElements>' are callable.
    Type '"symbol"' has no call signatures.
app/components/skeletons/KpiSkeleton.test.tsx(54,9): error TS2349: This expression is not callable.
  Not all constituents of type 'ElementType<any, keyof IntrinsicElements>' are callable.
    Type '"symbol"' has no call signatures.
app/components/skeletons/TableSkeleton.test.tsx(43,9): error TS2349: This expression is not callable.
  Not all constituents of type 'ElementType<any, keyof IntrinsicElements>' are callable.
    Type '"symbol"' has no call signatures.
app/components/skeletons/TableSkeleton.test.tsx(56,9): error TS2349: This expression is not callable.
  Not all constituents of type 'ElementType<any, keyof IntrinsicElements>' are callable.
    Type '"symbol"' has no call signatures.
app/components/toast.test.tsx(42,23): error TS2349: This expression is not callable.
  Not all constituents of type 'ElementType<any, keyof IntrinsicElements>' are callable.
    Type '"symbol"' has no call signatures.
app/components/ui/AuthButton.test.tsx(51,23): error TS2349: This expression is not callable.
  Not all constituents of type 'ElementType<any, keyof IntrinsicElements>' are callable.
    Type '"symbol"' has no call signatures.
app/components/ui/AuthButton.test.tsx(64,23): error TS2349: This expression is not callable.
  Not all constituents of type 'ElementType<any, keyof IntrinsicElements>' are callable.
    Type '"symbol"' has no call signatures.
app/components/ui/DataTable/index.test.tsx(124,74): error TS18046: 'r' is of type 'unknown'.
app/components/ui/DataTable/index.test.tsx(129,9): error TS2349: This expression is not callable.
  Not all constituents of type 'ElementType<any, keyof IntrinsicElements>' are callable.
    Type '"symbol"' has no call signatures.
app/global-error.test.tsx(9,21): error TS2339: Property 'statusCode' does not exist on type 'unknown'.
app/global-error.test.tsx(19,5): error TS2322: Type 'Mock<{ (...data: any[]): void; (message?: any, ...optionalParams: any[]): void; } | (() => void)>' is not assignable to type 'ElementType<any, keyof IntrinsicElements>'.
  Type '{ (...data: any[]): void; (message?: any, ...optionalParams: any[]): void; } & { mock: MockFunctionContext<{ (...data: any[]): void; (message?: any, ...optionalParams: any[]): void; } | (() => void)>; }' is not assignable to type 'ElementType<any, keyof IntrinsicElements>'.
    Type '{ (...data: any[]): void; (message?: any, ...optionalParams: any[]): void; } & { mock: MockFunctionContext<{ (...data: any[]): void; (message?: any, ...optionalParams: any[]): void; } | (() => void)>; }' is not assignable to type 'FunctionComponent<any>'.
      Type 'void' is not assignable to type 'ReactNode | Promise<ReactNode>'.
app/global-error.test.tsx(24,22): error TS2339: Property 'mock' does not exist on type 'ElementType<any, keyof IntrinsicElements>'.
  Property 'mock' does not exist on type '"symbol"'.
app/global-error.test.tsx(38,31): error TS2339: Property 'mock' does not exist on type 'ElementType<any, keyof IntrinsicElements>'.
  Property 'mock' does not exist on type '"symbol"'.
app/hooks/useAnalytics.test.ts(28,1): error TS2571: Object is of type 'unknown'.
app/hooks/useAnalytics.test.ts(35,5): error TS2322: Type 'typeof import("C:/Users/emrec/Desktop/PROJE/logitrackv2/app/hooks/useAnalytics")' is not assignable to type 'ElementType<any, keyof IntrinsicElements>'.
app/hooks/useAnalytics.test.ts(57,50): error TS2339: Property 'useAnalyticsData' does not exist on type 'ElementType<any, keyof IntrinsicElements>'.
  Property 'useAnalyticsData' does not exist on type '"symbol"'.
app/hooks/useAnalytics.test.ts(71,9): error TS2322: Type '{ performance: { onTimeRate: number; }; }' is not assignable to type 'null'.
app/hooks/useAnalytics.test.ts(78,41): error TS2339: Property 'useAnalyticsData' does not exist on type 'ElementType<any, keyof IntrinsicElements>'.
  Property 'useAnalyticsData' does not exist on type '"symbol"'.
app/hooks/useAnalytics.test.ts(94,43): error TS2339: Property 'useAnalyticsData' does not exist on type 'ElementType<any, keyof IntrinsicElements>'.
  Property 'useAnalyticsData' does not exist on type '"symbol"'.
app/hooks/useCompany.test.ts(15,29): error TS18046: 'options' is of type 'unknown'.
app/hooks/useCompany.test.ts(16,11): error TS18046: 'options' is of type 'unknown'.
app/hooks/useCompany.test.ts(19,11): error TS18046: 'options' is of type 'unknown'.
app/hooks/useCompany.test.ts(46,1): error TS2571: Object is of type 'unknown'.
app/hooks/useCompany.test.ts(53,5): error TS2322: Type 'typeof import("C:/Users/emrec/Desktop/PROJE/logitrackv2/app/hooks/useCompany")' is not assignable to type 'ElementType<any, keyof IntrinsicElements>'.
app/hooks/useCompany.test.ts(67,21): error TS2339: Property 'useCompanyWithDashboard' does not exist on type 'ElementType<any, keyof IntrinsicElements>'.
  Property 'useCompanyWithDashboard' does not exist on type '"symbol"'.
app/hooks/useCompany.test.ts(74,83): error TS2322: Type 'Promise<boolean>' is not assignable to type 'undefined'.
app/hooks/useCompany.test.ts(76,46): error TS2339: Property 'useCompanyMutations' does not exist on type 'ElementType<any, keyof IntrinsicElements>'.
  Property 'useCompanyMutations' does not exist on type '"symbol"'.
app/hooks/useCurrency.test.ts(41,5): error TS2322: Type 'typeof import("C:/Users/emrec/Desktop/PROJE/logitrackv2/app/hooks/useCurrency")' is not assignable to type 'ElementType<any, keyof IntrinsicElements>'.
app/hooks/useCurrency.test.ts(53,41): error TS2339: Property 'useCurrency' does not exist on type 'ElementType<any, keyof IntrinsicElements>'.
  Property 'useCurrency' does not exist on type '"symbol"'.
app/hooks/useCustomers.test.ts(14,27): error TS18046: 'options' is of type 'unknown'.
app/hooks/useCustomers.test.ts(15,9): error TS18046: 'options' is of type 'unknown'.
app/hooks/useCustomers.test.ts(18,9): error TS18046: 'options' is of type 'unknown'.
app/hooks/useCustomers.test.ts(43,1): error TS2571: Object is of type 'unknown'.
app/hooks/useCustomers.test.ts(50,5): error TS2322: Type 'typeof import("C:/Users/emrec/Desktop/PROJE/logitrackv2/app/hooks/useCustomers")' is not assignable to type 'ElementType<any, keyof IntrinsicElements>'.
app/hooks/useCustomers.test.ts(62,23): error TS2339: Property 'useCustomers' does not exist on type 'ElementType<any, keyof IntrinsicElements>'.
  Property 'useCustomers' does not exist on type '"symbol"'.
app/hooks/useCustomers.test.ts(69,81): error TS2322: Type 'Promise<boolean>' is not assignable to type 'undefined'.
app/hooks/useCustomers.test.ts(71,50): error TS2339: Property 'useCustomerMutations' does not exist on type 'ElementType<any, keyof IntrinsicElements>'.
  Property 'useCustomerMutations' does not exist on type '"symbol"'.
app/hooks/useDateSettings.test.ts(21,5): error TS2322: Type 'typeof import("C:/Users/emrec/Desktop/PROJE/logitrackv2/app/hooks/useDateSettings")' is not assignable to type 'ElementType<any, keyof IntrinsicElements>'.
app/hooks/useDateSettings.test.ts(31,41): error TS2339: Property 'useDateSettings' does not exist on type 'ElementType<any, keyof IntrinsicElements>'.
  Property 'useDateSettings' does not exist on type '"symbol"'.
app/hooks/useDrivers.test.ts(14,27): error TS18046: 'options' is of type 'unknown'.
app/hooks/useDrivers.test.ts(15,9): error TS18046: 'options' is of type 'unknown'.
app/hooks/useDrivers.test.ts(18,9): error TS18046: 'options' is of type 'unknown'.
app/hooks/useDrivers.test.ts(48,1): error TS2571: Object is of type 'unknown'.
app/hooks/useDrivers.test.ts(55,5): error TS2322: Type 'typeof import("C:/Users/emrec/Desktop/PROJE/logitrackv2/app/hooks/useDrivers")' is not assignable to type 'ElementType<any, keyof IntrinsicElements>'.
app/hooks/useDrivers.test.ts(69,21): error TS2339: Property 'useDrivers' does not exist on type 'ElementType<any, keyof IntrinsicElements>'.
  Property 'useDrivers' does not exist on type '"symbol"'.
app/hooks/useDrivers.test.ts(76,83): error TS2322: Type 'Promise<boolean>' is not assignable to type 'undefined'.
app/hooks/useDrivers.test.ts(78,52): error TS2339: Property 'useDriverMutations' does not exist on type 'ElementType<any, keyof IntrinsicElements>'.
  Property 'useDriverMutations' does not exist on type '"symbol"'.
app/hooks/useDrivers.test.ts(86,77): error TS2322: Type 'Promise<boolean>' is not assignable to type 'undefined'.
app/hooks/useDrivers.test.ts(88,46): error TS2339: Property 'useDriverMutations' does not exist on type 'ElementType<any, keyof IntrinsicElements>'.
  Property 'useDriverMutations' does not exist on type '"symbol"'.
app/hooks/useInventory.test.ts(14,27): error TS18046: 'options' is of type 'unknown'.
app/hooks/useInventory.test.ts(15,9): error TS18046: 'options' is of type 'unknown'.
app/hooks/useInventory.test.ts(18,9): error TS18046: 'options' is of type 'unknown'.
app/hooks/useInventory.test.ts(51,1): error TS2571: Object is of type 'unknown'.
app/hooks/useInventory.test.ts(58,5): error TS2322: Type 'typeof import("C:/Users/emrec/Desktop/PROJE/logitrackv2/app/hooks/useInventory")' is not assignable to type 'ElementType<any, keyof IntrinsicElements>'.
app/hooks/useInventory.test.ts(71,23): error TS2339: Property 'useInventory' does not exist on type 'ElementType<any, keyof IntrinsicElements>'.
  Property 'useInventory' does not exist on type '"symbol"'.
app/hooks/useInventory.test.ts(78,87): error TS2322: Type 'Promise<boolean>' is not assignable to type 'undefined'.
app/hooks/useInventory.test.ts(80,46): error TS2339: Property 'useInventoryMutations' does not exist on type 'ElementType<any, keyof IntrinsicElements>'.
  Property 'useInventoryMutations' does not exist on type '"symbol"'.
app/hooks/useInventory.test.ts(88,88): error TS2322: Type 'Promise<boolean>' is not assignable to type 'undefined'.
app/hooks/useInventory.test.ts(90,47): error TS2339: Property 'useInventoryMutations' does not exist on type 'ElementType<any, keyof IntrinsicElements>'.
  Property 'useInventoryMutations' does not exist on type '"symbol"'.
app/hooks/useNotifications.test.ts(33,5): error TS2322: Type 'typeof import("C:/Users/emrec/Desktop/PROJE/logitrackv2/app/hooks/useNotifications")' is not assignable to type 'ElementType<any, keyof IntrinsicElements>'.
app/hooks/useNotifications.test.ts(48,40): error TS2339: Property 'useNotifications' does not exist on type 'ElementType<any, keyof IntrinsicElements>'.
  Property 'useNotifications' does not exist on type '"symbol"'.
app/hooks/useOverview.test.ts(12,1): error TS2571: Object is of type 'unknown'.
app/hooks/useOverview.test.ts(19,5): error TS2322: Type 'typeof import("C:/Users/emrec/Desktop/PROJE/logitrackv2/app/hooks/useOverview")' is not assignable to type 'ElementType<any, keyof IntrinsicElements>'.
app/hooks/useOverview.test.ts(28,35): error TS2339: Property 'useOverviewData' does not exist on type 'ElementType<any, keyof IntrinsicElements>'.
  Property 'useOverviewData' does not exist on type '"symbol"'.
app/hooks/useReports.test.ts(22,1): error TS2571: Object is of type 'unknown'.
app/hooks/useReports.test.ts(29,5): error TS2322: Type 'typeof import("C:/Users/emrec/Desktop/PROJE/logitrackv2/app/hooks/useReports")' is not assignable to type 'ElementType<any, keyof IntrinsicElements>'.
app/hooks/useReports.test.ts(38,46): error TS2339: Property 'useReportsData' does not exist on type 'ElementType<any, keyof IntrinsicElements>'.
  Property 'useReportsData' does not exist on type '"symbol"'.
app/hooks/useRoutes.test.ts(14,27): error TS18046: 'options' is of type 'unknown'.
app/hooks/useRoutes.test.ts(15,9): error TS18046: 'options' is of type 'unknown'.
app/hooks/useRoutes.test.ts(18,9): error TS18046: 'options' is of type 'unknown'.
app/hooks/useRoutes.test.ts(46,1): error TS2571: Object is of type 'unknown'.
app/hooks/useRoutes.test.ts(53,5): error TS2322: Type 'typeof import("C:/Users/emrec/Desktop/PROJE/logitrackv2/app/hooks/useRoutes")' is not assignable to type 'ElementType<any, keyof IntrinsicElements>'.
app/hooks/useRoutes.test.ts(65,20): error TS2339: Property 'useRoutes' does not exist on type 'ElementType<any, keyof IntrinsicElements>'.
  Property 'useRoutes' does not exist on type '"symbol"'.
app/hooks/useRoutes.test.ts(72,76): error TS2322: Type 'Promise<boolean>' is not assignable to type 'undefined'.
app/hooks/useRoutes.test.ts(74,44): error TS2339: Property 'useRouteMutations' does not exist on type 'ElementType<any, keyof IntrinsicElements>'.
  Property 'useRouteMutations' does not exist on type '"symbol"'.
app/hooks/useShipments.test.ts(14,27): error TS18046: 'options' is of type 'unknown'.
app/hooks/useShipments.test.ts(15,9): error TS18046: 'options' is of type 'unknown'.
app/hooks/useShipments.test.ts(18,9): error TS18046: 'options' is of type 'unknown'.
app/hooks/useShipments.test.ts(62,1): error TS2571: Object is of type 'unknown'.
app/hooks/useShipments.test.ts(69,5): error TS2322: Type 'typeof import("C:/Users/emrec/Desktop/PROJE/logitrackv2/app/hooks/useShipments")' is not assignable to type 'ElementType<any, keyof IntrinsicElements>'.
app/hooks/useShipments.test.ts(82,23): error TS2339: Property 'useShipments' does not exist on type 'ElementType<any, keyof IntrinsicElements>'.
  Property 'useShipments' does not exist on type '"symbol"'.
app/hooks/useShipments.test.ts(89,82): error TS2322: Type 'Promise<boolean>' is not assignable to type 'undefined'.
app/hooks/useShipments.test.ts(91,50): error TS2339: Property 'useShipmentMutations' does not exist on type 'ElementType<any, keyof IntrinsicElements>'.
  Property 'useShipmentMutations' does not exist on type '"symbol"'.
app/hooks/useTableParams.test.ts(38,5): error TS2322: Type 'typeof import("C:/Users/emrec/Desktop/PROJE/logitrackv2/app/hooks/useTableParams")' is not assignable to type 'ElementType<any, keyof IntrinsicElements>'.
app/hooks/useTableParams.test.ts(51,38): error TS2339: Property 'useTableParams' does not exist on type 'ElementType<any, keyof IntrinsicElements>'.
  Property 'useTableParams' does not exist on type '"symbol"'.
app/hooks/useTableParams.test.ts(62,38): error TS2339: Property 'useTableParams' does not exist on type 'ElementType<any, keyof IntrinsicElements>'.
  Property 'useTableParams' does not exist on type '"symbol"'.
app/hooks/useTrailers.test.ts(14,27): error TS18046: 'options' is of type 'unknown'.
app/hooks/useTrailers.test.ts(15,9): error TS18046: 'options' is of type 'unknown'.
app/hooks/useTrailers.test.ts(18,9): error TS18046: 'options' is of type 'unknown'.
app/hooks/useTrailers.test.ts(47,1): error TS2571: Object is of type 'unknown'.
app/hooks/useTrailers.test.ts(54,5): error TS2322: Type 'typeof import("C:/Users/emrec/Desktop/PROJE/logitrackv2/app/hooks/useTrailers")' is not assignable to type 'ElementType<any, keyof IntrinsicElements>'.
app/hooks/useTrailers.test.ts(66,22): error TS2339: Property 'useTrailers' does not exist on type 'ElementType<any, keyof IntrinsicElements>'.
  Property 'useTrailers' does not exist on type '"symbol"'.
app/hooks/useTrailers.test.ts(73,79): error TS2322: Type 'Promise<boolean>' is not assignable to type 'undefined'.
app/hooks/useTrailers.test.ts(75,48): error TS2339: Property 'useTrailerMutations' does not exist on type 'ElementType<any, keyof IntrinsicElements>'.
  Property 'useTrailerMutations' does not exist on type '"symbol"'.
app/hooks/useUser.test.ts(16,5): error TS2322: Type 'typeof import("C:/Users/emrec/Desktop/PROJE/logitrackv2/app/hooks/useUser")' is not assignable to type 'ElementType<any, keyof IntrinsicElements>'.
app/hooks/useUser.test.ts(25,42): error TS2339: Property 'useUser' does not exist on type 'ElementType<any, keyof IntrinsicElements>'.
  Property 'useUser' does not exist on type '"symbol"'.
app/hooks/useVehicles.test.ts(14,27): error TS18046: 'options' is of type 'unknown'.
app/hooks/useVehicles.test.ts(15,9): error TS18046: 'options' is of type 'unknown'.
app/hooks/useVehicles.test.ts(18,9): error TS18046: 'options' is of type 'unknown'.
app/hooks/useVehicles.test.ts(46,1): error TS2571: Object is of type 'unknown'.
app/hooks/useVehicles.test.ts(53,5): error TS2322: Type 'typeof import("C:/Users/emrec/Desktop/PROJE/logitrackv2/app/hooks/useVehicles")' is not assignable to type 'ElementType<any, keyof IntrinsicElements>'.
app/hooks/useVehicles.test.ts(66,22): error TS2339: Property 'useVehicles' does not exist on type 'ElementType<any, keyof IntrinsicElements>'.
  Property 'useVehicles' does not exist on type '"symbol"'.
app/hooks/useVehicles.test.ts(73,79): error TS2322: Type 'Promise<boolean>' is not assignable to type 'undefined'.
app/hooks/useVehicles.test.ts(75,48): error TS2339: Property 'useVehicleMutations' does not exist on type 'ElementType<any, keyof IntrinsicElements>'.
  Property 'useVehicleMutations' does not exist on type '"symbol"'.
app/hooks/useVehicleTracking.test.ts(31,5): error TS2322: Type 'typeof import("C:/Users/emrec/Desktop/PROJE/logitrackv2/app/hooks/useVehicleTracking")' is not assignable to type 'ElementType<any, keyof IntrinsicElements>'.
app/hooks/useVehicleTracking.test.ts(44,19): error TS2339: Property 'useAllVehiclesTracking' does not exist on type 'ElementType<any, keyof IntrinsicElements>'.
  Property 'useAllVehiclesTracking' does not exist on type '"symbol"'.
app/hooks/useVehicleTracking.test.ts(55,19): error TS2339: Property 'useVehicleTracking' does not exist on type 'ElementType<any, keyof IntrinsicElements>'.
  Property 'useVehicleTracking' does not exist on type '"symbol"'.
app/hooks/useVehicleTracking.test.ts(65,19): error TS2339: Property 'useVehicleTracking' does not exist on type 'ElementType<any, keyof IntrinsicElements>'.
  Property 'useVehicleTracking' does not exist on type '"symbol"'.
app/hooks/useWarehouses.test.ts(14,27): error TS18046: 'options' is of type 'unknown'.
app/hooks/useWarehouses.test.ts(15,9): error TS18046: 'options' is of type 'unknown'.
app/hooks/useWarehouses.test.ts(18,9): error TS18046: 'options' is of type 'unknown'.
app/hooks/useWarehouses.test.ts(49,1): error TS2571: Object is of type 'unknown'.
app/hooks/useWarehouses.test.ts(56,5): error TS2322: Type 'typeof import("C:/Users/emrec/Desktop/PROJE/logitrackv2/app/hooks/useWarehouses")' is not assignable to type 'ElementType<any, keyof IntrinsicElements>'.
app/hooks/useWarehouses.test.ts(68,24): error TS2339: Property 'useWarehouses' does not exist on type 'ElementType<any, keyof IntrinsicElements>'.
  Property 'useWarehouses' does not exist on type '"symbol"'.
app/hooks/useWarehouses.test.ts(75,83): error TS2322: Type 'Promise<boolean>' is not assignable to type 'undefined'.
app/hooks/useWarehouses.test.ts(77,52): error TS2339: Property 'useWarehouseMutations' does not exist on type 'ElementType<any, keyof IntrinsicElements>'.
  Property 'useWarehouseMutations' does not exist on type '"symbol"'.
app/lib/actions/auth.test.ts(27,5): error TS2322: Type 'typeof import("C:/Users/emrec/Desktop/PROJE/logitrackv2/app/lib/actions/auth")' is not assignable to type 'ElementType<any, keyof IntrinsicElements>'.
app/lib/actions/auth.test.ts(40,83): error TS2322: Type 'Promise<{ id: string; email: string; }>' is not assignable to type 'undefined'.
app/lib/actions/auth.test.ts(43,40): error TS2339: Property 'getUserSession' does not exist on type 'ElementType<any, keyof IntrinsicElements>'.
  Property 'getUserSession' does not exist on type '"symbol"'.
app/lib/actions/auth.test.ts(52,71): error TS2345: Argument of type '() => Promise<never>' is not assignable to parameter of type '(...args: any[]) => undefined'.
  Type 'Promise<never>' is not assignable to type 'undefined'.
app/lib/actions/auth.test.ts(57,32): error TS2339: Property 'getUserSession' does not exist on type 'ElementType<any, keyof IntrinsicElements>'.
  Property 'getUserSession' does not exist on type '"symbol"'.
app/lib/actions/auth.test.ts(63,74): error TS2322: Type 'Promise<{ success: boolean; }>' is not assignable to type 'undefined'.
app/lib/actions/auth.test.ts(64,40): error TS2339: Property 'logoutAction' does not exist on type 'ElementType<any, keyof IntrinsicElements>'.
  Property 'logoutAction' does not exist on type '"symbol"'.
app/lib/actions/auth.test.ts(72,80): error TS2322: Type 'Promise<boolean>' is not assignable to type 'undefined'.
app/lib/actions/auth.test.ts(73,40): error TS2339: Property 'refreshSessionAction' does not exist on type 'ElementType<any, keyof IntrinsicElements>'.
  Property 'refreshSessionAction' does not exist on type '"symbol"'.
app/lib/actions/notifications.test.ts(30,5): error TS2322: Type 'typeof import("C:/Users/emrec/Desktop/PROJE/logitrackv2/app/lib/actions/notifications")' is not assignable to type 'ElementType<any, keyof IntrinsicElements>'.
app/lib/actions/notifications.test.ts(44,64): error TS2322: Type 'Promise<{ id: string; notifEmailShipment: boolean; }[]>' is not assignable to type 'undefined'.
app/lib/actions/notifications.test.ts(50,49): error TS2339: Property 'sendNotificationAction' does not exist on type 'ElementType<any, keyof IntrinsicElements>'.
  Property 'sendNotificationAction' does not exist on type '"symbol"'.
app/lib/actions/notifications.test.ts(58,54): error TS2493: Tuple type '[]' of length '0' has no element at index '0'.
app/lib/actions/notifications.test.ts(67,49): error TS2339: Property 'sendNotificationAction' does not exist on type 'ElementType<any, keyof IntrinsicElements>'.
  Property 'sendNotificationAction' does not exist on type '"symbol"'.
app/lib/actions/notifications.test.ts(72,54): error TS2493: Tuple type '[]' of length '0' has no element at index '0'.
app/lib/actions/notifications.test.ts(78,49): error TS2339: Property 'markAsReadAction' does not exist on type 'ElementType<any, keyof IntrinsicElements>'.
  Property 'markAsReadAction' does not exist on type '"symbol"'.
app/lib/actions/notifications.test.ts(80,54): error TS2493: Tuple type '[]' of length '0' has no element at index '0'.
app/lib/actions/notifications.test.ts(86,49): error TS2339: Property 'deleteNotificationAction' does not exist on type 'ElementType<any, keyof IntrinsicElements>'.
  Property 'deleteNotificationAction' does not exist on type '"symbol"'.
app/lib/actions/notifications.test.ts(88,54): error TS2493: Tuple type '[]' of length '0' has no element at index '0'.
app/lib/actions/profile.test.ts(35,5): error TS2322: Type 'typeof import("C:/Users/emrec/Desktop/PROJE/logitrackv2/app/lib/actions/profile")' is not assignable to type 'ElementType<any, keyof IntrinsicElements>'.
app/lib/actions/profile.test.ts(52,66): error TS2322: Type 'Promise<{ id: string; name: string; }>' is not assignable to type 'undefined'.
app/lib/actions/profile.test.ts(55,43): error TS2339: Property 'getMyProfile' does not exist on type 'ElementType<any, keyof IntrinsicElements>'.
  Property 'getMyProfile' does not exist on type '"symbol"'.
app/lib/actions/profile.test.ts(70,62): error TS2322: Type 'Promise<{ name: string; surname: string; id: string; }>' is not assignable to type 'undefined'.
app/lib/actions/profile.test.ts(73,43): error TS2339: Property 'updateMyProfile' does not exist on type 'ElementType<any, keyof IntrinsicElements>'.
  Property 'updateMyProfile' does not exist on type '"symbol"'.
app/lib/actions/profile.test.ts(87,66): error TS2322: Type 'Promise<{ password: string; }>' is not assignable to type 'undefined'.
app/lib/actions/profile.test.ts(88,62): error TS2322: Type 'Promise<boolean>' is not assignable to type 'undefined'.
app/lib/actions/profile.test.ts(89,59): error TS2322: Type 'Promise<string>' is not assignable to type 'undefined'.
app/lib/actions/profile.test.ts(92,43): error TS2339: Property 'changeMyPassword' does not exist on type 'ElementType<any, keyof IntrinsicElements>'.
  Property 'changeMyPassword' does not exist on type '"symbol"'.
app/lib/actions/profile.test.ts(103,66): error TS2322: Type 'Promise<{ password: string; }>' is not assignable to type 'undefined'.
app/lib/actions/profile.test.ts(104,62): error TS2322: Type 'Promise<boolean>' is not assignable to type 'undefined'.
app/lib/actions/profile.test.ts(107,43): error TS2339: Property 'changeMyPassword' does not exist on type 'ElementType<any, keyof IntrinsicElements>'.
  Property 'changeMyPassword' does not exist on type '"symbol"'.
app/lib/actions/theme.test.ts(32,5): error TS2322: Type 'typeof import("C:/Users/emrec/Desktop/PROJE/logitrackv2/app/lib/actions/theme")' is not assignable to type 'ElementType<any, keyof IntrinsicElements>'.
app/lib/actions/theme.test.ts(46,83): error TS2322: Type 'Promise<{ id: string; }>' is not assignable to type 'undefined'.
app/lib/actions/theme.test.ts(49,41): error TS2339: Property 'saveUserTheme' does not exist on type 'ElementType<any, keyof IntrinsicElements>'.
  Property 'saveUserTheme' does not exist on type '"symbol"'.
app/lib/actions/theme.test.ts(61,83): error TS2322: Type 'Promise<null>' is not assignable to type 'undefined'.
app/lib/actions/theme.test.ts(64,41): error TS2339: Property 'saveUserTheme' does not exist on type 'ElementType<any, keyof IntrinsicElements>'.
  Property 'saveUserTheme' does not exist on type '"symbol"'.
app/lib/actions/theme.test.ts(75,53): error TS2322: Type '{ value: string; }' is not assignable to type 'undefined'.
app/lib/actions/theme.test.ts(78,41): error TS2339: Property 'getUserTheme' does not exist on type 'ElementType<any, keyof IntrinsicElements>'.
  Property 'getUserTheme' does not exist on type '"symbol"'.
app/lib/actions/theme.test.ts(88,83): error TS2322: Type 'Promise<{ id: string; }>' is not assignable to type 'undefined'.
app/lib/actions/theme.test.ts(89,57): error TS2322: Type 'Promise<string>' is not assignable to type 'undefined'.
app/lib/actions/theme.test.ts(92,41): error TS2339: Property 'getUserTheme' does not exist on type 'ElementType<any, keyof IntrinsicElements>'.
  Property 'getUserTheme' does not exist on type '"symbol"'.
app/lib/actions/upload.test.ts(30,5): error TS2322: Type 'typeof import("C:/Users/emrec/Desktop/PROJE/logitrackv2/app/lib/actions/upload")' is not assignable to type 'ElementType<any, keyof IntrinsicElements>'.
app/lib/actions/upload.test.ts(44,62): error TS2322: Type 'unknown' is not assignable to type '{ upload: it.Mock<(...args: any[]) => undefined>; getPublicUrl: it.Mock<() => { data: { publicUrl: string; }; }>; createSignedUrl: it.Mock<(...args: any[]) => undefined>; }'.
app/lib/actions/upload.test.ts(50,42): error TS2339: Property 'uploadImageAction' does not exist on type 'ElementType<any, keyof IntrinsicElements>'.
  Property 'uploadImageAction' does not exist on type '"symbol"'.
app/lib/actions/upload.test.ts(60,34): error TS2339: Property 'uploadImageAction' does not exist on type 'ElementType<any, keyof IntrinsicElements>'.
  Property 'uploadImageAction' does not exist on type '"symbol"'.
app/lib/actions/upload.test.ts(70,62): error TS2322: Type 'unknown' is not assignable to type '{ upload: it.Mock<(...args: any[]) => undefined>; getPublicUrl: it.Mock<() => { data: { publicUrl: string; }; }>; createSignedUrl: it.Mock<(...args: any[]) => undefined>; }'.
app/lib/actions/upload.test.ts(75,42): error TS2339: Property 'getSignedUrlAction' does not exist on type 'ElementType<any, keyof IntrinsicElements>'.
  Property 'getSignedUrlAction' does not exist on type '"symbol"'.
app/lib/actions/upload.test.ts(85,34): error TS2339: Property 'getSignedUrlAction' does not exist on type 'ElementType<any, keyof IntrinsicElements>'.
  Property 'getSignedUrlAction' does not exist on type '"symbol"'.
app/lib/actions/vehicleTracking.test.ts(19,5): error TS2322: Type 'typeof import("C:/Users/emrec/Desktop/PROJE/logitrackv2/app/lib/actions/vehicleTracking")' is not assignable to type 'ElementType<any, keyof IntrinsicElements>'.
app/lib/actions/vehicleTracking.test.ts(29,44): error TS2339: Property 'updateVehicleLocationAction' does not exist on type 'ElementType<any, keyof IntrinsicElements>'.
  Property 'updateVehicleLocationAction' does not exist on type '"symbol"'.
app/lib/actions/vehicleTracking.test.ts(34,54): error TS2493: Tuple type '[]' of length '0' has no element at index '0'.
app/lib/actions/vehicleTracking.test.ts(41,44): error TS2339: Property 'updateVehicleDataAction' does not exist on type 'ElementType<any, keyof IntrinsicElements>'.
  Property 'updateVehicleDataAction' does not exist on type '"symbol"'.
app/lib/actions/vehicleTracking.test.ts(46,54): error TS2493: Tuple type '[]' of length '0' has no element at index '0'.
app/lib/actions/vehicleTracking.test.ts(53,44): error TS2339: Property 'syncVehicleToFirebaseAction' does not exist on type 'ElementType<any, keyof IntrinsicElements>'.
  Property 'syncVehicleToFirebaseAction' does not exist on type '"symbol"'.
app/lib/actions/vehicleTracking.test.ts(58,54): error TS2493: Tuple type '[]' of length '0' has no element at index '0'.
app/lib/auth-middleware.test.ts(46,5): error TS2322: Type '() => Promise<AuthenticatedUser | null>' is not assignable to type 'ElementType<any, keyof IntrinsicElements>'.
  Type '() => Promise<AuthenticatedUser | null>' is not assignable to type 'FunctionComponent<any>'.
    Type 'Promise<AuthenticatedUser | null>' is not assignable to type 'ReactNode | Promise<ReactNode>'.
      Type 'Promise<AuthenticatedUser | null>' is not assignable to type 'ReactElement<unknown, string | JSXElementConstructor<any>> | Iterable<ReactNode> | ReactPortal | Promise<...> | Promise<...>'.
        Type 'Promise<AuthenticatedUser | null>' is not assignable to type 'Promise<AwaitedReactNode>'.
          Type 'AuthenticatedUser | null' is not assignable to type 'AwaitedReactNode'.
            Type 'AuthenticatedUser' is not assignable to type 'AwaitedReactNode'.
app/lib/auth-middleware.test.ts(47,5): error TS2322: Type '<T, Args extends unknown[]>(action: (user: AuthenticatedUser, ...args: Args) => Promise<T>) => (...args: Args) => Promise<T>' is not assignable to type 'ElementType<any, keyof IntrinsicElements>'.
  Type '<T, Args extends unknown[]>(action: (user: AuthenticatedUser, ...args: Args) => Promise<T>) => (...args: Args) => Promise<T>' is not assignable to type 'FunctionComponent<any>'.
    Type '(...args: unknown[]) => Promise<unknown>' is not assignable to type 'ReactNode | Promise<ReactNode>'.
app/lib/auth-middleware.test.ts(48,5): error TS2322: Type '<T, Args extends unknown[]>(action: (user: AuthenticatedUser | null, ...args: Args) => Promise<T>) => (...args: Args) => Promise<T>' is not assignable to type 'ElementType<any, keyof IntrinsicElements>'.
  Type '<T, Args extends unknown[]>(action: (user: AuthenticatedUser | null, ...args: Args) => Promise<T>) => (...args: Args) => Promise<T>' is not assignable to type 'FunctionComponent<any>'.
    Type '(...args: unknown[]) => Promise<unknown>' is not assignable to type 'ReactNode | Promise<ReactNode>'.
app/lib/auth-middleware.test.ts(84,26): error TS2349: This expression is not callable.
  Not all constituents of type 'ElementType<any, keyof IntrinsicElements>' are callable.
    Type '"symbol"' has no call signatures.
app/lib/auth-middleware.test.ts(93,26): error TS2349: This expression is not callable.
  Not all constituents of type 'ElementType<any, keyof IntrinsicElements>' are callable.
    Type '"symbol"' has no call signatures.
app/lib/auth-middleware.test.ts(103,26): error TS2349: This expression is not callable.
  Not all constituents of type 'ElementType<any, keyof IntrinsicElements>' are callable.
    Type '"symbol"' has no call signatures.
app/lib/auth-middleware.test.ts(111,9): error TS2571: Object is of type 'unknown'.
app/lib/auth-middleware.test.ts(115,20): error TS2349: This expression is not callable.
  Not all constituents of type 'ElementType<any, keyof IntrinsicElements>' are callable.
    Type '"symbol"' has no call signatures.
app/lib/auth-middleware.test.ts(127,22): error TS2349: This expression is not callable.
  Not all constituents of type 'ElementType<any, keyof IntrinsicElements>' are callable.
    Type '"symbol"' has no call signatures.
app/lib/auth-middleware.test.ts(141,22): error TS2349: This expression is not callable.
  Not all constituents of type 'ElementType<any, keyof IntrinsicElements>' are callable.
    Type '"symbol"' has no call signatures.
app/lib/auth-middleware.test.ts(157,22): error TS2349: This expression is not callable.
  Not all constituents of type 'ElementType<any, keyof IntrinsicElements>' are callable.
    Type '"symbol"' has no call signatures.
app/lib/auth-middleware.test.ts(158,19): error TS18046: 'user' is of type 'unknown'.
app/lib/auth-middleware.test.ts(172,22): error TS2349: This expression is not callable.
  Not all constituents of type 'ElementType<any, keyof IntrinsicElements>' are callable.
    Type '"symbol"' has no call signatures.
app/lib/auth-middleware.test.ts(173,22): error TS2339: Property 'id' does not exist on type '{}'.
app/lib/auth-middleware.test.ts(183,22): error TS2349: This expression is not callable.
  Not all constituents of type 'ElementType<any, keyof IntrinsicElements>' are callable.
    Type '"symbol"' has no call signatures.
app/lib/context/UserContext.test.tsx(40,5): error TS2322: Type 'typeof import("C:/Users/emrec/Desktop/PROJE/logitrackv2/app/lib/context/UserContext")' is not assignable to type 'ElementType<any, keyof IntrinsicElements>'.
app/lib/context/UserContext.test.tsx(55,23): error TS2339: Property 'useUserContext' does not exist on type 'ElementType<any, keyof IntrinsicElements>'.
  Property 'useUserContext' does not exist on type '"symbol"'.
app/lib/context/UserContext.test.tsx(62,58): error TS2322: Type '{ user: { id: string; roleId: string; }; loading: boolean; }' is not assignable to type 'undefined'.
app/lib/context/UserContext.test.tsx(65,36): error TS2339: Property 'useUserContext' does not exist on type 'ElementType<any, keyof IntrinsicElements>'.
  Property 'useUserContext' does not exist on type '"symbol"'.
app/lib/context/UserContext.test.tsx(80,36): error TS2339: Property 'UserProvider' does not exist on type 'ElementType<any, keyof IntrinsicElements>'.
  Property 'UserProvider' does not exist on type '"symbol"'.
app/lib/controllers/analytics.test.ts(42,1): error TS2571: Object is of type 'unknown'.
app/lib/controllers/analytics.test.ts(57,5): error TS2322: Type 'typeof import("C:/Users/emrec/Desktop/PROJE/logitrackv2/app/lib/controllers/analytics")' is not assignable to type 'ElementType<any, keyof IntrinsicElements>'.
app/lib/controllers/analytics.test.ts(75,65): error TS2322: Type 'Promise<number>' is not assignable to type 'undefined'.
app/lib/controllers/analytics.test.ts(76,64): error TS2322: Type 'Promise<number>' is not assignable to type 'undefined'.
app/lib/controllers/analytics.test.ts(77,63): error TS2322: Type 'Promise<number>' is not assignable to type 'undefined'.
app/lib/controllers/analytics.test.ts(78,66): error TS2322: Type 'Promise<number>' is not assignable to type 'undefined'.
app/lib/controllers/analytics.test.ts(79,66): error TS2322: Type 'Promise<number>' is not assignable to type 'undefined'.
app/lib/controllers/analytics.test.ts(82,48): error TS2339: Property 'getOverviewStats' does not exist on type 'ElementType<any, keyof IntrinsicElements>'.
  Property 'getOverviewStats' does not exist on type '"symbol"'.
app/lib/controllers/analytics.test.ts(105,49): error TS2339: Property 'getOverviewStats' does not exist on type 'ElementType<any, keyof IntrinsicElements>'.
  Property 'getOverviewStats' does not exist on type '"symbol"'.
app/lib/controllers/company.test.ts(81,5): error TS2322: Type 'typeof import("C:/Users/emrec/Desktop/PROJE/logitrackv2/app/lib/controllers/company")' is not assignable to type 'ElementType<any, keyof IntrinsicElements>'.
app/lib/controllers/company.test.ts(101,69): error TS2322: Type 'Promise<null>' is not assignable to type 'undefined'.
app/lib/controllers/company.test.ts(104,65): error TS2322: Type 'Promise<{ id: string; name: string; }>' is not assignable to type 'undefined'.
app/lib/controllers/company.test.ts(106,65): error TS2322: Type 'Promise<{ id: string; }>' is not assignable to type 'undefined'.
app/lib/controllers/company.test.ts(109,62): error TS2322: Type 'Promise<{ id: string; roleId: string; companyId: string; }>' is not assignable to type 'undefined'.
app/lib/controllers/company.test.ts(112,46): error TS2339: Property 'createCompany' does not exist on type 'ElementType<any, keyof IntrinsicElements>'.
  Property 'createCompany' does not exist on type '"symbol"'.
app/lib/controllers/company.test.ts(126,69): error TS2322: Type 'Promise<{ id: string; }>' is not assignable to type 'undefined'.
app/lib/controllers/company.test.ts(130,27): error TS2339: Property 'createCompany' does not exist on type 'ElementType<any, keyof IntrinsicElements>'.
  Property 'createCompany' does not exist on type '"symbol"'.
app/lib/controllers/customer.test.ts(64,5): error TS2322: Type 'typeof import("C:/Users/emrec/Desktop/PROJE/logitrackv2/app/lib/controllers/customer")' is not assignable to type 'ElementType<any, keyof IntrinsicElements>'.
app/lib/controllers/customer.test.ts(85,69): error TS2322: Type 'Promise<null>' is not assignable to type 'undefined'.
app/lib/controllers/customer.test.ts(88,66): error TS2322: Type 'Promise<{ id: string; name: string; code: string; }>' is not assignable to type 'undefined'.
app/lib/controllers/customer.test.ts(91,47): error TS2339: Property 'createCustomer' does not exist on type 'ElementType<any, keyof IntrinsicElements>'.
  Property 'createCustomer' does not exist on type '"symbol"'.
app/lib/controllers/customer.test.ts(100,14): error TS18046: 'createArgs' is of type 'unknown'.
app/lib/controllers/customer.test.ts(107,69): error TS2322: Type 'Promise<{ id: string; }>' is not assignable to type 'undefined'.
app/lib/controllers/customer.test.ts(111,28): error TS2339: Property 'createCustomer' does not exist on type 'ElementType<any, keyof IntrinsicElements>'.
  Property 'createCustomer' does not exist on type '"symbol"'.
app/lib/controllers/documents.test.ts(59,5): error TS2322: Type 'typeof import("C:/Users/emrec/Desktop/PROJE/logitrackv2/app/lib/controllers/documents")' is not assignable to type 'ElementType<any, keyof IntrinsicElements>'.
app/lib/controllers/documents.test.ts(79,68): error TS2322: Type 'Promise<{ companyId: string; }>' is not assignable to type 'undefined'.
app/lib/controllers/documents.test.ts(80,54): error TS2345: Argument of type '(args: unknown) => Promise<any>' is not assignable to parameter of type '(...args: any[]) => undefined'.
  Type 'Promise<any>' is not assignable to type 'undefined'.
app/lib/controllers/documents.test.ts(80,98): error TS18046: 'args' is of type 'unknown'.
app/lib/controllers/documents.test.ts(86,48): error TS2339: Property 'createDocument' does not exist on type 'ElementType<any, keyof IntrinsicElements>'.
  Property 'createDocument' does not exist on type '"symbol"'.
app/lib/controllers/documents.test.ts(99,29): error TS2339: Property 'createDocument' does not exist on type 'ElementType<any, keyof IntrinsicElements>'.
  Property 'createDocument' does not exist on type '"symbol"'.
app/lib/controllers/driver.test.ts(101,5): error TS2322: Type 'typeof import("C:/Users/emrec/Desktop/PROJE/logitrackv2/app/lib/controllers/driver")' is not assignable to type 'ElementType<any, keyof IntrinsicElements>'.
app/lib/controllers/driver.test.ts(132,66): error TS2322: Type 'Promise<{ id: string; companyId: string; name: string; surname: string; driver: null; }>' is not assignable to type 'undefined'.
app/lib/controllers/driver.test.ts(140,68): error TS2322: Type 'Promise<null>' is not assignable to type 'undefined'.
app/lib/controllers/driver.test.ts(143,64): error TS2322: Type 'Promise<{ id: string; }>' is not assignable to type 'undefined'.
app/lib/controllers/driver.test.ts(146,45): error TS2339: Property 'createDriver' does not exist on type 'ElementType<any, keyof IntrinsicElements>'.
  Property 'createDriver' does not exist on type '"symbol"'.
app/lib/controllers/driver.test.ts(165,66): error TS2322: Type 'Promise<{ id: string; companyId: string; driver: { id: string; }; }>' is not assignable to type 'undefined'.
app/lib/controllers/driver.test.ts(173,26): error TS2339: Property 'createDriver' does not exist on type 'ElementType<any, keyof IntrinsicElements>'.
  Property 'createDriver' does not exist on type '"symbol"'.
app/lib/controllers/driver.test.ts(185,68): error TS2322: Type 'Promise<{ companyId: string; user: { name: string; surname: string; }; }>' is not assignable to type 'undefined'.
app/lib/controllers/driver.test.ts(190,64): error TS2322: Type 'Promise<{ id: string; status: string; }>' is not assignable to type 'undefined'.
app/lib/controllers/driver.test.ts(196,45): error TS2339: Property 'updateDriverStatus' does not exist on type 'ElementType<any, keyof IntrinsicElements>'.
  Property 'updateDriverStatus' does not exist on type '"symbol"'.
app/lib/controllers/driver.test.ts(203,90): error TS2493: Tuple type '[]' of length '0' has no element at index '1'.
app/lib/controllers/driver.test.ts(204,14): error TS18046: 'notifArgs' is of type 'unknown'.
app/lib/controllers/exchangeRate.test.ts(27,5): error TS2322: Type 'typeof import("C:/Users/emrec/Desktop/PROJE/logitrackv2/app/lib/controllers/exchangeRate")' is not assignable to type 'ElementType<any, keyof IntrinsicElements>'.
app/lib/controllers/exchangeRate.test.ts(37,51): error TS2339: Property 'getExchangeRatesAction' does not exist on type 'ElementType<any, keyof IntrinsicElements>'.
  Property 'getExchangeRatesAction' does not exist on type '"symbol"'.
app/lib/controllers/fuel.test.ts(50,5): error TS2322: Type 'typeof import("C:/Users/emrec/Desktop/PROJE/logitrackv2/app/lib/controllers/fuel")' is not assignable to type 'ElementType<any, keyof IntrinsicElements>'.
app/lib/controllers/fuel.test.ts(65,65): error TS2322: Type 'Promise<{ id: string; volumeLiter: number; cost: number; currency: string; }>' is not assignable to type 'undefined'.
app/lib/controllers/fuel.test.ts(68,43): error TS2339: Property 'createFuelLog' does not exist on type 'ElementType<any, keyof IntrinsicElements>'.
  Property 'createFuelLog' does not exist on type '"symbol"'.
app/lib/controllers/fuel.test.ts(83,14): error TS18046: 'createArgs' is of type 'unknown'.
app/lib/controllers/fuel.test.ts(84,14): error TS18046: 'createArgs' is of type 'unknown'.
app/lib/controllers/fuel.test.ts(93,67): error TS2322: Type 'Promise<{ cost: number; volumeLiter: number; odometerKm: number; }[]>' is not assignable to type 'undefined'.
app/lib/controllers/fuel.test.ts(99,43): error TS2339: Property 'getFuelStats' does not exist on type 'ElementType<any, keyof IntrinsicElements>'.
  Property 'getFuelStats' does not exist on type '"symbol"'.
app/lib/controllers/inventory.test.ts(99,5): error TS2322: Type 'typeof import("C:/Users/emrec/Desktop/PROJE/logitrackv2/app/lib/controllers/inventory")' is not assignable to type 'ElementType<any, keyof IntrinsicElements>'.
app/lib/controllers/inventory.test.ts(125,71): error TS2322: Type 'Promise<{ id: string; companyId: string; }>' is not assignable to type 'undefined'.
app/lib/controllers/inventory.test.ts(129,71): error TS2322: Type 'Promise<null>' is not assignable to type 'undefined'.
app/lib/controllers/inventory.test.ts(132,67): error TS2322: Type 'Promise<{ id: string; sku: string; name: string; quantity: number; }>' is not assignable to type 'undefined'.
app/lib/controllers/inventory.test.ts(135,48): error TS2339: Property 'createInventoryItem' does not exist on type 'ElementType<any, keyof IntrinsicElements>'.
  Property 'createInventoryItem' does not exist on type '"symbol"'.
app/lib/controllers/inventory.test.ts(151,14): error TS18046: 'moveArgs' is of type 'unknown'.
app/lib/controllers/inventory.test.ts(158,71): error TS2322: Type 'Promise<{ companyId: string; }>' is not assignable to type 'undefined'.
app/lib/controllers/inventory.test.ts(161,71): error TS2322: Type 'Promise<{ id: string; sku: string; }>' is not assignable to type 'undefined'.
app/lib/controllers/inventory.test.ts(168,29): error TS2339: Property 'createInventoryItem' does not exist on type 'ElementType<any, keyof IntrinsicElements>'.
  Property 'createInventoryItem' does not exist on type '"symbol"'.
app/lib/controllers/inventory.test.ts(186,71): error TS2322: Type 'Promise<{ sku: string; warehouseId: string; companyId: string; quantity: number; }>' is not assignable to type 'undefined'.
app/lib/controllers/inventory.test.ts(193,67): error TS2322: Type 'Promise<{ id: string; warehouseId: string; sku: string; quantity: number; }>' is not assignable to type 'undefined'.
app/lib/controllers/inventory.test.ts(201,48): error TS2339: Property 'adjustInventoryStock' does not exist on type 'ElementType<any, keyof IntrinsicElements>'.
  Property 'adjustInventoryStock' does not exist on type '"symbol"'.
app/lib/controllers/inventory.test.ts(208,14): error TS18046: 'updateArgs' is of type 'unknown'.
app/lib/controllers/inventory.test.ts(212,14): error TS18046: 'moveArgs' is of type 'unknown'.
app/lib/controllers/inventory.test.ts(213,14): error TS18046: 'moveArgs' is of type 'unknown'.
app/lib/controllers/maintenance.test.ts(74,5): error TS2322: Type 'typeof import("C:/Users/emrec/Desktop/PROJE/logitrackv2/app/lib/controllers/maintenance")' is not assignable to type 'ElementType<any, keyof IntrinsicElements>'.
app/lib/controllers/maintenance.test.ts(95,69): error TS2322: Type 'Promise<{ companyId: string; }>' is not assignable to type 'undefined'.
app/lib/controllers/maintenance.test.ts(105,75): error TS2322: Type 'Promise<{ id: string; vehicleId: string; type: string; vehicle: { plate: string; }; }>' is not assignable to type 'undefined'.
app/lib/controllers/maintenance.test.ts(108,50): error TS2339: Property 'createMaintenanceRecord' does not exist on type 'ElementType<any, keyof IntrinsicElements>'.
  Property 'createMaintenanceRecord' does not exist on type '"symbol"'.
app/lib/controllers/maintenance.test.ts(124,14): error TS18046: 'createArgs' is of type 'unknown'.
app/lib/controllers/maintenance.test.ts(125,14): error TS18046: 'createArgs' is of type 'unknown'.
app/lib/controllers/maintenance.test.ts(132,69): error TS2322: Type 'Promise<{ companyId: string; }>' is not assignable to type 'undefined'.
app/lib/controllers/maintenance.test.ts(138,31): error TS2339: Property 'createMaintenanceRecord' does not exist on type 'ElementType<any, keyof IntrinsicElements>'.
  Property 'createMaintenanceRecord' does not exist on type '"symbol"'.
app/lib/controllers/maintenance.test.ts(150,79): error TS2322: Type 'Promise<{ status: string; type: string; vehicle: { companyId: string; plate: string; }; }>' is not assignable to type 'undefined'.
app/lib/controllers/maintenance.test.ts(156,75): error TS2322: Type 'Promise<{ status: string; type: string; vehicle: { plate: string; id: string; }; }>' is not assignable to type 'undefined'.
app/lib/controllers/maintenance.test.ts(163,50): error TS2339: Property 'updateMaintenanceRecord' does not exist on type 'ElementType<any, keyof IntrinsicElements>'.
  Property 'updateMaintenanceRecord' does not exist on type '"symbol"'.
app/lib/controllers/maintenance.test.ts(176,90): error TS2493: Tuple type '[]' of length '0' has no element at index '1'.
app/lib/controllers/maintenance.test.ts(177,14): error TS18046: 'notifArgs' is of type 'unknown'.
app/lib/controllers/maintenance.test.ts(178,14): error TS18046: 'notifArgs' is of type 'unknown'.
app/lib/controllers/map.test.ts(17,1): error TS2571: Object is of type 'unknown'.
app/lib/controllers/map.test.ts(34,5): error TS2322: Type 'typeof import("C:/Users/emrec/Desktop/PROJE/logitrackv2/app/lib/controllers/map")' is not assignable to type 'ElementType<any, keyof IntrinsicElements>'.
app/lib/controllers/map.test.ts(55,42): error TS2339: Property 'getDirections' does not exist on type 'ElementType<any, keyof IntrinsicElements>'.
  Property 'getDirections' does not exist on type '"symbol"'.
app/lib/controllers/map.test.ts(64,53): error TS2322: Type 'Promise<{ ok: boolean; json: () => Promise<{ routes: { summary: string; }[]; }>; }>' is not assignable to type 'undefined'.
app/lib/controllers/map.test.ts(70,42): error TS2339: Property 'getDirections' does not exist on type 'ElementType<any, keyof IntrinsicElements>'.
  Property 'getDirections' does not exist on type '"symbol"'.
app/lib/controllers/map.test.ts(91,53): error TS2322: Type 'Promise<{ ok: boolean; statusText: string; }>' is not assignable to type 'undefined'.
app/lib/controllers/map.test.ts(97,42): error TS2339: Property 'getDirections' does not exist on type 'ElementType<any, keyof IntrinsicElements>'.
  Property 'getDirections' does not exist on type '"symbol"'.
app/lib/controllers/overview.test.ts(91,1): error TS2571: Object is of type 'unknown'.
app/lib/controllers/overview.test.ts(132,5): error TS2322: Type 'typeof import("C:/Users/emrec/Desktop/PROJE/logitrackv2/app/lib/controllers/overview")' is not assignable to type 'ElementType<any, keyof IntrinsicElements>'.
app/lib/controllers/overview.test.ts(165,47): error TS2339: Property 'getOverviewDashboardData' does not exist on type 'ElementType<any, keyof IntrinsicElements>'.
  Property 'getOverviewDashboardData' does not exist on type '"symbol"'.
app/lib/controllers/overview.test.ts(178,65): error TS2322: Type 'Promise<number>' is not assignable to type 'undefined'.
app/lib/controllers/overview.test.ts(179,64): error TS2322: Type 'Promise<number>' is not assignable to type 'undefined'.
app/lib/controllers/overview.test.ts(180,63): error TS2322: Type 'Promise<number>' is not assignable to type 'undefined'.
app/lib/controllers/overview.test.ts(181,66): error TS2322: Type 'Promise<number>' is not assignable to type 'undefined'.
app/lib/controllers/overview.test.ts(182,66): error TS2322: Type 'Promise<number>' is not assignable to type 'undefined'.
app/lib/controllers/overview.test.ts(184,62): error TS2322: Type 'Promise<number>' is not assignable to type 'undefined'.
app/lib/controllers/overview.test.ts(185,66): error TS2322: Type 'Promise<{ _avg: { durationMin: number; }; }>' is not assignable to type 'undefined'.
app/lib/controllers/overview.test.ts(187,68): error TS2322: Type 'Promise<{ _sum: { volumeLiter: number; }; }>' is not assignable to type 'undefined'.
app/lib/controllers/overview.test.ts(188,67): error TS2322: Type 'Promise<{ vehicleId: string; volumeLiter: number; cost: number; date: Date; currency: string; }[]>' is not assignable to type 'undefined'.
app/lib/controllers/overview.test.ts(192,65): error TS2322: Type 'Promise<{ id: string; type: string; priority: string; status: string; title: string; }[]>' is not assignable to type 'undefined'.
app/lib/controllers/overview.test.ts(196,68): error TS2322: Type 'Promise<{ id: string; name: string; expiryDate: Date; }[]>' is not assignable to type 'undefined'.
app/lib/controllers/overview.test.ts(200,67): error TS2322: Type 'Promise<{ id: string; plate: string; currentLat: number; currentLng: number; }[]>' is not assignable to type 'undefined'.
app/lib/controllers/overview.test.ts(204,69): error TS2322: Type 'Promise<{ id: string; name: string; capacityPallets: number; capacityVolumeM3: number; lat: number; lng: number; }[]>' is not assignable to type 'undefined'.
app/lib/controllers/overview.test.ts(208,68): error TS2322: Type 'Promise<{ warehouseId: string; _sum: { palletCount: number; volumeM3: number; }; }[]>' is not assignable to type 'undefined'.
app/lib/controllers/overview.test.ts(212,69): error TS2322: Type 'Promise<{ id: string; name: string; sku: string; quantity: number; minStock: number; warehouse: { name: string; }; }[]>' is not assignable to type 'undefined'.
app/lib/controllers/overview.test.ts(216,68): error TS2322: Type 'Promise<{ status: string; createdAt: Date; }[]>' is not assignable to type 'undefined'.
app/lib/controllers/overview.test.ts(220,76): error TS2322: Type 'Promise<{ type: string; _sum: { quantity: number; }; }[]>' is not assignable to type 'undefined'.
app/lib/controllers/overview.test.ts(225,68): error TS2322: Type 'Promise<{ id: string; name: string; locations: { isDefault: boolean; lat: number; lng: number; }[]; }[]>' is not assignable to type 'undefined'.
app/lib/controllers/overview.test.ts(230,47): error TS2339: Property 'getOverviewDashboardData' does not exist on type 'ElementType<any, keyof IntrinsicElements>'.
  Property 'getOverviewDashboardData' does not exist on type '"symbol"'.
app/lib/controllers/reports.test.ts(44,5): error TS2322: Type 'typeof import("C:/Users/emrec/Desktop/PROJE/logitrackv2/app/lib/controllers/reports")' is not assignable to type 'ElementType<any, keyof IntrinsicElements>'.
app/lib/controllers/reports.test.ts(63,46): error TS2339: Property 'getReportsDataAction' does not exist on type 'ElementType<any, keyof IntrinsicElements>'.
  Property 'getReportsDataAction' does not exist on type '"symbol"'.
app/lib/controllers/reports.test.ts(75,55): error TS2345: Argument of type '(args: unknown) => Promise<{ status: string; _count: { status: number; }; }[] | ({ routeId: string; _count: { routeId: number; }; } | { routeId: null; _count: { routeId: number; }; })[]>' is not assignable to parameter of type '(...args: any[]) => undefined'.
  Type 'Promise<{ status: string; _count: { status: number; }; }[] | ({ routeId: string; _count: { routeId: number; }; } | { routeId: null; _count: { routeId: number; }; })[]>' is not assignable to type 'undefined'.
app/lib/controllers/reports.test.ts(76,13): error TS18046: 'args' is of type 'unknown'.
app/lib/controllers/reports.test.ts(82,13): error TS18046: 'args' is of type 'unknown'.
app/lib/controllers/reports.test.ts(92,67): error TS2322: Type 'Promise<{ name: string; }>' is not assignable to type 'undefined'.
app/lib/controllers/reports.test.ts(97,67): error TS2322: Type 'Promise<{ plate: string; currentLat: number; currentLng: number; status: string; }[]>' is not assignable to type 'undefined'.
app/lib/controllers/reports.test.ts(105,64): error TS2322: Type 'Promise<number>' is not assignable to type 'undefined'.
app/lib/controllers/reports.test.ts(108,69): error TS2322: Type 'Promise<{ name: string; quantity: number; warehouseId: string; }[]>' is not assignable to type 'undefined'.
app/lib/controllers/reports.test.ts(114,53): error TS2345: Argument of type '(args: unknown) => Promise<10 | 15>' is not assignable to parameter of type '(...args: any[]) => undefined'.
  Type 'Promise<10 | 15>' is not assignable to type 'undefined'.
app/lib/controllers/reports.test.ts(115,13): error TS18046: 'args' is of type 'unknown'.
app/lib/controllers/reports.test.ts(120,46): error TS2339: Property 'getReportsDataAction' does not exist on type 'ElementType<any, keyof IntrinsicElements>'.
  Property 'getReportsDataAction' does not exist on type '"symbol"'.
app/lib/controllers/reports.test.ts(149,55): error TS2345: Argument of type '() => Promise<never>' is not assignable to parameter of type '(...args: any[]) => undefined'.
  Type 'Promise<never>' is not assignable to type 'undefined'.
app/lib/controllers/reports.test.ts(154,46): error TS2339: Property 'getReportsDataAction' does not exist on type 'ElementType<any, keyof IntrinsicElements>'.
  Property 'getReportsDataAction' does not exist on type '"symbol"'.
app/lib/controllers/roles.test.ts(49,5): error TS2322: Type 'typeof import("C:/Users/emrec/Desktop/PROJE/logitrackv2/app/lib/controllers/roles")' is not assignable to type 'ElementType<any, keyof IntrinsicElements>'.
app/lib/controllers/roles.test.ts(72,66): error TS2322: Type 'Promise<null>' is not assignable to type 'undefined'.
app/lib/controllers/roles.test.ts(73,50): error TS2345: Argument of type '(args: unknown) => Promise<any>' is not assignable to parameter of type '(...args: any[]) => undefined'.
  Type 'Promise<any>' is not assignable to type 'undefined'.
app/lib/controllers/roles.test.ts(75,12): error TS18046: 'args' is of type 'unknown'.
app/lib/controllers/roles.test.ts(79,44): error TS2339: Property 'createRole' does not exist on type 'ElementType<any, keyof IntrinsicElements>'.
  Property 'createRole' does not exist on type '"symbol"'.
app/lib/controllers/roles.test.ts(95,66): error TS2322: Type 'Promise<{ id: string; name: string; }>' is not assignable to type 'undefined'.
app/lib/controllers/roles.test.ts(102,25): error TS2339: Property 'createRole' does not exist on type 'ElementType<any, keyof IntrinsicElements>'.
  Property 'createRole' does not exist on type '"symbol"'.
app/lib/controllers/roles.test.ts(117,65): error TS2322: Type 'Promise<null>' is not assignable to type 'undefined'.
app/lib/controllers/roles.test.ts(118,62): error TS2322: Type 'Promise<{ id: string; }>' is not assignable to type 'undefined'.
app/lib/controllers/roles.test.ts(121,44): error TS2339: Property 'deleteRole' does not exist on type 'ElementType<any, keyof IntrinsicElements>'.
  Property 'deleteRole' does not exist on type '"symbol"'.
app/lib/controllers/roles.test.ts(131,65): error TS2322: Type 'Promise<{ id: string; roleId: string; }>' is not assignable to type 'undefined'.
app/lib/controllers/roles.test.ts(138,25): error TS2339: Property 'deleteRole' does not exist on type 'ElementType<any, keyof IntrinsicElements>'.
  Property 'deleteRole' does not exist on type '"symbol"'.
app/lib/controllers/routes.test.ts(114,5): error TS2322: Type 'typeof import("C:/Users/emrec/Desktop/PROJE/logitrackv2/app/lib/controllers/routes")' is not assignable to type 'ElementType<any, keyof IntrinsicElements>'.
app/lib/controllers/routes.test.ts(144,66): error TS2322: Type 'Promise<null>' is not assignable to type 'undefined'.
app/lib/controllers/routes.test.ts(150,63): error TS2322: Type 'Promise<{ id: string; name: string; }>' is not assignable to type 'undefined'.
app/lib/controllers/routes.test.ts(165,45): error TS2339: Property 'createRoute' does not exist on type 'ElementType<any, keyof IntrinsicElements>'.
  Property 'createRoute' does not exist on type '"symbol"'.
app/lib/controllers/routes.test.ts(177,66): error TS2322: Type 'Promise<{ id: string; name: string; }>' is not assignable to type 'undefined'.
app/lib/controllers/routes.test.ts(196,26): error TS2339: Property 'createRoute' does not exist on type 'ElementType<any, keyof IntrinsicElements>'.
  Property 'createRoute' does not exist on type '"symbol"'.
app/lib/controllers/routes.test.ts(215,65): error TS2322: Type 'Promise<{ id: string; name: string; }[]>' is not assignable to type 'undefined'.
app/lib/controllers/routes.test.ts(216,62): error TS2322: Type 'Promise<number>' is not assignable to type 'undefined'.
app/lib/controllers/routes.test.ts(219,45): error TS2339: Property 'getRoutes' does not exist on type 'ElementType<any, keyof IntrinsicElements>'.
  Property 'getRoutes' does not exist on type '"symbol"'.
app/lib/controllers/session.test.ts(79,5): error TS2322: Type 'typeof import("C:/Users/emrec/Desktop/PROJE/logitrackv2/app/lib/controllers/session")' is not assignable to type 'ElementType<any, keyof IntrinsicElements>'.
app/lib/controllers/session.test.ts(109,65): error TS2322: Type 'Promise<{ id: string; }>' is not assignable to type 'undefined'.
app/lib/controllers/session.test.ts(114,46): error TS2339: Property 'createSession' does not exist on type 'ElementType<any, keyof IntrinsicElements>'.
  Property 'createSession' does not exist on type '"symbol"'.
app/lib/controllers/session.test.ts(127,57): error TS2322: Type '{ value: string; }' is not assignable to type 'undefined'.
app/lib/controllers/session.test.ts(132,69): error TS2322: Type 'Promise<{ id: string; expiresAt: Date; lastActivityAt: Date; isRevoked: boolean; user: { id: string; companyId: string; status: string; role: { name: string; }; }; }>' is not assignable to type 'undefined'.
app/lib/controllers/session.test.ts(148,46): error TS2339: Property 'validateSession' does not exist on type 'ElementType<any, keyof IntrinsicElements>'.
  Property 'validateSession' does not exist on type '"symbol"'.
app/lib/controllers/session.test.ts(159,57): error TS2322: Type '{ value: string; }' is not assignable to type 'undefined'.
app/lib/controllers/session.test.ts(164,69): error TS2322: Type 'Promise<{ id: string; expiresAt: Date; lastActivityAt: Date; isRevoked: boolean; user: { id: string; status: string; }; }>' is not assignable to type 'undefined'.
app/lib/controllers/session.test.ts(178,46): error TS2339: Property 'validateSession' does not exist on type 'ElementType<any, keyof IntrinsicElements>'.
  Property 'validateSession' does not exist on type '"symbol"'.
app/lib/controllers/session.test.ts(189,65): error TS2322: Type 'Promise<{ id: string; token: string; isRevoked: boolean; }>' is not assignable to type 'undefined'.
app/lib/controllers/session.test.ts(196,31): error TS2339: Property 'revokeSession' does not exist on type 'ElementType<any, keyof IntrinsicElements>'.
  Property 'revokeSession' does not exist on type '"symbol"'.
app/lib/controllers/session.test.ts(201,52): error TS2493: Tuple type '[]' of length '0' has no element at index '0'.
app/lib/controllers/session.test.ts(208,31): error TS2339: Property 'clearAuthCookies' does not exist on type 'ElementType<any, keyof IntrinsicElements>'.
  Property 'clearAuthCookies' does not exist on type '"symbol"'.
app/lib/controllers/shipments.test.ts(101,5): error TS2322: Type 'typeof import("C:/Users/emrec/Desktop/PROJE/logitrackv2/app/lib/controllers/shipments")' is not assignable to type 'ElementType<any, keyof IntrinsicElements>'.
app/lib/controllers/shipments.test.ts(128,70): error TS2322: Type 'Promise<null>' is not assignable to type 'undefined'.
app/lib/controllers/shipments.test.ts(129,70): error TS2322: Type 'Promise<null>' is not assignable to type 'undefined'.
app/lib/controllers/shipments.test.ts(130,54): error TS2345: Argument of type '(args: unknown) => Promise<any>' is not assignable to parameter of type '(...args: any[]) => undefined'.
  Type 'Promise<any>' is not assignable to type 'undefined'.
app/lib/controllers/shipments.test.ts(133,12): error TS18046: 'args' is of type 'unknown'.
app/lib/controllers/shipments.test.ts(145,48): error TS2339: Property 'createShipment' does not exist on type 'ElementType<any, keyof IntrinsicElements>'.
  Property 'createShipment' does not exist on type '"symbol"'.
app/lib/controllers/shipments.test.ts(159,70): error TS2322: Type 'Promise<{ id: string; trackingId: string; }>' is not assignable to type 'undefined'.
app/lib/controllers/shipments.test.ts(172,29): error TS2339: Property 'createShipment' does not exist on type 'ElementType<any, keyof IntrinsicElements>'.
  Property 'createShipment' does not exist on type '"symbol"'.
app/lib/controllers/shipments.test.ts(191,68): error TS2322: Type 'Promise<{ id: string; trackingId: string; }[]>' is not assignable to type 'undefined'.
app/lib/controllers/shipments.test.ts(194,48): error TS2339: Property 'getShipments' does not exist on type 'ElementType<any, keyof IntrinsicElements>'.
  Property 'getShipments' does not exist on type '"symbol"'.
app/lib/controllers/trailer.test.ts(78,5): error TS2322: Type 'typeof import("C:/Users/emrec/Desktop/PROJE/logitrackv2/app/lib/controllers/trailer")' is not assignable to type 'ElementType<any, keyof IntrinsicElements>'.
app/lib/controllers/trailer.test.ts(102,68): error TS2322: Type 'Promise<null>' is not assignable to type 'undefined'.
app/lib/controllers/trailer.test.ts(103,53): error TS2345: Argument of type '(args: unknown) => Promise<any>' is not assignable to parameter of type '(...args: any[]) => undefined'.
  Type 'Promise<any>' is not assignable to type 'undefined'.
app/lib/controllers/trailer.test.ts(105,12): error TS18046: 'args' is of type 'unknown'.
app/lib/controllers/trailer.test.ts(117,46): error TS2339: Property 'createTrailer' does not exist on type 'ElementType<any, keyof IntrinsicElements>'.
  Property 'createTrailer' does not exist on type '"symbol"'.
app/lib/controllers/trailer.test.ts(129,68): error TS2322: Type 'Promise<{ id: string; plate: string; }>' is not assignable to type 'undefined'.
app/lib/controllers/trailer.test.ts(141,27): error TS2339: Property 'createTrailer' does not exist on type 'ElementType<any, keyof IntrinsicElements>'.
  Property 'createTrailer' does not exist on type '"symbol"'.
app/lib/controllers/trailer.test.ts(156,69): error TS2322: Type 'Promise<{ id: string; plate: string; companyId: string; }>' is not assignable to type 'undefined'.
app/lib/controllers/trailer.test.ts(163,46): error TS2339: Property 'getTrailerById' does not exist on type 'ElementType<any, keyof IntrinsicElements>'.
  Property 'getTrailerById' does not exist on type '"symbol"'.
app/lib/controllers/trailer.test.ts(173,69): error TS2322: Type 'Promise<null>' is not assignable to type 'undefined'.
app/lib/controllers/trailer.test.ts(177,27): error TS2339: Property 'getTrailerById' does not exist on type 'ElementType<any, keyof IntrinsicElements>'.
  Property 'getTrailerById' does not exist on type '"symbol"'.
app/lib/controllers/users.test.ts(123,5): error TS2322: Type 'typeof import("C:/Users/emrec/Desktop/PROJE/logitrackv2/app/lib/controllers/users")' is not assignable to type 'ElementType<any, keyof IntrinsicElements>'.
app/lib/controllers/users.test.ts(143,65): error TS2322: Type 'Promise<null>' is not assignable to type 'undefined'.
app/lib/controllers/users.test.ts(144,50): error TS2345: Argument of type '(args: unknown) => Promise<any>' is not assignable to parameter of type '(...args: any[]) => undefined'.
  Type 'Promise<any>' is not assignable to type 'undefined'.
app/lib/controllers/users.test.ts(146,12): error TS18046: 'args' is of type 'unknown'.
app/lib/controllers/users.test.ts(151,44): error TS2339: Property 'RegisterUser' does not exist on type 'ElementType<any, keyof IntrinsicElements>'.
  Property 'RegisterUser' does not exist on type '"symbol"'.
app/lib/controllers/users.test.ts(173,65): error TS2322: Type 'Promise<{ id: string; email: string; }>' is not assignable to type 'undefined'.
app/lib/controllers/users.test.ts(180,44): error TS2339: Property 'RegisterUser' does not exist on type 'ElementType<any, keyof IntrinsicElements>'.
  Property 'RegisterUser' does not exist on type '"symbol"'.
app/lib/controllers/users.test.ts(201,44): error TS2339: Property 'RegisterUser' does not exist on type 'ElementType<any, keyof IntrinsicElements>'.
  Property 'RegisterUser' does not exist on type '"symbol"'.
app/lib/controllers/users.test.ts(229,64): error TS2322: Type 'Promise<{ id: string; name: string; }[]>' is not assignable to type 'undefined'.
app/lib/controllers/users.test.ts(232,44): error TS2339: Property 'getUsers' does not exist on type 'ElementType<any, keyof IntrinsicElements>'.
  Property 'getUsers' does not exist on type '"symbol"'.
app/lib/controllers/utils/checkPermission.test.ts(25,5): error TS2322: Type 'typeof import("C:/Users/emrec/Desktop/PROJE/logitrackv2/app/lib/controllers/utils/checkPermission")' is not assignable to type 'ElementType<any, keyof IntrinsicElements>'.
app/lib/controllers/utils/checkPermission.test.ts(37,28): error TS2339: Property 'checkPermission' does not exist on type 'ElementType<any, keyof IntrinsicElements>'.
  Property 'checkPermission' does not exist on type '"symbol"'.
app/lib/controllers/utils/checkPermission.test.ts(45,28): error TS2339: Property 'checkPermission' does not exist on type 'ElementType<any, keyof IntrinsicElements>'.
  Property 'checkPermission' does not exist on type '"symbol"'.
app/lib/controllers/utils/checkPermission.test.ts(52,47): error TS2339: Property 'checkPermission' does not exist on type 'ElementType<any, keyof IntrinsicElements>'.
  Property 'checkPermission' does not exist on type '"symbol"'.
app/lib/controllers/utils/checkPermission.test.ts(61,28): error TS2339: Property 'checkPermission' does not exist on type 'ElementType<any, keyof IntrinsicElements>'.
  Property 'checkPermission' does not exist on type '"symbol"'.
app/lib/controllers/utils/checkPermission.test.ts(68,47): error TS2339: Property 'checkPermission' does not exist on type 'ElementType<any, keyof IntrinsicElements>'.
  Property 'checkPermission' does not exist on type '"symbol"'.
app/lib/controllers/utils/checkPermission.test.ts(73,66): error TS2322: Type 'Promise<{ id: string; companyId: string; role: { name: string; }; }>' is not assignable to type 'undefined'.
app/lib/controllers/utils/checkPermission.test.ts(79,47): error TS2339: Property 'checkPermission' does not exist on type 'ElementType<any, keyof IntrinsicElements>'.
  Property 'checkPermission' does not exist on type '"symbol"'.
app/lib/controllers/utils/vehicleUtils.test.ts(19,64): error TS2353: Object literal may only specify known properties, and 'id' does not exist in type '{ type: string; expiryDate: Date | null; }'.
app/lib/controllers/utils/vehicleUtils.test.ts(40,31): error TS2353: Object literal may only specify known properties, and 'title' does not exist in type '{ id: string; }'.
app/lib/controllers/utils/vehicleUtils.test.ts(43,11): error TS2353: Object literal may only specify known properties, and 'id' does not exist in type '{ type: string; date: Date; status: string | null; }'.
app/lib/controllers/utils/vehicleUtils.test.ts(67,7): error TS2353: Object literal may only specify known properties, and 'brand' does not exist in type 'VehicleDashboardProps'.
app/lib/controllers/vehicle.test.ts(98,5): error TS2322: Type 'typeof import("C:/Users/emrec/Desktop/PROJE/logitrackv2/app/lib/controllers/vehicle")' is not assignable to type 'ElementType<any, keyof IntrinsicElements>'.
app/lib/controllers/vehicle.test.ts(124,68): error TS2322: Type 'Promise<null>' is not assignable to type 'undefined'.
app/lib/controllers/vehicle.test.ts(125,53): error TS2345: Argument of type '(args: unknown) => Promise<any>' is not assignable to parameter of type '(...args: any[]) => undefined'.
  Type 'Promise<any>' is not assignable to type 'undefined'.
app/lib/controllers/vehicle.test.ts(127,12): error TS18046: 'args' is of type 'unknown'.
app/lib/controllers/vehicle.test.ts(138,46): error TS2339: Property 'createVehicle' does not exist on type 'ElementType<any, keyof IntrinsicElements>'.
  Property 'createVehicle' does not exist on type '"symbol"'.
app/lib/controllers/vehicle.test.ts(153,68): error TS2322: Type 'Promise<{ id: string; plate: string; }>' is not assignable to type 'undefined'.
app/lib/controllers/vehicle.test.ts(167,27): error TS2339: Property 'createVehicle' does not exist on type 'ElementType<any, keyof IntrinsicElements>'.
  Property 'createVehicle' does not exist on type '"symbol"'.
app/lib/controllers/vehicle.test.ts(182,69): error TS2322: Type 'Promise<{ id: string; plate: string; companyId: string; }>' is not assignable to type 'undefined'.
app/lib/controllers/vehicle.test.ts(189,46): error TS2339: Property 'getVehicleById' does not exist on type 'ElementType<any, keyof IntrinsicElements>'.
  Property 'getVehicleById' does not exist on type '"symbol"'.
app/lib/controllers/vehicle.test.ts(199,69): error TS2322: Type 'Promise<null>' is not assignable to type 'undefined'.
app/lib/controllers/vehicle.test.ts(203,27): error TS2339: Property 'getVehicleById' does not exist on type 'ElementType<any, keyof IntrinsicElements>'.
  Property 'getVehicleById' does not exist on type '"symbol"'.
app/lib/controllers/vehicle.test.ts(209,69): error TS2322: Type 'Promise<{ id: string; plate: string; companyId: string; }>' is not assignable to type 'undefined'.
app/lib/controllers/vehicle.test.ts(217,27): error TS2339: Property 'getVehicleById' does not exist on type 'ElementType<any, keyof IntrinsicElements>'.
  Property 'getVehicleById' does not exist on type '"symbol"'.
app/lib/controllers/warehouse.test.ts(86,5): error TS2322: Type 'typeof import("C:/Users/emrec/Desktop/PROJE/logitrackv2/app/lib/controllers/warehouse")' is not assignable to type 'ElementType<any, keyof IntrinsicElements>'.
app/lib/controllers/warehouse.test.ts(109,71): error TS2322: Type 'Promise<null>' is not assignable to type 'undefined'.
app/lib/controllers/warehouse.test.ts(110,55): error TS2345: Argument of type '(args: unknown) => Promise<any>' is not assignable to parameter of type '(...args: any[]) => undefined'.
  Type 'Promise<any>' is not assignable to type 'undefined'.
app/lib/controllers/warehouse.test.ts(112,12): error TS18046: 'args' is of type 'unknown'.
app/lib/controllers/warehouse.test.ts(116,48): error TS2339: Property 'createWarehouse' does not exist on type 'ElementType<any, keyof IntrinsicElements>'.
  Property 'createWarehouse' does not exist on type '"symbol"'.
app/lib/controllers/warehouse.test.ts(138,71): error TS2322: Type 'Promise<{ id: string; code: string; }>' is not assignable to type 'undefined'.
app/lib/controllers/warehouse.test.ts(145,29): error TS2339: Property 'createWarehouse' does not exist on type 'ElementType<any, keyof IntrinsicElements>'.
  Property 'createWarehouse' does not exist on type '"symbol"'.
app/lib/controllers/warehouse.test.ts(173,69): error TS2322: Type 'Promise<{ id: string; name: string; }[]>' is not assignable to type 'undefined'.
app/lib/controllers/warehouse.test.ts(176,48): error TS2339: Property 'getWarehouses' does not exist on type 'ElementType<any, keyof IntrinsicElements>'.
  Property 'getWarehouses' does not exist on type '"symbol"'.
app/lib/controllers/warehouse.test.ts(192,29): error TS2339: Property 'getWarehouses' does not exist on type 'ElementType<any, keyof IntrinsicElements>'.
  Property 'getWarehouses' does not exist on type '"symbol"'.
app/lib/db.test.ts(27,26): error TS2571: Object is of type 'unknown'.
app/lib/firebase-admin.test.ts(45,65): error TS18046: 'error' is of type 'unknown'.
app/lib/firebase.test.ts(25,11): error TS2571: Object is of type 'unknown'.
app/lib/language/language.test.ts(20,3): error TS2322: Type '(lang: string) => Promise<Dictionary>' is not assignable to type 'ElementType<any, keyof IntrinsicElements>'.
  Type '(lang: string) => Promise<Dictionary>' is not assignable to type 'FunctionComponent<any>'.
    Type 'Promise<{ common: { logitrack: string; needHelp: string; logout: string; lastUpdated: string; refresh: string; refreshDashboard: string; loading: string; save: string; saving: string; uploading: string; ... 84 more ...; logoutWarning: string; }; ... 30 more ...; fuel: { ...; }; }>' is not assignable to type 'ReactNode | Promise<ReactNode>'.
      Type 'Promise<{ common: { logitrack: string; needHelp: string; logout: string; lastUpdated: string; refresh: string; refreshDashboard: string; loading: string; save: string; saving: string; uploading: string; ... 84 more ...; logoutWarning: string; }; ... 30 more ...; fuel: { ...; }; }>' is not assignable to type 'ReactElement<unknown, string | JSXElementConstructor<any>> | Iterable<ReactNode> | ReactPortal | Promise<...> | Promise<...>'.
        Type 'Promise<{ common: { logitrack: string; needHelp: string; logout: string; lastUpdated: string; refresh: string; refreshDashboard: string; loading: string; save: string; saving: string; uploading: string; ... 84 more ...; logoutWarning: string; }; ... 30 more ...; fuel: { ...; }; }>' is not assignable to type 'Promise<AwaitedReactNode>'.
          Type '{ common: { logitrack: string; needHelp: string; logout: string; lastUpdated: string; refresh: string; refreshDashboard: string; loading: string; save: string; saving: string; uploading: string; cancel: string; ... 83 more ...; logoutWarning: string; }; ... 30 more ...; fuel: { ...; }; }' is not assignable to type 'AwaitedReactNode'.
app/lib/language/language.test.ts(21,3): error TS2322: Type '(template: string, values: Record<string, string | number | boolean>) => string' is not assignable to type 'ElementType<any, keyof IntrinsicElements>'.
  Type '(template: string, values: Record<string, string | number | boolean>) => string' is not assignable to type 'FunctionComponent<any>'.
    Target signature provides too few arguments. Expected 2 or more, but got 1.
app/lib/language/language.test.ts(28,26): error TS2349: This expression is not callable.
  Not all constituents of type 'ElementType<any, keyof IntrinsicElements>' are callable.
    Type '"symbol"' has no call signatures.
app/lib/language/language.test.ts(34,26): error TS2349: This expression is not callable.
  Not all constituents of type 'ElementType<any, keyof IntrinsicElements>' are callable.
    Type '"symbol"' has no call signatures.
app/lib/language/language.test.ts(40,34): error TS2349: This expression is not callable.
  Not all constituents of type 'ElementType<any, keyof IntrinsicElements>' are callable.
    Type '"symbol"' has no call signatures.
app/lib/language/language.test.ts(41,28): error TS2349: This expression is not callable.
  Not all constituents of type 'ElementType<any, keyof IntrinsicElements>' are callable.
    Type '"symbol"' has no call signatures.
app/lib/language/language.test.ts(48,34): error TS2349: This expression is not callable.
  Not all constituents of type 'ElementType<any, keyof IntrinsicElements>' are callable.
    Type '"symbol"' has no call signatures.
app/lib/language/language.test.ts(49,28): error TS2349: This expression is not callable.
  Not all constituents of type 'ElementType<any, keyof IntrinsicElements>' are callable.
    Type '"symbol"' has no call signatures.
app/lib/language/language.test.ts(55,34): error TS2349: This expression is not callable.
  Not all constituents of type 'ElementType<any, keyof IntrinsicElements>' are callable.
    Type '"symbol"' has no call signatures.
app/lib/language/language.test.ts(56,28): error TS2349: This expression is not callable.
  Not all constituents of type 'ElementType<any, keyof IntrinsicElements>' are callable.
    Type '"symbol"' has no call signatures.
app/lib/language/language.test.ts(62,26): error TS2349: This expression is not callable.
  Not all constituents of type 'ElementType<any, keyof IntrinsicElements>' are callable.
    Type '"symbol"' has no call signatures.
app/lib/language/language.test.ts(70,28): error TS2349: This expression is not callable.
  Not all constituents of type 'ElementType<any, keyof IntrinsicElements>' are callable.
    Type '"symbol"' has no call signatures.
app/lib/language/language.test.ts(71,28): error TS2349: This expression is not callable.
  Not all constituents of type 'ElementType<any, keyof IntrinsicElements>' are callable.
    Type '"symbol"' has no call signatures.
app/lib/language/language.test.ts(80,26): error TS2349: This expression is not callable.
  Not all constituents of type 'ElementType<any, keyof IntrinsicElements>' are callable.
    Type '"symbol"' has no call signatures.
app/lib/language/language.test.ts(86,28): error TS2349: This expression is not callable.
  Not all constituents of type 'ElementType<any, keyof IntrinsicElements>' are callable.
    Type '"symbol"' has no call signatures.
app/lib/language/language.test.ts(87,28): error TS2349: This expression is not callable.
  Not all constituents of type 'ElementType<any, keyof IntrinsicElements>' are callable.
    Type '"symbol"' has no call signatures.
app/lib/language/language.test.ts(101,22): error TS2349: This expression is not callable.
  Not all constituents of type 'ElementType<any, keyof IntrinsicElements>' are callable.
    Type '"symbol"' has no call signatures.
app/lib/language/language.test.ts(106,22): error TS2349: This expression is not callable.
  Not all constituents of type 'ElementType<any, keyof IntrinsicElements>' are callable.
    Type '"symbol"' has no call signatures.
app/lib/language/language.test.ts(114,22): error TS2349: This expression is not callable.
  Not all constituents of type 'ElementType<any, keyof IntrinsicElements>' are callable.
    Type '"symbol"' has no call signatures.
app/lib/language/language.test.ts(119,22): error TS2349: This expression is not callable.
  Not all constituents of type 'ElementType<any, keyof IntrinsicElements>' are callable.
    Type '"symbol"' has no call signatures.
app/lib/language/language.test.ts(124,22): error TS2349: This expression is not callable.
  Not all constituents of type 'ElementType<any, keyof IntrinsicElements>' are callable.
    Type '"symbol"' has no call signatures.
app/lib/language/language.test.ts(129,22): error TS2349: This expression is not callable.
  Not all constituents of type 'ElementType<any, keyof IntrinsicElements>' are callable.
    Type '"symbol"' has no call signatures.
app/lib/language/language.test.ts(134,22): error TS2349: This expression is not callable.
  Not all constituents of type 'ElementType<any, keyof IntrinsicElements>' are callable.
    Type '"symbol"' has no call signatures.
app/lib/language/language.test.ts(139,22): error TS2349: This expression is not callable.
  Not all constituents of type 'ElementType<any, keyof IntrinsicElements>' are callable.
    Type '"symbol"' has no call signatures.
app/lib/language/language.test.ts(145,22): error TS2349: This expression is not callable.
  Not all constituents of type 'ElementType<any, keyof IntrinsicElements>' are callable.
    Type '"symbol"' has no call signatures.
app/lib/language/language.test.ts(152,22): error TS2349: This expression is not callable.
  Not all constituents of type 'ElementType<any, keyof IntrinsicElements>' are callable.
    Type '"symbol"' has no call signatures.
app/lib/language/language.test.ts(157,22): error TS2349: This expression is not callable.
  Not all constituents of type 'ElementType<any, keyof IntrinsicElements>' are callable.
    Type '"symbol"' has no call signatures.
app/lib/language/language.test.ts(163,22): error TS2349: This expression is not callable.
  Not all constituents of type 'ElementType<any, keyof IntrinsicElements>' are callable.
    Type '"symbol"' has no call signatures.
app/lib/services/exchangeRate.test.ts(85,5): error TS2571: Object is of type 'unknown'.
app/lib/services/exchangeRate.test.ts(88,5): error TS2322: Type '() => Promise<ExchangeRates>' is not assignable to type 'ElementType<any, keyof IntrinsicElements>'.
  Type '() => Promise<ExchangeRates>' is not assignable to type 'FunctionComponent<any>'.
    Type 'Promise<ExchangeRates>' is not assignable to type 'ReactNode | Promise<ReactNode>'.
      Type 'Promise<ExchangeRates>' is not assignable to type 'ReactElement<unknown, string | JSXElementConstructor<any>> | Iterable<ReactNode> | ReactPortal | Promise<...> | Promise<...>'.
        Type 'Promise<ExchangeRates>' is not assignable to type 'Promise<AwaitedReactNode>'.
          Type 'ExchangeRates' is not assignable to type 'AwaitedReactNode'.
app/lib/services/exchangeRate.test.ts(90,5): error TS2322: Type '(usdAmount: number, targetCurrency: SupportedCurrency) => Promise<number>' is not assignable to type 'ElementType<any, keyof IntrinsicElements>'.
  Type '(usdAmount: number, targetCurrency: SupportedCurrency) => Promise<number>' is not assignable to type 'FunctionComponent<any>'.
    Target signature provides too few arguments. Expected 2 or more, but got 1.
app/lib/services/exchangeRate.test.ts(91,5): error TS2322: Type '(amount: number, fromCurrency: string, toCurrency: string) => Promise<number>' is not assignable to type 'ElementType<any, keyof IntrinsicElements>'.
  Type '(amount: number, fromCurrency: string, toCurrency: string) => Promise<number>' is not assignable to type 'FunctionComponent<any>'.
    Target signature provides too few arguments. Expected 3 or more, but got 1.
app/lib/services/exchangeRate.test.ts(92,5): error TS2322: Type '() => Promise<ExchangeRates>' is not assignable to type 'ElementType<any, keyof IntrinsicElements>'.
  Type '() => Promise<ExchangeRates>' is not assignable to type 'FunctionComponent<any>'.
    Type 'Promise<ExchangeRates>' is not assignable to type 'ReactNode | Promise<ReactNode>'.
      Type 'Promise<ExchangeRates>' is not assignable to type 'ReactElement<unknown, string | JSXElementConstructor<any>> | Iterable<ReactNode> | ReactPortal | Promise<...> | Promise<...>'.
        Type 'Promise<ExchangeRates>' is not assignable to type 'Promise<AwaitedReactNode>'.
          Type 'ExchangeRates' is not assignable to type 'AwaitedReactNode'.
app/lib/services/exchangeRate.test.ts(110,28): error TS2349: This expression is not callable.
  Not all constituents of type 'ElementType<any, keyof IntrinsicElements>' are callable.
    Type '"symbol"' has no call signatures.
app/lib/services/exchangeRate.test.ts(124,28): error TS2349: This expression is not callable.
  Not all constituents of type 'ElementType<any, keyof IntrinsicElements>' are callable.
    Type '"symbol"' has no call signatures.
app/lib/services/exchangeRate.test.ts(141,28): error TS2349: This expression is not callable.
  Not all constituents of type 'ElementType<any, keyof IntrinsicElements>' are callable.
    Type '"symbol"' has no call signatures.
app/lib/services/exchangeRate.test.ts(157,13): error TS2349: This expression is not callable.
  Not all constituents of type 'ElementType<any, keyof IntrinsicElements>' are callable.
    Type '"symbol"' has no call signatures.
app/lib/services/exchangeRate.test.ts(170,20): error TS2349: This expression is not callable.
  Not all constituents of type 'ElementType<any, keyof IntrinsicElements>' are callable.
    Type '"symbol"' has no call signatures.
app/lib/services/exchangeRate.test.ts(180,20): error TS2349: This expression is not callable.
  Not all constituents of type 'ElementType<any, keyof IntrinsicElements>' are callable.
    Type '"symbol"' has no call signatures.
app/lib/services/exchangeRate.test.ts(192,28): error TS2349: This expression is not callable.
  Not all constituents of type 'ElementType<any, keyof IntrinsicElements>' are callable.
    Type '"symbol"' has no call signatures.
app/lib/services/exchangeRate.test.ts(211,28): error TS2349: This expression is not callable.
  Not all constituents of type 'ElementType<any, keyof IntrinsicElements>' are callable.
    Type '"symbol"' has no call signatures.
app/lib/services/exchangeRate.test.ts(229,28): error TS2349: This expression is not callable.
  Not all constituents of type 'ElementType<any, keyof IntrinsicElements>' are callable.
    Type '"symbol"' has no call signatures.
app/lib/services/exchangeRate.test.ts(240,28): error TS2349: This expression is not callable.
  Not all constituents of type 'ElementType<any, keyof IntrinsicElements>' are callable.
    Type '"symbol"' has no call signatures.
app/lib/services/exchangeRate.test.ts(249,28): error TS2349: This expression is not callable.
  Not all constituents of type 'ElementType<any, keyof IntrinsicElements>' are callable.
    Type '"symbol"' has no call signatures.
app/lib/services/exchangeRate.test.ts(256,28): error TS2349: This expression is not callable.
  Not all constituents of type 'ElementType<any, keyof IntrinsicElements>' are callable.
    Type '"symbol"' has no call signatures.
app/lib/services/exchangeRate.test.ts(263,28): error TS2349: This expression is not callable.
  Not all constituents of type 'ElementType<any, keyof IntrinsicElements>' are callable.
    Type '"symbol"' has no call signatures.
app/lib/services/exchangeRate.test.ts(277,28): error TS2349: This expression is not callable.
  Not all constituents of type 'ElementType<any, keyof IntrinsicElements>' are callable.
    Type '"symbol"' has no call signatures.
app/lib/services/exchangeRate.test.ts(287,28): error TS2349: This expression is not callable.
  Not all constituents of type 'ElementType<any, keyof IntrinsicElements>' are callable.
    Type '"symbol"' has no call signatures.
app/lib/services/exchangeRate.test.ts(297,28): error TS2349: This expression is not callable.
  Not all constituents of type 'ElementType<any, keyof IntrinsicElements>' are callable.
    Type '"symbol"' has no call signatures.
app/lib/services/exchangeRate.test.ts(305,28): error TS2349: This expression is not callable.
  Not all constituents of type 'ElementType<any, keyof IntrinsicElements>' are callable.
    Type '"symbol"' has no call signatures.
app/lib/services/exchangeRate.test.ts(312,28): error TS2349: This expression is not callable.
  Not all constituents of type 'ElementType<any, keyof IntrinsicElements>' are callable.
    Type '"symbol"' has no call signatures.
app/lib/services/exchangeRate.test.ts(320,28): error TS2349: This expression is not callable.
  Not all constituents of type 'ElementType<any, keyof IntrinsicElements>' are callable.
    Type '"symbol"' has no call signatures.
app/lib/services/exchangeRate.test.ts(331,28): error TS2349: This expression is not callable.
  Not all constituents of type 'ElementType<any, keyof IntrinsicElements>' are callable.
    Type '"symbol"' has no call signatures.
app/lib/services/exchangeRate.test.ts(339,28): error TS2349: This expression is not callable.
  Not all constituents of type 'ElementType<any, keyof IntrinsicElements>' are callable.
    Type '"symbol"' has no call signatures.
app/lib/services/exchangeRate.test.ts(348,28): error TS2349: This expression is not callable.
  Not all constituents of type 'ElementType<any, keyof IntrinsicElements>' are callable.
    Type '"symbol"' has no call signatures.
app/lib/services/exchangeRate.test.ts(356,28): error TS2349: This expression is not callable.
  Not all constituents of type 'ElementType<any, keyof IntrinsicElements>' are callable.
    Type '"symbol"' has no call signatures.
app/lib/services/exchangeRate.test.ts(367,13): error TS2349: This expression is not callable.
  Not all constituents of type 'ElementType<any, keyof IntrinsicElements>' are callable.
    Type '"symbol"' has no call signatures.
app/lib/services/exchangeRate.test.ts(377,28): error TS2349: This expression is not callable.
  Not all constituents of type 'ElementType<any, keyof IntrinsicElements>' are callable.
    Type '"symbol"' has no call signatures.
app/lib/services/exchangeRate.test.ts(390,28): error TS2349: This expression is not callable.
  Not all constituents of type 'ElementType<any, keyof IntrinsicElements>' are callable.
    Type '"symbol"' has no call signatures.
app/lib/utils/fileUtils.test.ts(12,3): error TS2571: Object is of type 'unknown'.
app/lib/utils/fileUtils.test.ts(32,10): error TS2571: Object is of type 'unknown'.
app/lib/utils/fileUtils.test.ts(60,24): error TS2571: Object is of type 'unknown'.
app/lib/utils/fileUtils.test.ts(61,7): error TS2571: Object is of type 'unknown'.
app/lib/utils/fileUtils.test.ts(76,7): error TS2571: Object is of type 'unknown'.
app/manifest.test.ts(13,20): error TS18046: 'manifest' is of type 'unknown'.
app/robots.test.ts(13,20): error TS18046: 'robots' is of type 'unknown'.
app/sitemap.test.ts(20,20): error TS18046: 'sitemap' is of type 'unknown'.
app/sitemap.test.ts(25,51): error TS18046: 'r' is of type 'unknown'.
