.next/types/validator.ts(78,39): error TS2307: Cannot find module '../../app/(pages)/(dashboard)/fuel/page.js' or its corresponding type declarations.
.next/types/validator.ts(96,39): error TS2307: Cannot find module '../../app/(pages)/(dashboard)/onboarding/page.js' or its corresponding type declarations.
app/(pages)/(dashboard)/layout.tsx(17,51): error TS2339: Property 'dashboardBg' does not exist on type 'TypeBackground'.
app/components/sidebar/index.tsx(40,54): error TS2339: Property 'icon' does not exist on type 'Palette'.
app/components/sidebar/index.tsx(48,54): error TS2339: Property 'icon' does not exist on type 'Palette'.
app/components/sidebar/index.tsx(57,54): error TS2339: Property 'icon' does not exist on type 'Palette'.
app/components/sidebar/index.tsx(66,54): error TS2339: Property 'icon' does not exist on type 'Palette'.
app/components/sidebar/index.tsx(75,54): error TS2339: Property 'icon' does not exist on type 'Palette'.
app/components/sidebar/index.tsx(90,51): error TS2339: Property 'sidebar' does not exist on type 'TypeBackground'.
app/components/sidebar/index.tsx(137,42): error TS2339: Property 'icon' does not exist on type 'Palette'.
app/components/sidebar/index.tsx(166,42): error TS2339: Property 'icon' does not exist on type 'Palette'.
app/lib/controllers/shipments.ts(100,11): error TS2353: Object literal may only specify known properties, and 'priority' does not exist in type 'Without<ShipmentCreateInput, ShipmentUncheckedCreateInput> & ShipmentUncheckedCreateInput'.
app/lib/theme/theme.ts(17,9): error TS2353: Object literal may only specify known properties, and 'mobile' does not exist in type '{ xs: number; sm: number; md: number; lg: number; xl: number; }'.
